12-22 18:57:22.814  4767  4767 D KeyguardViewMediator: keyguardGone
12-22 18:57:22.814  4767  4767 I SystemUi--Keyguard: OplusPowerBlockController-->updatePowerBlock mFpAuthInScreenOff:false, mScreenTurnedOff:false, dreaming=false, fpUnlockingInScreenOff:false, screenFinishedSleep:false, screenRealSleep:false, mInOccluding:false, hasResumeActivity:true, isKeyguardGoingAway:true, reason:keyguardGone
12-22 18:57:22.814  4767  4767 I SystemUi--Keyguard: KeyguardVFXController-->startVFX showVFX: false withAnim: true STATE_ANIM_HIDE
12-22 18:57:22.814  4767  4767 I SystemUi--Notification: OplusNotificationShadeWindowControllerExImpl-->SHADE_FOCUSABLE-->mNotificationShadeFocusable= false, mPanelExpanded= false, mBouncerShowing= false, mKeyguardShowing= false, mKeyguardOccluded= false, mKeyguardNeedsInput= false, ENABLE_REMOTE_INPUT= true, mRemoteInputActive= false, glanceableHubShowing= false, keyguardIsAboutToOccluded= false, layoutFlags= -2130444216
12-22 18:57:22.814  4767  4767 I SystemUi--Notification: OplusNotificationShadeWindowControllerExImpl-->isExpanded: isPowerBlock=false ,isErrorFpTouchWhenScreenOff=false ,qsPanelVisible=false, isAodMaskShow=false
12-22 18:57:22.814  4767  4767 I SystemUi--Notification: OplusNotificationShadeWindowControllerExImpl-->SHADE_VISIBLE-->mKeyguardShowing= false, mKeyguardOccluded= false, mPanelVisible= false, mKeyguardFadingAway= false, mKeyguardGoingAway= false, mBouncerShowing= false, mScrimsVisibility= 0, mBackgroundBlurRadius= 0, mForcePluginOpen= false, mediaBackdropShowing= false, viewVisibility= false, qsBlurFraction= 0.0, panelBlurFraction= 0.0
12-22 18:57:22.814  4767  4767 I SystemUi--Notification: OplusNotificationShadeWindowControllerExImpl-->isExpanded: isPowerBlock=false ,isErrorFpTouchWhenScreenOff=false ,qsPanelVisible=false, isAodMaskShow=false
12-22 18:57:22.814  4767  4767 I SystemUi--Notification: OplusNotificationShadeWindowControllerExImpl-->isExpanded: isPowerBlock=false ,isErrorFpTouchWhenScreenOff=false ,qsPanelVisible=false, isAodMaskShow=false
12-22 18:57:22.814  4767  4767 I OplusNotificationShadeWindowControllerExImpl: mPowerBlock: block=false shouldRealBlock=false
12-22 18:57:22.814  4767  4767 I SystemUi--Aod: SmoothTransitionController-->onPowerBlockCallback, powerBlock=false, reason=keyguardGone
12-22 18:57:22.814  4767  4767 I SystemUi--Aod: SmoothTransitionController-->notifyPowerUnblockUiStateOfSmoothTransition:UNLOCK, reason:keyguardGone
12-22 18:57:22.814  4767  4767 I SystemUi--Aod: SmoothTransitionController-->updateCurrentUiState, same ui state ignore, UNLOCK:UNLOCK
12-22 18:57:22.814  4767  4767 I SystemUi--Aod: SmoothTransitionController-->onkeyguardGone
12-22 18:57:22.814  4767  4767 I SystemUi--Aod: SmoothTransitionController-->updateCurrentUiState, same ui state ignore, UNLOCK:UNLOCK
12-22 18:57:22.814  3543  5261 D SensorService: SensorDevice::activate: ident=0xb400007551fc2400, handle=0x0000000b, enabled=0, count=2
12-22 18:57:22.814  3543  5261 D SensorService: disable index=1
12-22 18:57:22.814  3543  5261 D SensorService: 	>>> actuating h/w batch 0x0000000b 200000000 2000000000
12-22 18:57:22.814  2791  2957 D gaia:event_server: [handleEvent:34]parse event from rawMsg: {"eventId":269496331,"packetId":"1339","type":0}
12-22 18:57:22.814  4767  4767 D KeyguardViewMediator: onKeyguardExitFinished()
12-22 18:57:22.814  4767  4767 I SystemUi--Keyguard: OplusKeyguardViewMediator-->try updateActivityLockScreenState(false, false) pending=false shadingIn=false reason=onKeyguardExitFinished: remote animation disabled
12-22 18:57:22.814  4767  4767 I SystemUi--Keyguard: KeyguardViewMediator-->notifyDefaultDisplayCallbacks showing:false, getCurrentUser():0
12-22 18:57:22.814  2791  2957 D gaia:event_source: [publishEvent:38]EventSource PublishpipelineEvent 0x1010300b
12-22 18:57:22.814  2791  2915 D gaia:thread_pool: [operator():62]threadPool(CommonEventSource) worker do one work
12-22 18:57:22.814  2791  2915 D gaia:LogWorkManager: [canProcessEvent:97]plugin(LogWorkManager) canProcessEvent call, eventId: 0x1010300b, getDataIn:
12-22 18:57:22.814  3543  3674 I WindowStateExtImpl: onSurfaceShowChange show = true mPackageName = com.google.android.googlequicksearchbox parentPkgName = com.android.launcher
12-22 18:57:22.814  2791  2915 D gaia:plugin: [processEvent:37]plugin(LogWorkManager) schedule event on it's event looper
12-22 18:57:22.814  3543  3674 D CoreBackPreview:  return markWindowHasDrawn mComposed: false  mWaitTransition: false
12-22 18:57:22.814  4767  4767 D DismissCallbackRegistry: notifyDismissSucceeded(0)
12-22 18:57:22.814  4767  4982 I SystemUi--Keyguard: OplusKeyguardViewMediator-->updateActivityLockScreenState(false, false),reason:onKeyguardExitFinished: remote animation disabled
12-22 18:57:22.814  3543  3543 E OplusCustomizeRestrictionManagerService: isBiometricDisabled start
12-22 18:57:22.814  4767  4767 D KeyguardViewMediator: adjustStatusBarLocked: mShowing=false mOccluded=false isSecure=true force=false mPowerGestureIntercepted=false --> flags=0x0
12-22 18:57:22.814  3543  3543 D BiometricService: Sensor ID(4), oemStrength: 4095, updatedStrength: 4095, modality 8, state: 0, cookie: 0, sensorId 4, hasEnrollments: true cannot participate in Keystore operations
12-22 18:57:22.814  3543  3543 D LockPatternUtils: isBiometricAllowedForUser allowed:true isStrongBiometric:false userId:0
12-22 18:57:22.814  4767  4893 V SystemSensorManagerExtImpl: unRegisterListener by com.oplus.systemui.preventmode.ProximitySensorEventListener@c3bb850
12-22 18:57:22.814  3543  5658 I StatusBarManagerService: disableLocked, what:0, pkg:com.android.systemui userId: 0 token:android.os.BinderProxy@be0a780 net1:0 net2:0
12-22 18:57:22.814  1974  1974 I sensors-hal: batch:163, android.sensor.accelerometer/11, period=200000000, max_latency=2000000000
12-22 18:57:22.814  3543  3543 E OplusCustomizeRestrictionManagerService: isBiometricDisabled start
12-22 18:57:22.814  1974  1974 I sensors-hal: send_sensor_config_request:500, resampler is used, set resampler config
12-22 18:57:22.814  1974  1974 I sensors-hal: send_sync_sensor_request:443, send sync request
12-22 18:57:22.814  3543  3543 E OplusCustomizeRestrictionManagerService: isBiometricDisabled start
12-22 18:57:22.814  4767  4767 I SystemUi--Keyguard: KeyguardUpdateMonitor-->updateUserUnLockState - userId=0,userIsUnlocked=true
12-22 18:57:22.814  1974  1974 I sensors-hal: send_sync_sensor_request:472, wait for notification of response
12-22 18:57:22.814  4767  4767 I SystemUi--Keyguard: KeyguardRapidUnlockUtils-->composeKeyguard show=false, reason=onKeyguardExitFinished
12-22 18:57:22.814  4767  4767 I SystemUi--Keyguard: KeyguardVerifyManager-->handleKeyguardDone()
12-22 18:57:22.814  2278  2278 I [VFXEffect]: SurfaceControlViewHost#169 type[2.000000] id[0.000000] action[1.000000] status[1.000000] params[0.000000]
12-22 18:57:22.814  2278  2278 D OplusLayerSnapshotBuilder: setVFXAnimation, snapshot Type[0x0], Progress[0.000000], Center[0.000000x0.000000], StartRadius[0.000000], EndRadius[0.000000]
12-22 18:57:22.814  2791  2941 D gaia:LogWorkManager: [onEvent:82]plugin(LogWorkManager) onEvent call, eventId: 0x1010300b, getDataIn:
12-22 18:57:22.814  3543  3673 D WindowManager: NFW_findFocusedWindowIfNeeded:Window{9f92346 u0 NotificationShade} mCurrentFocus:Window{9f92346 u0 NotificationShade}
12-22 18:57:22.815  4767  4767 D KeyguardViewMediator: KeyguardViewMediator queue processing message: START_KEYGUARD_EXIT_ANIM
12-22 18:57:22.815  2278  2278 D OplusLayerSnapshotBuilder: setVFXAnimation, snapshot Type[0x0], Progress[0.000000], Center[0.000000x0.000000], StartRadius[0.000000], EndRadius[0.000000]
12-22 18:57:22.815  3543  4576 D ActivityTaskManager: setLockScreenShownLocked from true to false
12-22 18:57:22.815  3543  4576 D DeviceStateProviderImpl: keyguard show or sleep: false mLastReportedState 0
12-22 18:57:22.815  4767  4767 I SystemUi--Notification: OplusNotificationShadeWindowControllerExImpl-->SHADE_FOCUSABLE-->mNotificationShadeFocusable= false, mPanelExpanded= false, mBouncerShowing= false, mKeyguardShowing= false, mKeyguardOccluded= false, mKeyguardNeedsInput= false, ENABLE_REMOTE_INPUT= true, mRemoteInputActive= false, glanceableHubShowing= false, keyguardIsAboutToOccluded= false, layoutFlags= -2130444216
12-22 18:57:22.815  4767  4767 I SystemUi--Notification: OplusNotificationShadeWindowControllerExImpl-->isExpanded: isPowerBlock=false ,isErrorFpTouchWhenScreenOff=false ,qsPanelVisible=false, isAodMaskShow=false
12-22 18:57:22.815  4767  4767 I SystemUi--Notification: OplusNotificationShadeWindowControllerExImpl-->SHADE_VISIBLE-->mKeyguardShowing= false, mKeyguardOccluded= false, mPanelVisible= false, mKeyguardFadingAway= false, mKeyguardGoingAway= false, mBouncerShowing= false, mScrimsVisibility= 0, mBackgroundBlurRadius= 0, mForcePluginOpen= false, mediaBackdropShowing= false, viewVisibility= false, qsBlurFraction= 0.0, panelBlurFraction= 0.0
12-22 18:57:22.815  4767  4767 I SystemUi--Notification: OplusNotificationShadeWindowControllerExImpl-->isExpanded: isPowerBlock=false ,isErrorFpTouchWhenScreenOff=false ,qsPanelVisible=false, isAodMaskShow=false
12-22 18:57:22.815  4767  4767 I SystemUi--Notification: OplusNotificationShadeWindowControllerExImpl-->isExpanded: isPowerBlock=false ,isErrorFpTouchWhenScreenOff=false ,qsPanelVisible=false, isAodMaskShow=false
12-22 18:57:22.815  4767  4767 D LauncherProxyService: Notifying sysui state change to launcher service: proxy=com.android.systemui.shared.recents.ILauncherProxy$Stub$Proxy@f40ecb1 display=0 flags=overview_disabled|awake
12-22 18:57:22.815  2043  2141 E PERFHAL-RESOURCEQS: PERFHAL-RESOURCEQS: AddAndApply() 130: Resource with major=18, minor=0 not supported
12-22 18:57:22.815  1974   383 I sensors-hal: qsh_conn_resp_cb:793, resp_value = 0 for accel 
12-22 18:57:22.815  2043  2141 E PERFHAL-OPTSHANDLER: PERFHAL-OPTSHANDLER: unsupported() 908: Error: This resource is not supported
12-22 18:57:22.815  3543  4576 D OplusVisibleTasks:  notifyTasksNumChange no need to notify.
12-22 18:57:22.815  3543  4576 V FlexibleTaskController: notifyKeyguardStateChanged keyguardShowing = false ; displayId = 0
12-22 18:57:22.815  1974  1974 I sensors-hal: send_sync_sensor_request:478, takes 0 ms to receive the response with 0
12-22 18:57:22.815  1974  1974 I sensors-hal: batch:185, android.sensor.accelerometer/11, period=200000000, max_latency=2000000000 request completed
12-22 18:57:22.815  3543  9178 D OplusCustomizeRestrictionManagerService: isSuperPowerSavingModeDisabled Pid: 6742, Uid: 1000
12-22 18:57:22.815  3543  5261 D SensorService: activateHardware = 0
12-22 18:57:22.815  4767  5885 I TileStateController: onKeyguardLockedStateChanged: isKeyguardLocked=false
12-22 18:57:22.815  2043  2141 E PERFHAL-RESOURCEQS: PERFHAL-RESOURCEQS: RemoveAndApply() 299: Failed to reset optimization here [18, 0]
12-22 18:57:22.815  3543  3673 V UsbDeviceManager: onKeyguardStateChanged: isShowing:false secure:true user:0
12-22 18:57:22.815  2043  2141 I [UAH_CLIENT]: UahRelease, handle:23600
12-22 18:57:22.815  2043  2141 I [UAH_CLIENT]: UahPlatformResAcquire
12-22 18:57:22.815  2043  2141 I [UAH_CLIENT]: UahEventAcquire, cmdid:-3, pkg:1984 3536, identity:qcom-perfd
12-22 18:57:22.815  4767  4767 I SystemUi--Keyguard: KeyguardEngineContainer-->keyguardStateFlow: statusBarState=SHADE, isKeyguardStable=true
12-22 18:57:22.815  4767  4767 I SystemUi--Keyguard: KeyguardEngineContainer-->keyguardStateFlow.collect: mStatusBarState=0
12-22 18:57:22.815  1984  3536 D AGM: graph: graph_open: 615 entry
12-22 18:57:22.815  1984  3536 D AGM: metadata: metadata_print: 79 *************************Metadata*************************
12-22 18:57:22.815  1984  3536 D AGM: metadata: metadata_print: 80 GKV size:1
12-22 18:57:22.815  1984  3536 D AGM: metadata: metadata_print: 83 key:0xa3000000, value:0xa3000009 
12-22 18:57:22.815  1984  3536 D AGM: metadata: metadata_print: 89 CKV count:0
12-22 18:57:22.815  1984  3536 D AGM: metadata: metadata_print: 102 Property ID:134217744
12-22 18:57:22.815  1984  3536 D AGM: metadata: metadata_print: 103 property count:1
12-22 18:57:22.815  2043  2141 E PERFHAL-RESOURCEQS: PERFHAL-RESOURCEQS: AddAndApply() 130: Resource with major=18, minor=0 not supported
12-22 18:57:22.815  1984  3536 D AGM: metadata: metadata_print: 106 Property Values: 
12-22 18:57:22.815  1984  3536 D AGM: metadata: metadata_print: 108 0x2 
12-22 18:57:22.815  1984  3536 D AGM: metadata: metadata_print: 115 ****************Metadata Done***************************
12-22 18:57:22.815  1984  3536 D AGM: graph: graph_open: 766 miid 4026 mid 700100b tag c0000005
12-22 18:57:22.815  2791  2939 D gaia:LLC: [onEvent:34]plugin(LogLoadController) onEvent call, event type: 0, eventId: 0x1010300b
12-22 18:57:22.815  1984  3536 I GPR:    : __gpr_cmd_register_v2:931 GPR Register: Source Port is 8209 heap_index: 0
12-22 18:57:22.815  1984  3536 I gsl     : gsl_send_spf_cmd:220 sending pkt opcode 0x1001000 token 0x0222c000
12-22 18:57:22.816  3543  4576 D SensorService: 15 active sensors
12-22 18:57:22.816  8102  8496 D EDGE_TOUCH_SERVICE: onKeyguardLockedStateChanged: isKeyguardLocked = false
12-22 18:57:22.816  8102  8496 D EFFECT_TOUCH_SERVICE: onKeyguardLockedStateChanged: isKeyguardLocked = false
12-22 18:57:22.816  3543  3543 I TrustManagerService: User is unlockable by non-strong face auth
12-22 18:57:22.816  4767  4767 I SystemUi--Keyguard: KeyguardCapsuleContentView-->remove showNotificationCapsuleContent
12-22 18:57:22.816  4767  4767 I SystemUi--Notification: LockScreenNotificationDispatcherImp-->updateNotificationListOnKg resultCode: 0
12-22 18:57:22.816  4767  4767 I PluginSeedling--CapsuleCard: SystemBroadcastReceiver-->onReceiveInner Broadcast, action: android.intent.action.SCREEN_ON
12-22 18:57:22.816  3543  4576 D SensorService: ~SensorEventConnection(0xb400007551fc2400)
12-22 18:57:22.816  4767  5584 I SystemUi--Aod: AodUpdateManager-->cancel hide alarm
12-22 18:57:22.816  4767  4767 I SystemUi--Notification: OplusPanoramicAodCoreStartable-->fractionAnimation onAnimationEnd, value=0.0
12-22 18:57:22.816  4767  4767 I SystemUi--Notification: PanelAnimationEx-->fractionAnimation onAnimationEnd, value=0.0 rawFraction=0.0 false
12-22 18:57:22.816  4767  4767 I SystemUi--Notification: PanelAnimationEx-->blurFactionAnimation onAnimationEnd, value=0.0 blurFraction=0.0 false
12-22 18:57:22.816  2791  2939 I gaia:LLC: [onEvent:54] gaia:LLC: allow log compress
12-22 18:57:22.816  2791  2939 I gaia:LLC: [scheduleAllDelayedTask:146] gaia:LLC: delayed event queue is empty
12-22 18:57:22.817  4767  4767 E LockScreenNotificationDispatcherImp: updateNotificationListOnKg size:0
12-22 18:57:22.817  2791  2915 D gaia:LogActionItem: [callback:29]callback eventId , 1010300b
12-22 18:57:22.817  2791  2915 D gaia:event: [packJson:129]pack json string(content:{"data":"","eventId":269496331,"isAck":1,"packetId":"1339","resultCode":1,"type":0}) (len:83)
12-22 18:57:22.817  2791  2915 D gaia:logcollect: [canProcessEvent:78]plugin(LogCollect) canProcessEvent call, eventId is 0x1010300b
12-22 18:57:22.817  9260  9792 D gaia-GaiaPacketReader: onReceive data length = 88
12-22 18:57:22.817  9260  9792 D gaia-GaiaPacketReader: onReceivePacket , split packet size = 1
12-22 18:57:22.817  3543  5261 D OplusCustomizeRestrictionManagerService: isSuperPowerSavingModeDisabled Pid: 6742, Uid: 1000
12-22 18:57:22.817  4767  5584 V SystemSensorManagerExtImpl: unRegisterListener by com.oplus.systemui.keyguard.gesture.OplusDoubleClickSleep$3@d97db7c
12-22 18:57:22.817  3543  5658 W SensorService: SensorEventConnection sensor handle=1662, package = com.oplus.systemui.keyguard.gesture.OplusDoubleClickSleep$3 disable
12-22 18:57:22.817  3543  5658 E OGuardManager:  mMainHandler is null.
12-22 18:57:22.817  3543  5658 D SensorService: 0xb400007551fc2c00 removeFd fd=1009
12-22 18:57:22.817  3543  5658 D SensorService: SensorDevice::activate: ident=0xb400007551fc2c00, handle=0x0000067e, enabled=0, count=1
12-22 18:57:22.817  3543  5658 D SensorService: disable index=0
12-22 18:57:22.817  3543  5658 D SensorService: activateHardware = 1
12-22 18:57:22.817  3543  5658 D SensorService: 	>>> actuating h/w activate handle=1662 enabled=0
12-22 18:57:22.817  1974  1974 I sensors-hal: activate:116, qti.sensor.gesture_prox/1662 en=0
12-22 18:57:22.817  1974  1974 I sensors-hal: send_sync_sensor_request:443, send sync request
12-22 18:57:22.817  5294  5294 E DPMJ    : |SERVICE| sendScreenState state  trueand int value 1
12-22 18:57:22.817  1974  1974 I sensors-hal: send_sync_sensor_request:472, wait for notification of response
12-22 18:57:22.818  9264  9264 D NfcService: MSG_APPLY_SCREEN_STATE 8
12-22 18:57:22.818   583  2295 D audioadsprpcd: vendor/qcom/proprietary/adsprpc/src/apps_std_imp.c:382: apps_std_fopen_fd done for /odm/lib/rfsa/adsp/adsp/./libtfadsp_sb5_5_tx.so with       fopen:21us, read:0us, rpc_alloc:0us,       mmap:0us fd 0x0 error_code 0x2
12-22 18:57:22.818  1342 11752 I keystore2: system/security/keystore2/src/authorization.rs:153 - on_device_locked(user_id=0, unlocking_sids=[-1361212556946003701], weak_unlock_enabled=true)
12-22 18:57:22.818  3543  8184 E OGuardManager:  mMainHandler is null.
12-22 18:57:22.818  9264  9264 D NfcService: applyRouting enter
12-22 18:57:22.818  3543  8184 E OGuardManager:  mMainHandler is null.
12-22 18:57:22.818  9260  9792 D gaia-GaiaPacketReader: onReceivePacket , packet data = {"eventId":269496331,"eventTag":"resume_log_compress","isAck":1,"packetId":"1339","packetType":2,"rcvMsgInfo":{"data":"","eventId":269496331,"isAck":1,"packetId":"1339","resultCode":1,"type":"0"},"sourceData":[71,65,73,65,123,34,100,97,116,97,34,58,34,34,44,34,101,118,101,110,116,73,100,34,58,50,54,57,52,57,54,51,51,49,44,34,105,115,65,99,107,34,58,49,44,34,112,97,99,107,101,116,73,100,34,58,34,49,51,51,57,34,44,34,114,101,115,117,108,116,67,111,100,101,34,58,49,44,34,116,121,112,101,34,58,48,125]}
12-22 18:57:22.818  9260  9792 D gaia-FutureGenerator: dispatchPacketResult packetId = 1339
12-22 18:57:22.818  9260  9792 D gaia-FutureGenerator: dispatchPacketResultByFuture
12-22 18:57:22.818  9260  9792 D gaia-FutureGenerator: clearRequestPacket packetId = 1339
12-22 18:57:22.818  9260  9792 D LogKit_LogPolicyManager: send gaia resume log compress:1, data:
12-22 18:57:22.819  9269  9269 W libc    : Access denied finding property "persist.sys.oplus.swordfish_zlib"
12-22 18:57:22.819  2172  2172 D vendor.oplus.hardware.wifi-aidl-service: the buf of executeDriverCommand is 0,255,255,255
12-22 18:57:22.819  2172  2172 D vendor.oplus.hardware.wifi-aidl-service: , remain_len is 4096
12-22 18:57:22.819  1313  1379 D DrmLibTime: Time dispatch starts
12-22 18:57:22.819  1313  1379 D DrmLibTime: command id, time_cmd_id = 770
12-22 18:57:22.819  1313  1379 D DrmLibTime: time_getutcsec starts!
12-22 18:57:22.819  1313  1379 D DrmLibTime: QSEE Time Listener: time_getutcsec
12-22 18:57:22.819  1313  1379 D DrmLibTime: QSEE Time Listener: get_utc_seconds
12-22 18:57:22.819  1313  1379 D DrmLibTime: QSEE Time Listener: time_get_modem_time
12-22 18:57:22.819  1313  1379 D DrmLibTime: QSEE Time Listener: Checking if ATS_MODEM is set or not.
12-22 18:57:22.819  1313  1379 D QC-time-services: Lib:time_genoff_operation: pargs->base = 13
12-22 18:57:22.819  1313  1379 D QC-time-services: Lib:time_genoff_operation: pargs->operation = 2
12-22 18:57:22.819  1313  1379 D QC-time-services: Lib:time_genoff_operation: pargs->ts_val = 0
12-22 18:57:22.819  1788  1822 D QC-time-services: Daemon: Connection accepted:time_genoff
12-22 18:57:22.819  3543  4546 D TrustManagerService: MSG_KEYGUARD_SHOWING_CHANGED enter
12-22 18:57:22.819  2952  2952 D ClockTag_AlarmClockApplication: onTrimMemory: 40
12-22 18:57:22.819  2952  2952 D ClockTag_AlarmClockApplication: onTrimMemory: 40
12-22 18:57:22.820  2952  2952 D ClockTag_ClockWidget.WidgetLauncherStateReceiver: onReceive action=com.android.launcher.action.LAUNCHER_VISIBLE
12-22 18:57:22.820 10468 10468 D SubsysBroadcastManager: onReceive action:android.intent.action.TIME_TICK
12-22 18:57:22.820  1342  9177 I keystore2: system/security/keystore2/src/authorization.rs:126 - on_device_unlocked(user_id=0, password.is_some()=false)
12-22 18:57:22.820  2239  3517 D AudioFlingerExtImpl: AudioFlingerExtImpl oplusSetParameters: keyvalue keyguard_locked_state=0
12-22 18:57:22.820  3543  3673 D OplusAccessControlManagerService: onKeyguardStateChanged : false
12-22 18:57:22.820  3543  5025 E OGuardManager:  mMainHandler is null.
12-22 18:57:22.820  2952  3003 D ClockTag_WidgetUtils: hasAlreadyAddedWorldClockWidget false
12-22 18:57:22.820  9264 10947 D NfcService: applyRouting enter
12-22 18:57:22.820  3543  9178 V WindowManager: Relayout Window{7fbd469 u0 NavigationBar_displayId_0}: viewVisibility=0, oldvis=0, req=1264x131 , apr = 0, vsysui=, x=0, y=0
12-22 18:57:22.820  3543  8184 E OGuardManager:  mMainHandler is null.
12-22 18:57:22.820  1974  9009 I sensors-hal: qsh_conn_resp_cb:793, resp_value = 0 for gesture_prox 
12-22 18:57:22.820  1974  9209 I sensors-hal: qsh_conn_event_cb:756, event[0] msg_id=1025, ts=2749031526117, sensor_type = pocket Oplus_Pocket Sensor Wakeup
12-22 18:57:22.820  1974  1974 I sensors-hal: send_sync_sensor_request:478, takes 3 ms to receive the response with 0
12-22 18:57:22.820  1974  9209 I sensors-hal: handle_sns_client_event:77, pocket_event: pocket_mode = 5, up_state = 0, count = 528, ts = 143172226970387
12-22 18:57:22.821  3543  3721 D VRR [OPlusSAManager]: updateAutoMinfps for 4630947008615494291 with nits: 70.325714, mHistOK true, mAmbientOK true, mCctOK true, mIrOK true, mBrightnessOK true, isPkgOK true, SA min fps: 0
12-22 18:57:22.821  2278  2910 I VRR-[OPlusRefreshRateSelector]: updateAutoMode success, display 0, mode 0, fakeframe 1, min fps: 120
12-22 18:57:22.821  2013  4431 I SDM     : DisplayBuiltIn::SetQSyncMode: VRR + update qsync mode 0 minfps 00C081F8
12-22 18:57:22.821  3543  3721 D VRR [OPlusHistogram]: registerCallbacks callbacks: com.oplus.vrr.OPlusSAManager$2@b29a75e
12-22 18:57:22.821  1974  1974 I sensors-hal: ~qsh_qmi:68, ~qsh_qmi
12-22 18:57:22.821  1974  1974 I sensors-hal: activate:135, qti.sensor.gesture_prox/1662 en=0 completed
12-22 18:57:22.821  3543  3721 D VRR [OPlusHistogram]: mFeatureSwitch: true killer: KillerPatternBean{mEnable=false, mSamplerInterval=500, mLowGrayRatio=0.3, mMaxGrayRatio=0.8, mGrayCalcLowBit=0, mGrayCalcHighBit=3, mNitLowLimit=0.0} callbacks: 1 isSampling: false
12-22 18:57:22.821  3543  3721 D VRR [OPlusAmbientBrightness]: registerCallbacks callbacks: com.oplus.vrr.OPlusSAManager$1@26f173f
12-22 18:57:22.821  6055  6055 D TiredAnalysisManager: onReceiveandroid.intent.action.SCREEN_ON
12-22 18:57:22.821  6055  6055 D TiredAnalysisManager: now = 1766426242821
12-22 18:57:22.821  3543  5658 D SensorServiceExtImpl: setLastEventStateForDisable reset the mRecentEvent handle = 1662
12-22 18:57:22.821  3543  5658 D SensorServiceExtImpl: disable reset the lastEvent handle = 1662 in disable
12-22 18:57:22.821  3543  3721 D VRR [OPlusAmbientBrightness]: enabling
12-22 18:57:22.821  3543  3721 V SystemSensorManagerExtImpl: RegisterListener OPLUS Fusion Light Sensor Next Gen type:5 delay:2019000us by com.oplus.vrr.OPlusAmbientBrightness$1@bbc1aa7 from android
12-22 18:57:22.821  3543  3721 D SensorService: createSensorEventConnection packageName = com.oplus.vrr.OPlusAmbientBrightness, opPackageName = android, mCurrentOperatingMode = 0, requestedMode = 0
12-22 18:57:22.821  2952  3003 D ClockTag_Utils: isKeyguardLock: false
12-22 18:57:22.821  2952  3003 D ClockTag_WidgetStartUtils: Starting handleAlarmFix
12-22 18:57:22.821  2952  3003 D ClockTag_WidgetStartUtils: Finished handleAlarmFix
12-22 18:57:22.821  3543  4624 E OplusSmartScanManager: Unexpected state, don't detected motion state
12-22 18:57:22.821  2952  3003 D ClockTag_WidgetStartUtils: onReceive : haveNoWidget = true
12-22 18:57:22.821  2952  2952 D ClockTag_AlarmClockApplication: onTrimMemory: 40
12-22 18:57:22.822  3543  9178 D SensorService: 14 active sensors
12-22 18:57:22.822   583  2295 D audioadsprpcd: vendor/qcom/proprietary/adsprpc/src/apps_std_imp.c:382: apps_std_fopen_fd done for /odm/lib/rfsa/adsp/./libtfadsp_sb5_5_tx.so with       fopen:10us, read:7us, rpc_alloc:3487us,       mmap:442us fd 0xc error_code 0x0
12-22 18:57:22.822  5144  5540 D AMC     : [TriggerSystem] handleLoopTick trigger:vowifihandover phoneId:0 voWifiHandoverCount:0
12-22 18:57:22.822   583  2295 I audioadsprpcd: vendor/qcom/proprietary/adsprpc/src/apps_std_imp.c:1160: Successfully opened file /odm/lib/rfsa/adsp/./libtfadsp_sb5_5_tx.so
12-22 18:57:22.822  5144  5540 D AMC     : [TriggerSystem] handleLoopTick trigger:vowifihandover phoneId:1 voWifiHandoverCount:0
12-22 18:57:22.822  1313  1379 D QC-time-services: Lib:time_genoff_operation: Send to server  passed!!
12-22 18:57:22.822  1788  9289 D QC-time-services: Daemon:Received base = 13, unit = 1, operation = 2,value = 0
12-22 18:57:22.822  1788  9289 D QC-time-services: Daemon:genoff_opr: Base = 13, val = 0, operation = 2
12-22 18:57:22.822  1788  9289 D QC-time-services: offset is: 1 for base: 13
12-22 18:57:22.822  1313  1379 E QC-time-services: Receive Passed == base = 13, unit = 1, operation = 2, result = 0
12-22 18:57:22.822  1313  1379 D DrmLibTime: QSEE Time Listener: ATS_MODEM is set. Try to retrieve it.
12-22 18:57:22.822  3543  5025 D SensorService: ~SensorEventConnection(0xb400007551fc2c00)
12-22 18:57:22.822  1788  1822 E QC-time-services: Daemon: Time-services: Waiting to acceptconnection
12-22 18:57:22.822  1788  1822 D QC-time-services: Daemon: Connection accepted:time_genoff
12-22 18:57:22.822  1788  9317 D QC-time-services: Daemon:Received base = 13, unit = 1, operation = 1,value = 0
12-22 18:57:22.822  1788  9317 D QC-time-services: Daemon:genoff_opr: Base = 13, val = 0, operation = 1
12-22 18:57:22.822  1788  9317 D QC-time-services: Daemon: genoff get for 13
12-22 18:57:22.822  1788  9317 D QC-time-services: Daemon:Value read from QTimer mseconds = 143178729
12-22 18:57:22.822  1788  9317 D QC-time-services: Daemon:Value read from RTC mseconds on boot = 14369790000
12-22 18:57:22.822  1788  9317 D QC-time-services: Daemon:Value read from QTimer mseconds = 143178729
12-22 18:57:22.822  1788  9317 D QC-time-services: Daemon:Value read from generic offset = 1751913285067
12-22 18:57:22.822  1788  9317 D QC-time-services: Daemon:Delta read on boot mseconds = 14369778217
12-22 18:57:22.822  1788  9317 D QC-time-services: Daemon:Final Time = 1766426242013
12-22 18:57:22.822  4767  5584 I SystemUi--Aod: AodUpdateManager-->cancel hide alarm
12-22 18:57:22.822  1313  1379 D DrmLibTime: QSEE Time Listener: Time GenOff - seconds: 1766426242
12-22 18:57:22.822  1313  1379 D DrmLibTime: time_getutcsec returns 0, sec = 1766426242; nsec = 0
12-22 18:57:22.822  1313  1379 D DrmLibTime: time_getutcsec finished! 
12-22 18:57:22.822  1313  1379 D DrmLibTime: time_services Dispatch ends and ret = 0! 
12-22 18:57:22.822  1788  1822 E QC-time-services: Daemon: Time-services: Waiting to acceptconnection
12-22 18:57:22.822  4767  5584 W SystemUi--Aod: SmoothTransitionController-->config not support enter aod by display panel feature!
12-22 18:57:22.823  2278  2278 I [VFXEffect]: SurfaceControlViewHost#169 type[2.000000] id[0.000000] action[1.000000] status[1.000000] params[0.000000]
12-22 18:57:22.823  2278  2278 D OplusLayerSnapshotBuilder: setVFXAnimation, snapshot Type[0x0], Progress[0.000000], Center[0.000000x0.000000], StartRadius[0.000000], EndRadius[0.000000]
12-22 18:57:22.823  2278  2278 D OplusLayerSnapshotBuilder: setVFXAnimation, snapshot Type[0x0], Progress[0.000000], Center[0.000000x0.000000], StartRadius[0.000000], EndRadius[0.000000]
12-22 18:57:22.823  2239  3522 D AudioBoost: startBoostForWake mId 275, p 4767, t 3044, wp 4767, wt 3044.
12-22 18:57:22.823  2239  3522 D AudioBoost: audioSchedBoost, pid=4767, tid=3044, enable=1, ret=0
12-22 18:57:22.823  2135  2155 E PerformanceService: [WAKER_IDENTIFY] pid message 3044;0;1 is writen to proc
12-22 18:57:22.823  2239  3522 D AudioBoost: audioWakeTracing setWakeSeedThread end, pid 4767, tid 3044, inUid 0, id 275, isWakee 1, -> handle = 354.
12-22 18:57:22.823 26204 26204 D PowerStatsService: SystemStatusRecever android.intent.action.SCREEN_ON
12-22 18:57:22.823 26204 26204 D PolicyManager: isAllowToWorkSinceBoot:true
12-22 18:57:22.823 26204 26204 D PowerStatsService: isAllowToDealActionNow:true act:android.intent.action.SCREEN_ON
12-22 18:57:22.823 26204 26204 D PowerStatsService: performScreenOnAction
12-22 18:57:22.824  6742  7190 W Battery : BatteryAffair: post action finally act = 202
12-22 18:57:22.824  6742  7190 W Battery : AppSwitchDetectorV2: already initAppSwitch 1766384106970
12-22 18:57:22.824  3543  5658 W SensorService: SensorEventConnection sensor handle=1752, package = com.oplus.systemui.preventmode.ProximitySensorEventListener disable
12-22 18:57:22.824  3543  5658 E OGuardManager:  mMainHandler is null.
12-22 18:57:22.824  3543  5658 D SensorService: 0xb400007560841800 removeFd fd=917
12-22 18:57:22.824  3543  5658 D SensorService: SensorDevice::activate: ident=0xb400007560841800, handle=0x000006d8, enabled=0, count=1
12-22 18:57:22.824  3543  5658 D SensorService: disable index=0
12-22 18:57:22.824  3543  5658 D SensorService: activateHardware = 1
12-22 18:57:22.824  3543  5658 D SensorService: 	>>> actuating h/w activate handle=1752 enabled=0
12-22 18:57:22.824  1974  1974 I sensors-hal: activate:116, qti.sensor.pocket/1752 en=0
12-22 18:57:22.824  1974  1974 I sensors-hal: send_sync_sensor_request:443, send sync request
12-22 18:57:22.824  1974  1974 I sensors-hal: send_sync_sensor_request:472, wait for notification of response
12-22 18:57:22.825  2013  2384 E SDM     : DRMConnector::Perform: Connector 68: Setting Qsync min fps 12616184
12-22 18:57:22.825  1984  3536 I gsl     : gsl_send_spf_cmd:271 rcvd pkt token : 0x222c000
12-22 18:57:22.825  1984  3536 I gsl     : gsl_send_spf_cmd:220 sending pkt opcode 0x1001006 token 0x0222d000
12-22 18:57:22.826  1984  3536 I gsl     : gsl_send_spf_cmd:271 rcvd pkt token : 0x222d000
12-22 18:57:22.826  1984  3536 E ACDB    : AcdbCmdGetProcSubgraphCalDataPersist:8255 Error[19]: No calibration found
12-22 18:57:22.826  1984  3536 D AGM: graph: graph_open: 810 graph_handle 0x147534c
12-22 18:57:22.826  1984  3536 D AGM: graph: graph_open: 850 exit, ret 0
12-22 18:57:22.826  1984  3536 I AgmIpc::Server: addSessionHandle sessionId 121 handle b400007522493640 
12-22 18:57:22.826  1984  3536 D PLUGIN: pcm: agm_pcm_hw_params: 509 agm_pcm_hw_params: mode: 268435456
12-22 18:57:22.826  1984  3536 D AGM: graph: graph_prepare: 926 entry graph_handle 0x147534c
12-22 18:57:22.826  1984  3536 D AGM: graph_module: configure_hw_ep_media_config: 644 entry mod tag c0000005 miid 4026 mid 700100b
12-22 18:57:22.826  1984  3536 D AGM: graph_module: configure_hw_ep_media_config: 674 rate 48000 bw 32 ch 2, data_fmt 1
12-22 18:57:22.826  1984  3536 I gsl     : gsl_send_spf_cmd:220 sending pkt opcode 0x1001006 token 0x0222e000
12-22 18:57:22.826  1984  3536 I gsl     : gsl_send_spf_cmd:271 rcvd pkt token : 0x222e000
12-22 18:57:22.826  1984  3536 D AGM: graph_module: configure_hw_ep_media_config: 684 exit, ret 0
12-22 18:57:22.826  1984  3536 I gsl     : gsl_send_spf_cmd:220 sending pkt opcode 0x1001006 token 0x0222f000
12-22 18:57:22.826 26204 26204 D FeedBackBatteryStatsService: onReceive action:android.intent.action.SCREEN_ON
12-22 18:57:22.826  1984  3536 I gsl     : gsl_send_spf_cmd:271 rcvd pkt token : 0x222f000
12-22 18:57:22.826  1984  3536 D AGM: graph_module: configure_i2s_ep: 365 exit, ret 0
12-22 18:57:22.826  1984  3536 I gsl     : gsl_send_spf_cmd:220 sending pkt opcode 0x1001001 token 0x02230000
12-22 18:57:22.826  1974  9209 I sensors-hal: qsh_conn_resp_cb:793, resp_value = 0 for pocket 
12-22 18:57:22.827  1974  1974 I sensors-hal: send_sync_sensor_request:478, takes 2 ms to receive the response with 0
12-22 18:57:22.827  1974  9215 I sensors-hal: qsh_conn_event_cb:756, event[0] msg_id=768, ts=2749031527182, sensor_type = tcs3720 Proximity Sensor Wakeup
12-22 18:57:22.827  1974  9215 I sensors-hal: qsh_conn_event_cb:756, event[1] msg_id=768, ts=2749031677107, sensor_type = tcs3720 Proximity Sensor Wakeup
12-22 18:57:22.827  4767  9149 W HWUI    : Image decoding logging dropped!
12-22 18:57:22.827 26204 26204 D CustomLogManagerService: onReceive android.intent.action.SCREEN_ON
12-22 18:57:22.827 26204 26204 D TaskRecordManager: removeAllTask
12-22 18:57:22.827  1984  3536 I gsl     : gsl_send_spf_cmd:271 rcvd pkt token : 0x2230000
12-22 18:57:22.827  1974  1974 I sensors-hal: ~qsh_qmi:68, ~qsh_qmi
12-22 18:57:22.827  1984  3536 D AGM: graph: graph_prepare: 1004 exit, ret 0
12-22 18:57:22.827  1984  3536 D AGM: graph: graph_start: 1027 entry graph_handle 0x147534c
12-22 18:57:22.827  1984  3536 I gsl     : gsl_send_spf_cmd:220 sending pkt opcode 0x1001002 token 0x02231000
12-22 18:57:22.827  1974  1974 I sensors-hal: activate:135, qti.sensor.pocket/1752 en=0 completed
12-22 18:57:22.827  3543  5658 D SensorServiceExtImpl: setLastEventStateForDisable reset the mRecentEvent handle = 1752
12-22 18:57:22.827  3543  5658 D SensorServiceExtImpl: disable reset the lastEvent handle = 1752 in disable
12-22 18:57:22.827  3543  3721 D SensorService: SensorEventConnection type = 2, client = com.oplus.vrr.OPlusAmbientBrightness, listener = com.oplus.vrr.OPlusAmbientBrightness
12-22 18:57:22.828  3543  3721 W SensorService: SensorEventConnection sensor handle=1001, package = com.oplus.vrr.OPlusAmbientBrightness enable
12-22 18:57:22.828  3543  3721 E SensorService: Required app com.oplus.vrr.OPlusAmbientBrightness, uid 1000, pid 3543
12-22 18:57:22.828  3543  3721 D SensorService: enable sensor send lastEvent 1001
12-22 18:57:22.828  3543  3721 D SensorService: Calling batch handle==1001 flags=0rate=200000000 timeout== 0
12-22 18:57:22.828  3543  3721 D FusionLightSensor: setDelay ns = 200000000
12-22 18:57:22.828  3543  3721 D SensorService: SensorDevice::batch: ident=0xb4000076b5b51200, handle=0x000003e9, flags=0, period_ns=200000000 timeout=0
12-22 18:57:22.828  3543  3721 D SensorService: SensorDevice::batch: ident=0xb4000076b5b51200, handle=0x000006a5, flags=0, period_ns=200000000 timeout=0
12-22 18:57:22.828  3543  3721 D SensorService: Calling activate on 1001
12-22 18:57:22.828  3543  3721 D FusionLightNextGen: activate light size = 2, rgb size = 0, ident = 0xb4000076b5b51200
12-22 18:57:22.828  3543  3721 D SensorService: SensorDevice::activate: ident=0xb4000076b5b51200, handle=0x000003e9, enabled=1, count=2
12-22 18:57:22.828  3543  3721 D SensorService: enable index=1
12-22 18:57:22.828  3543  3721 D SensorService: info.numActiveClients() = 2, info.isActive = 1
12-22 18:57:22.828  3543  3721 D SensorService: activateHardware = 0
12-22 18:57:22.828  3543  3721 D SensorService: SensorDevice::activate: ident=0xb4000076b5b51200, handle=0x000006a5, enabled=1, count=2
12-22 18:57:22.828  3543  3721 D SensorService: enable index=1
12-22 18:57:22.828  3543  3721 D SensorService: info.numActiveClients() = 2, info.isActive = 1
12-22 18:57:22.828  3543  3721 D SensorService: activateHardware = 0
12-22 18:57:22.828  3543  9183 D SensorService: 13 active sensors
12-22 18:57:22.828  4767  4893 I SystemUi--Keyguard: OplusPreventModeExImpl-->unregisterSensor
12-22 18:57:22.828  3543  9183 D SensorService: ~SensorEventConnection(0xb400007560841800)
12-22 18:57:22.828  6742 25694 D PhoneUsageTime: lastChargeFullTime=1766426220007 LastChargeFullDurationTime=163410021
12-22 18:57:22.829  1984  3536 I gsl     : gsl_send_spf_cmd:271 rcvd pkt token : 0x2231000
12-22 18:57:22.829  1984  3536 D AGM: graph: graph_start: 1040 exit, ret 0
12-22 18:57:22.829  1984  3536 I PAL_OplusSpeakerProtection: spkrProtProcessingMode: 2473: pcm start success for TX
12-22 18:57:22.829  1984  3536 D PAL: Device: start_l: 672: Enter. deviceCount 1 deviceStartStopCount 0 for device id 3 (PAL_DEVICE_OUT_SPEAKER)
12-22 18:57:22.829  1984  3536 I PAL: SessionAlsaUtils: setDeviceMediaConfig: 1095: MI2S-LPAIF-RX-SECONDARY rate ch fmt data_fmt 48000 2 6 1
12-22 18:57:22.829  1984  3536 D PAL: Device: start_l: 724: Exit, status 0
12-22 18:57:22.829  1984  3536 D PAL: SessionAlsaPcm: prepare: 119: Enter
12-22 18:57:22.829  1984  3536 D PAL: SessionAlsaPcm: prepare: 165: Exit, status 0
12-22 18:57:22.829  1984  3536 D PAL: SessionAlsaPcm: start: 1083: Enter
12-22 18:57:22.829  1984  3472 D PAL_OplusSpeakerProtection: spMonitorThread: 1808: speaker device is enabled
12-22 18:57:22.829  1984  3536 I PAL: ResourceManager: voteSleepMonitor: 2374: Voting done for nlpi use case, lpi votes 0, nlpi votes : 1
12-22 18:57:22.829  1984  3536 D PAL: Stream: getBufInfo: 950: In Buffer size 960, In Buffer count 4
12-22 18:57:22.829  1984  3536 D PAL: Stream: getBufInfo: 954: Out Buffer size 1152 and Out Buffer count 2
12-22 18:57:22.829  1984  3536 I AGM: oplus_agm_fb: recordOpenedSessions: 69 i = 2, record open session_id = 126
12-22 18:57:22.829  4767  4767 D HWUI    : RenderProxy::destroy: this=0xb40000756b74cc00, mContext=0xb40000756b7de840
12-22 18:57:22.830  3543  3721 D VRR [OPlusColorTemperature]: registerCallbacks callbacks: com.oplus.vrr.OPlusSAManager$3@c1c480c
12-22 18:57:22.830  3543  3721 D VRR [OPlusInfrared]: registerCallbacks callbacks: com.oplus.vrr.OPlusSAManager$4@b468555
12-22 18:57:22.830  1984  3536 D AGM: graph: graph_open: 615 entry
12-22 18:57:22.830  1984  3536 D AGM: metadata: metadata_print: 79 *************************Metadata*************************
12-22 18:57:22.830  1984  3536 D AGM: metadata: metadata_print: 80 GKV size:4
12-22 18:57:22.830  1984  3536 D AGM: metadata: metadata_print: 83 key:0xa1000000, value:0xa100000e 
12-22 18:57:22.830  1984  3536 D AGM: metadata: metadata_print: 83 key:0xab000000, value:0x1 
12-22 18:57:22.830  1984  3536 D AGM: metadata: metadata_print: 83 key:0xa2000000, value:0xa2000001 
12-22 18:57:22.830  1984  3536 D AGM: metadata: metadata_print: 83 key:0xac000000, value:0xac000002 
12-22 18:57:22.830  1984  3536 D AGM: metadata: metadata_print: 89 CKV count:4
12-22 18:57:22.830  1984  3536 D AGM: metadata: metadata_print: 95 key:0xa4000000, value:0xf 
12-22 18:57:22.830  1984  3536 D AGM: metadata: metadata_print: 95 key:0xd2000000, value:0x0 
12-22 18:57:22.830  1984  3536 D AGM: metadata: metadata_print: 95 key:0xbe000000, value:0x3 
12-22 18:57:22.830  1984  3536 D AGM: metadata: metadata_print: 95 key:0xef000000, value:0x0 
12-22 18:57:22.830  1984  3536 D AGM: metadata: metadata_print: 102 Property ID:134217744
12-22 18:57:22.830  1984  3536 D AGM: metadata: metadata_print: 103 property count:4
12-22 18:57:22.830  1984  3536 D AGM: metadata: metadata_print: 106 Property Values: 
12-22 18:57:22.830  1984  3536 D AGM: metadata: metadata_print: 108 0x1 
12-22 18:57:22.830  1984  3536 D AGM: metadata: metadata_print: 108 0x3 
12-22 18:57:22.830  1984  3536 D AGM: metadata: metadata_print: 108 0x2 
12-22 18:57:22.830  1984  3536 D AGM: metadata: metadata_print: 108 0x5 
12-22 18:57:22.830  1984  3536 D AGM: metadata: metadata_print: 115 ****************Metadata Done***************************
12-22 18:57:22.830  1984  3536 D AGM: graph: graph_open: 710 miid 40bd mid 7001000 tag c0000002
12-22 18:57:22.830  1984  3536 D AGM: graph: graph_open: 766 miid 4023 mid 700100a tag c0000004
12-22 18:57:22.830  1984  3536 D AGM: graph: graph_open: 710 miid 40c4 mid 7001019 tag c0000006
12-22 18:57:22.830  1984  3536 D AGM: graph: graph_open: 710 miid 40bf mid 7001005 tag c000000e
12-22 18:57:22.830  1984  3536 D AGM: graph: graph_open: 710 miid 40c0 mid 7001003 tag c0000010
12-22 18:57:22.830  1984  3536 D AGM: graph: graph_open: 710 miid 4165 mid 7001032 tag c0000013
12-22 18:57:22.830  1984  3536 I GPR:    : __gpr_cmd_register_v2:931 GPR Register: Source Port is 8210 heap_index: 0
12-22 18:57:22.830  1984  3536 I gsl     : gsl_send_spf_cmd:220 sending pkt opcode 0x1001000 token 0x02232000
12-22 18:57:22.831  3543  9183 E OGuardManager:  mMainHandler is null.
12-22 18:57:22.831  2278  2278 I [VFXEffect]: SurfaceControlViewHost#169 type[2.000000] id[0.000000] action[1.000000] status[1.000000] params[0.000000]
12-22 18:57:22.831  2278  2278 D OplusLayerSnapshotBuilder: setVFXAnimation, snapshot Type[0x0], Progress[0.000000], Center[0.000000x0.000000], StartRadius[0.000000], EndRadius[0.000000]
12-22 18:57:22.831  2278  2278 D OplusLayerSnapshotBuilder: setVFXAnimation, snapshot Type[0x0], Progress[0.000000], Center[0.000000x0.000000], StartRadius[0.000000], EndRadius[0.000000]
12-22 18:57:22.832   583  2295 D audioadsprpcd: vendor/qcom/proprietary/adsprpc/src/apps_std_imp.c:382: apps_std_fopen_fd done for /odm/lib/rfsa/adsp/adsp/./libtfadsp_sb5_5_rx.so with       fopen:9us, read:0us, rpc_alloc:0us,       mmap:0us fd 0x0 error_code 0x2
12-22 18:57:22.833   583  2295 D audioadsprpcd: vendor/qcom/proprietary/adsprpc/src/apps_std_imp.c:382: apps_std_fopen_fd done for /odm/lib/rfsa/adsp/./libtfadsp_sb5_5_rx.so with       fopen:6us, read:74us, rpc_alloc:78us,       mmap:851us fd 0xc error_code 0x0
12-22 18:57:22.833   583  2295 I audioadsprpcd: vendor/qcom/proprietary/adsprpc/src/apps_std_imp.c:1160: Successfully opened file /odm/lib/rfsa/adsp/./libtfadsp_sb5_5_rx.so
12-22 18:57:22.833  1342 11752 I keystore2: system/security/keystore2/src/super_key.rs:973 - UnlockedDeviceRequired super keys for user 0 are retained in plaintext, with biometric-encrypted copy too.
12-22 18:57:22.833  1342  9141 I keystore2: system/security/keystore2/src/database.rs:1412 - First database operation finished.
12-22 18:57:22.834  9393  8277 I DeviceStatusMonitor: DeviceStatusMonitor.handleBroadcast():138 onReceive() : Action = android.intent.action.SCREEN_ON
12-22 18:57:22.834  9393  8277 I DeviceStatusMonitor: DeviceStatusMonitor.updateCountryInfo():154 updateCountryInfo(), notifyAnyway = false
12-22 18:57:22.834   583  2295 D audioadsprpcd: vendor/qcom/proprietary/adsprpc/src/apps_std_imp.c:382: apps_std_fopen_fd done for /odm/lib/rfsa/adsp/adsp/./nlc_bgth_v1_5.so with       fopen:11us, read:0us, rpc_alloc:0us,       mmap:0us fd 0x0 error_code 0x2
12-22 18:57:22.835  2278  2873 D skia    : findCacheMissInfo vsync 13661489, result 0
12-22 18:57:22.835  4767  5091 D HWUI    : SkiaVulkanPipeline::setSurface: this=0xb40000756bb89d40, surface=NULL
12-22 18:57:22.835 16890 16936 D VRI[Launcher]: Received frameCommittedCallback lastAttemptedDrawFrameNum=2 didProduceBuffer=true syncBuffer=false
12-22 18:57:22.835  4767  5091 D BufferQueueProducer: [VRI[NotificationShade]#1601(BLAST Consumer)1601](id:129f00000641,api:1,p:4767,c:4767) disconnect: api 1
12-22 18:57:22.836  4767  4767 I SystemUi--Common: WindowRootView-->leftInset:0 rightInset:0  rootWindowInsets.displayCutout:DisplayCutout{insets=Rect(0, 140 - 0, 0) waterfall=Insets{left=0, top=0, right=0, bottom=0} boundingRect={Bounds=[Rect(0, 0 - 0, 0), Rect(574, 0 - 690, 140), Rect(0, 0 - 0, 0), Rect(0, 0 - 0, 0)]} cutoutPathParserInfo={CutoutPathParserInfo{displayWidth=1264 displayHeight=2780 physicalDisplayWidth=1264 physicalDisplayHeight=2780 density={3.5} cutoutSpec={M -58,0 L -58,140 L 58,140 L 58,0 Z} rotation={0} scale={1.0} physicalPixelDisplaySizeRatio={1.0}}} sideOverrides={}} windowInsets.displayCutout:DisplayCutout{insets=Rect(0, 140 - 0, 0) waterfall=Insets{left=0, top=0, right=0, bottom=0} boundingRect={Bounds=[Rect(0, 0 - 0, 0), Rect(574, 0 - 690, 140), Rect(0, 0 - 0, 0), Rect(0, 0 - 0, 0)]} cutoutPathParserInfo={CutoutPathParserInfo{displayWidth=1264 displayHeight=2780 physicalDisplayWidth=1264 physicalDisplayHeight=2780 density={3.5} cutoutSpec={M -58,0 L -58,140 L 58,140 L 58,0 Z} rotation={0} scale={1.0} physicalPixelDisplaySizeRatio={1.0}}} sideOverrides={}} currentRotation:1
12-22 18:57:22.836  4767  4767 I SystemUi--QuickSettings: OplusQuickStatusBarHeader-->onApplyWindowInsets mIgnoreCenterHole: true mCenterHoleSpaceLp: androidx.constraintlayout.widget.ConstraintLayout$LayoutParams@d8e04f9
12-22 18:57:22.836  4767  4767 I SystemUi--QuickSettings: OplusQuickStatusBarHeader-->updateCenterHoleView visibility: 8 isLpChanged: false
12-22 18:57:22.836  4767  4767 I SystemUi--QuickSettings: OplusQuickStatusBarHeader-->updateCenterHoleView visibility: 8 isLpChanged: false
12-22 18:57:22.836 16890 16890 D VRI[Launcher]: draw finished. seqId=0
12-22 18:57:22.836  4767  4767 I SystemUi--QuickSettings: OplusQuickStatusBarHeader-->onApplyWindowInsets mIgnoreCenterHole: true mCenterHoleSpaceLp: androidx.constraintlayout.widget.ConstraintLayout$LayoutParams@162317a
12-22 18:57:22.836  4767  4767 I SystemUi--QuickSettings: OplusQuickStatusBarHeader-->updateCenterHoleView visibility: 8 isLpChanged: false
12-22 18:57:22.836  4767  4767 I SystemUi--QuickSettings: OplusQuickStatusBarHeader-->updateCenterHoleView visibility: 8 isLpChanged: false
12-22 18:57:22.836 16890 16890 W VRI[Launcher]: handleResized, msg:, frameChanged:false, configChanged:false, displayChanged:false, attachedFrameChanged:false, compatScaleChanged:false, pendingDragResizing=false
12-22 18:57:22.836  4767  4767 I PluginSeedling--Base: SeedlingPluginService-->13429882 onStateChange: Bundle[{rect=RectF(598.0, 40.0, 666.0, 108.0), state=onHoleRectChanged}]
12-22 18:57:22.836  4767  4767 I SystemUi--Statusbar: StatusBarPaddingProvider-->updateStatusBarPadding: (51, 30, 60, 22), screenHoleHeight: 68 isLandscape=false, rotation: 0 screenHoleBottom: 108 statusBarHeight: 140 seedlingHeight: 89 switchSupport: true percentScreen:1.0 baseScreenWidth:1264 stableDisplayWidth:1264
12-22 18:57:22.836  4767  4767 I PluginSeedling--Base: SeedlingPluginService-->13429882 onStateChange: Bundle[{rect=RectF(598.0, 40.0, 666.0, 108.0), state=onHoleRectChanged}]
12-22 18:57:22.837  4767  4767 I SystemUi--Statusbar: StatusBarPaddingProvider-->getHomeStatusBarPadding: (51, 30, 60, 22), screenHoleHeight: 68 isLandscape=false, rotation: 0 screenHoleBottom: 108 statusBarHeight: 140 seedlingHeight: 89 switchSupport: true percentScreen:1.0 baseScreenWidth:1264 stableDisplayWidth:1264
12-22 18:57:22.837  4767  4767 I SystemUi--QuickSettings: ViewDialogContainerViewModel-->windowInsetsListener: left=0 top=0 right=0 bottom=0 insets=Insets{left=0, top=0, right=0, bottom=0}
12-22 18:57:22.837  4767  4767 D ViewRootImplExtImpl: wrapConfigInfoIntoFlags rotation=0, smallestScreenWidthDp=425, residentWS=false, scenario=0, bounds=Rect(0, 0 - 1264, 2780), relayoutAsync=false, flags=1, newFlags=1457534241, title=NotificationShade
12-22 18:57:22.837  3543  5025 E OGuardManager:  mMainHandler is null.
12-22 18:57:22.838   583  2295 D audioadsprpcd: vendor/qcom/proprietary/adsprpc/src/apps_std_imp.c:382: apps_std_fopen_fd done for /odm/lib/rfsa/adsp/./nlc_bgth_v1_5.so with       fopen:7us, read:14us, rpc_alloc:29us,       mmap:3788us fd 0xe error_code 0x0
12-22 18:57:22.838   583  2295 I audioadsprpcd: vendor/qcom/proprietary/adsprpc/src/apps_std_imp.c:1160: Successfully opened file /odm/lib/rfsa/adsp/./nlc_bgth_v1_5.so
12-22 18:57:22.838  3543  4382 D OplusAlarmAdjustment: MSG_SCREEN_ON, mScreenOnElapsed=143172247 ms
12-22 18:57:22.838  3543  4382 D OplusAlarmAdjustMap: removeAlignUid, uid=0, requester=0
12-22 18:57:22.838  3543  3543 I StrategyIgnoreSleepKey: updateTouchAvoidNode: mScreenLocked = false, mScreenOn = true
12-22 18:57:22.839  3543  4567 I MR2ServiceImpl: Updating composite discovery preference | preference: RouteDiscoveryRequest{ preferredFeatures={}, activeScan=false }, active routers: []
12-22 18:57:22.839  2278  2278 I [VFXEffect]: SurfaceControlViewHost#169 type[2.000000] id[0.000000] action[1.000000] status[1.000000] params[0.000000]
12-22 18:57:22.839  2278  2278 D OplusLayerSnapshotBuilder: setVFXAnimation, snapshot Type[0x0], Progress[0.000000], Center[0.000000x0.000000], StartRadius[0.000000], EndRadius[0.000000]
12-22 18:57:22.840  2278  2278 D OplusLayerSnapshotBuilder: setVFXAnimation, snapshot Type[0x0], Progress[0.000000], Center[0.000000x0.000000], StartRadius[0.000000], EndRadius[0.000000]
12-22 18:57:22.841  1984  3536 I gsl     : gsl_send_spf_cmd:271 rcvd pkt token : 0x2232000
12-22 18:57:22.841  1984  3536 E gsl     : gsl_graph_check_ckvs:911 CKVs mismatched. ACDB CKVs count 2 CKVs sent from HAL count 4
12-22 18:57:22.841  1984  3536 I gsl     : gsl_graph_check_kv:799 can't find ckv's key, kvp:0xd2000000, 0
12-22 18:57:22.841  1984  3536 I gsl     : gsl_graph_check_kv:799 can't find ckv's key, kvp:0xbe000000, 3
12-22 18:57:22.841  1984  3536 I gsl     : gsl_send_spf_cmd:220 sending pkt opcode 0x1001006 token 0x02233000
12-22 18:57:22.843  1984  3536 I gsl     : gsl_send_spf_cmd:271 rcvd pkt token : 0x2233000
12-22 18:57:22.843  1984  3536 E ACDB    : AcdbCmdGetProcSubgraphCalDataPersist:8255 Error[19]: No calibration found
12-22 18:57:22.843  1984  3536 E ACDB    : AcdbCmdGetProcSubgraphCalDataPersist:8255 Error[19]: No calibration found
12-22 18:57:22.843  1984  3536 E ACDB    : AcdbCmdGetProcSubgraphCalDataPersist:8255 Error[19]: No calibration found
12-22 18:57:22.843  1984  3536 E ACDB    : AcdbCmdGetProcSubgraphCalDataPersist:8255 Error[19]: No calibration found
12-22 18:57:22.843  1984  3536 D AGM: graph: graph_open: 810 graph_handle 0x247534c
12-22 18:57:22.843  1984  3536 D AGM: graph: graph_open: 850 exit, ret 0
12-22 18:57:22.843  1984  3536 D AGM: graph: graph_set_config: 1245 entry graph_handle 0x247534c
12-22 18:57:22.843  1984  3536 I gsl     : gsl_send_spf_cmd:220 sending pkt opcode 0x1001006 token 0x02234000
12-22 18:57:22.843  1984  3536 I gsl     : gsl_send_spf_cmd:271 rcvd pkt token : 0x2234000
12-22 18:57:22.843  1984  3536 D AGM: graph: graph_set_config: 1253 exit, graph handle 0x247534c, ret 0
12-22 18:57:22.843  1984  3536 I AgmIpc::Server: addSessionHandle sessionId 126 handle b400007522491c00 
12-22 18:57:22.843  1984  3536 D PLUGIN: pcm: agm_pcm_hw_params: 509 agm_pcm_hw_params: mode: 0
