12-22 18:57:28.943  3543  6444 I OStatsManager_Calc: add screen power pkgName = com.android.launcher, uid = 10237, power = 902.0406450005248, is Fg = true, fore size = 1, mScale = 1.0
12-22 18:57:28.943  6742  3337 W Battery : AppSceneCenter: PerfPolicy not enable!
12-22 18:57:28.943  9500  9530 D OplusAppHeapManager: java.lang.NoSuchMethodException: dalvik.system.VMRuntime.updateProcessValue [int, int, int]
12-22 18:57:28.943  3543  6444 I OStatsManager_Calc: noteBeforePkgSwitch change = true, curTime = 143178345, com.samcod3.meditrack, fg = false
12-22 18:57:28.943  8100  8148 D SceneSDK.1.0.4-SNAPSHOT.8100.DeepThinkerAppSwitchAbility: onAppSwitchEvent: AppSwitchEvent(timeStamp=1766426248942, eventType=2, targetName=com.android.launcher, firstStart=false, multiApp=false, windowMode=0, resumingPackageName=com.samcod3.meditrack, resumingActivityName=com.samcod3.meditrack.MainActivity, isResumingMultiApp=false, isResumingFirstStart=true)
12-22 18:57:28.943  3543  5312 D OplusAppSwitchRuleInfo: generateAppEnterInfo - launch_source_type = launcherRecentTask , launch_source_traceid = 
12-22 18:57:28.943  3543  6444 I OStatsManager_OplusBatteryStatsManager: updateStateTime: PkgName = com.samcod3.meditrack, uid = 10262, state to fg, mForegroundCnt = 1, isFg = true
12-22 18:57:28.943  3543  6444 I OStatsManager_OplusBatteryStatsManager: notePkgForeground [com.android.launcher10237, com.samcod3.meditrack10262], uid = 10262, pid = 9500, pkgName = com.samcod3.meditrack
12-22 18:57:28.943  8100  8148 I metis_v2_AppSwitchDataCollector: AppExitEvent =  com.android.launcher, NextAppName = com.samcod3.meditrack [Metis|com.oplus.metis|1.5.5-f48228a]
12-22 18:57:28.943  3543  5312 D OplusLatencyOptimizerManager: enter pkg: com.samcod3.meditrack isPrevBlackAppTop: false mIsBlackAppTop: false
12-22 18:57:28.943  3543  5312 D OplusEapManager: mTargetEnterName :com.samcod3.meditrack
12-22 18:57:28.943  3543  5312 I OplusHansManager : appSwitch from com.android.launcher to com.samcod3.meditrack, pre resume pkg:null
12-22 18:57:28.943  3543  5312 D OplusAppSwitchRuleInfo: generateAppEnterInfo - launch_source_type = launcherRecentTask , launch_source_traceid = 
12-22 18:57:28.943  3543  5312 D OplusAppSwitchRuleInfo: generateAppEnterInfo - launch_source_type = launcherRecentTask , launch_source_traceid = 
12-22 18:57:28.943  3543  5312 D OplusAppSwitchRuleInfo: generateAppEnterInfo - launch_source_type = launcherRecentTask , launch_source_traceid = 
12-22 18:57:28.943  3543  5312 D OplusAppSwitchRuleInfo: generateAppEnterInfo - launch_source_type = launcherRecentTask , launch_source_traceid = 
12-22 18:57:28.943  3543  5312 D OplusAppSwitchRuleInfo: generateAppEnterInfo - launch_source_type = launcherRecentTask , launch_source_traceid = 
12-22 18:57:28.943  5330  8248 I Athena  : AthenaDynamicReceiver: pre_app:com.android.launcher, next_app:com.samcod3.meditrack(10262|9500)
12-22 18:57:28.943  3543  5312 D OplusAppSwitchRuleInfo: generateAppEnterInfo - launch_source_type = launcherRecentTask , launch_source_traceid = 
12-22 18:57:28.943  3543  5312 D OplusAppSwitchRuleInfo: generateActivityEnterInfo - launch_source_type = launcherRecentTask , launch_source_traceid = 
12-22 18:57:28.943  3543  5312 D OplusAppSwitchRuleInfo: generateActivityEnterInfo - launch_source_type = launcherRecentTask , launch_source_traceid = 
12-22 18:57:28.943  3543  3721 D VRR [OPlusRefreshRateService]: handleFrontAppChange pkgName: com.samcod3.meditrack
12-22 18:57:28.943  3543  3721 D VRR [OPlusSAManager]: updateAutoMinfps for 4630947008615494291 with nits: 70.325714, mHistOK true, mAmbientOK true, mCctOK true, mIrOK true, mBrightnessOK true, isPkgOK true, SA min fps: 119
12-22 18:57:28.944  9500  9530 D SurfaceSyncGroup: preCreateSurfaceSyncGroupTimerThread
12-22 18:57:28.944  9504  9504 E ANDR-PERF-CLIENT-SYS: death recipent object is fine
12-22 18:57:28.944  9504  9504 W kloadclassifier: AIBinder_linkToDeath is being called with a non-null cookie and no onUnlink callback set. This might not be intended. AIBinder_DeathRecipient_setOnUnlinked should be called first.
12-22 18:57:28.944  9504  9504 D OplusActivityManager: get AMS extension: android.os.BinderProxy@ff7aca4
12-22 18:57:28.944  9500  9500 D CompactWindowAppManager: initCompactApplicationInfo CompactMode: , NormalMode: 
12-22 18:57:28.944  4696  5971 V DCSEX-AppSwitchManager: OnAppSwitchObserver: onAppEnter, launchedFrom =  com.android.shell, target =  com.samcod3.meditrack, is firstStart =  true, is multiApp =  false, extensionInfo =  Bundle[mParcelledData.dataSize=1004], launch_source_type =  launcherRecentTask, launch_source_traceid =  
12-22 18:57:28.945  8100  8302 E metis_v2_JenaHandlerManager: local thread match
12-22 18:57:28.945  9500  9500 V Configuration: Updating configuration, locales updated from [] to [es_ES]
12-22 18:57:28.946  8100  8302 E metis_v2_JenaHandlerManager: local thread match
12-22 18:57:28.946  9500  9500 D OplusScrollToTopManager: setIsInWhiteList false
12-22 18:57:28.946  8100  8148 D SceneSDK.1.0.4-SNAPSHOT.8100.DeepThinkerAppSwitchAbility: onAppSwitchEvent: AppSwitchEvent(timeStamp=1766426248944, eventType=1, targetName=com.samcod3.meditrack, firstStart=true, multiApp=false, windowMode=1, resumingPackageName=, resumingActivityName=, isResumingMultiApp=false, isResumingFirstStart=false)
12-22 18:57:28.946  8100  8148 I metis_v2_AppSwitchDataCollector: AppEnterEvent =  com.samcod3.meditrack, windowMode = 1,firstStart = true
12-22 18:57:28.946  8100  8148 I metis_v2_AppSwitchDataCollector:  set isNotifiedTVCast
12-22 18:57:28.947  9500  9500 D OplusViewDebugManager: OplusViewDebugManager Constructor android.view.debug.OplusViewDebugManager@7e8c1d1 [mHasViewDebugProperty true] [mHasMsgDebugProperty false] [DEBUG false] [EXTRAINFOENABLE false] [LIGHT_OS false]
12-22 18:57:28.947  8100  8148 E metis_v2_FactManager: There is no subModel: com.oplus.linker
12-22 18:57:28.947  8100  8148 I metis_v2_AppSwitchDataCollector: Skip call fire
12-22 18:57:28.948  9504  9504 D nativeloader: Load /system_ext/lib64/libqti_workloadclassifiermodel.so using ns default for caller /system_ext/app/workloadclassifier/workloadclassifier.apk in same partition (is_bridged=0): ok
12-22 18:57:28.948  9504  9504 I tflite  : Initialized TensorFlow Lite runtime.
12-22 18:57:28.949  9500  9500 D CompatChangeReporter: Compat change id reported: 202956589; UID 10262; state: ENABLED
12-22 18:57:28.949  9504  9549 D WLC-Service: perf mpctl Init Completed
12-22 18:57:28.949  9500  9500 W libc    : Access denied finding property "ro.odm.prev.product.name"
12-22 18:57:28.949  1964  6370 I vendor.qti.bluetooth@1.0-ibs_handler: ProcessIbsCmd: Received IBS_SLEEP_IND: 0xFE
12-22 18:57:28.950  9504  9549 E ashmem  : Pinning is deprecated since Android Q. Please use trim or other methods.
12-22 18:57:28.951  9504  9549 W SQLiteLog: (28) double-quoted string literal: "com.samcod3.meditrack"
12-22 18:57:28.954  3543  4576 D CompatChangeReporter: Compat change id reported: 311208629; UID 10277; state: ENABLED
12-22 18:57:28.955  9504  9549 I kloadclassifier: System.exit called, status: 0
12-22 18:57:28.955  9504  9549 I AndroidRuntime: VM exiting with result code 0, cleanup skipped.
12-22 18:57:28.964  3543  8184 I ActivityManager: Death received, pid = 9504, processName = com.qualcomm.qti.workloadclassifier for thread android.os.BinderProxy@b265f8e
12-22 18:57:28.964  1861  1861 I Zygote  : Process 9504 exited cleanly (0)
12-22 18:57:28.965  3543  8086 I ActivityManager: Process com.qualcomm.qti.workloadclassifier (pid 9504) has died: cch+5 CEM 
12-22 18:57:28.965  3543  3689 I libprocessgroup: Removed cgroup /sys/fs/cgroup/apps/uid_10277/pid_9504
12-22 18:57:28.965  3543  3671 D IModule : notifyEvent: GAME_PROCESS_DIE
12-22 18:57:28.965  3543  8086 E WindowProcessControllerExtImpl: shouldMakeAbnormalActivityFinishing, list may empty, mHasActivities: false
12-22 18:57:28.966  4903  6488 V OsAgent : broadcastSystemEvent - 7
12-22 18:57:28.967  3543  6444 I OStatsManager_OplusBatteryStatsManager: updateStateTime: PkgName = com.qualcomm.qti.workloadclassifier, uid = 10277, state to em, mForegroundCnt = 0, isFg = false
12-22 18:57:28.967  3543  5416 W Athena  : athena_optimize: recordTime, mLastDeathTime: 143089
12-22 18:57:28.967  3543  5416 W Athena  : athena_optimize: recordInterval,  intervalTime: 89
12-22 18:57:28.967  3543  5416 E Athena  : athena_optimize: pkg: com.qualcomm.qti.workloadclassifier, processName: com.qualcomm.qti.workloadclassifiergetPercentage: 52
12-22 18:57:28.967  4767  8503 I PluginSeedling--Base: SeedlingPluginService-->13429882 onStateChange: Bundle[{pkgName=com.qualcomm.qti.workloadclassifier, pid=9504, uid=10277, state=onProcessDied}]
12-22 18:57:28.968  1974  9332 I sensors-hal: handle_oplus_wise_rgb_event:161, wise_rgb: (1460)(cct, lux, ir)[5300.00, 11.78, 7.064484] (r, g, b, c)[926.57, 477.87, 250.87, 1632.24]                 (pwm, hbm, brl, algo)[0.0 0.0 977.0 2.0], flag 0
12-22 18:57:28.982 16890 16890 I bpbk    : onPause
12-22 18:57:28.984  4994  5790 I SystemUiProxy: SystemUiProxy#getRecentTasks isInGoRecentsAnim: false
12-22 18:57:28.984  3543  8184 D ActivityTaskManager: Skipping, invisible task: Task{e4320d7 #5 type=home I=com.android.launcher/.Launcher}
12-22 18:57:28.985  3543  8184 D ActivityTaskManager: after skip size:2,pre-Filtered:com.samcod3.meditrack # com.whatsapp # 
12-22 18:57:28.985 16890  1289 V ClearcutMetricXmitter: Transmission is done.
12-22 18:57:28.996  3220  3220 I OplusTouchDaemon: ts_run_service: shellback temperature updated 27 (27891)
12-22 18:57:29.071  3543  3675 D OplusWallpaperSurfaceAnimation: resetEnable curState: STARTED
12-22 18:57:29.071  3543  3675 D OplusWallpaperAnimationManager: onAnimationEnd
12-22 18:57:29.071  3543  3675 D OplusWallpaperAnimationManager: setSkipUpdateWallpaperPosition skip: false, wallpaper: Window{c89b069 u0 com.android.systemui.wallpapers.ImageWallpaper}
12-22 18:57:29.071  3543  3675 D OplusWallpaperSurfaceAnimation: setAnimationState curState: IDLE
12-22 18:57:29.159  1964  6383 I vendor.qti.bluetooth@1.0-ibs_handler: DeviceSleep: TX Awake, Sending SLEEP_IND
12-22 18:57:29.159  1964  6383 D vendor.qti.bluetooth@1.0-ibs_handler: SerialClockVote: vote for UART CLK OFF
12-22 18:57:29.234  9500  9500 D nativeloader: Configuring clns-9 for other apk /data/app/~~gR3xb-FRoX36kvoOoMaKrQ==/com.samcod3.meditrack-dcYSZckLFiribG8h0IU0kQ==/base.apk. target_sdk_version=35, uses_libraries=, library_path=/data/app/~~gR3xb-FRoX36kvoOoMaKrQ==/com.samcod3.meditrack-dcYSZckLFiribG8h0IU0kQ==/lib/arm64:/data/app/~~gR3xb-FRoX36kvoOoMaKrQ==/com.samcod3.meditrack-dcYSZckLFiribG8h0IU0kQ==/base.apk!/lib/arm64-v8a, permitted_path=/data:/mnt/expand:/data/user/0/com.samcod3.meditrack
12-22 18:57:29.236  9500  9500 I mcod3.meditrack: AssetManager2(0xb4000076f5b9ea28) locale list changing from [] to [es-ES]
12-22 18:57:29.238  9500  9500 V GraphicsEnvironment: Currently set values for:
12-22 18:57:29.238  9500  9500 V GraphicsEnvironment:   angle_gl_driver_selection_pkgs=[]
12-22 18:57:29.238  9500  9500 V GraphicsEnvironment:   angle_gl_driver_selection_values=[]
12-22 18:57:29.238  9500  9500 V GraphicsEnvironment: com.samcod3.meditrack is not listed in per-application setting
12-22 18:57:29.238  9500  9500 V GraphicsEnvironment: ANGLE allowlist from config: 
12-22 18:57:29.238  9500  9500 V GraphicsEnvironment: com.samcod3.meditrack is not listed in ANGLE allowlist or settings, returning default
12-22 18:57:29.238  9500  9500 V GraphicsEnvironment: Updatable production driver is not supported on the device.
12-22 18:57:29.238  9500  9500 D ResourcesManagerExtImpl: applyConfigurationToAppResourcesLocked app.getDisplayId() return callback.displayId:-1
12-22 18:57:29.248  9500  9500 D OplusGraphicsEvent: OplusGraphicsEventListener create now!
12-22 18:57:29.249  9500  9500 D OplusGraphicsEvent: addEventListener success!
12-22 18:57:29.249  9500  9500 E [UAH_CLIENT]: uahInit enter
12-22 18:57:29.250  9500  9500 W mcod3.meditrack: AIBinder_linkToDeath is being called with a non-null cookie and no onUnlink callback set. This might not be intended. AIBinder_DeathRecipient_setOnUnlinked should be called first.
12-22 18:57:29.250  2170  2170 I UrccFramework-halservice: Urcc::init is called 
12-22 18:57:29.250  9500  9500 I [UAH_CLIENT]: UahGetFeatureStatus enter
12-22 18:57:29.252  9500  9500 D CompatChangeReporter: Compat change id reported: 279646685; UID 10262; state: ENABLED
12-22 18:57:29.255  9500  9500 I [Koin]  : [init] declare Android Context
12-22 18:57:29.263  9500  9500 I [Koin]  : Started 29 definitions in 0.215156 ms
12-22 18:57:29.264  3543  8184 W OPLUS_LOG_LOAD: ==LOGS PROG INFO, prog(system_server) ==
12-22 18:57:29.264  3543  8184 I ActivityManager: Flag disabled. Ignoring finishAttachApplication from uid: 10262. pid: 9500
12-22 18:57:29.264  9500  9500 D OplusActivityManager: get AMS extension: android.os.BinderProxy@9ba9dc4
12-22 18:57:29.265  3543  9178 I [UAH_CLIENT]: UahEventAcquire, cmdid:2, pkg:none, identity:OplusActivityManagerServiceEnhance
12-22 18:57:29.265  2264 17213 D GpuServiceExtImpl: getRUSWhiteList  size 0
12-22 18:57:29.265  9500  9500 I HWUI    : SupportApps size 0
12-22 18:57:29.266  3543  9178 D closeloop: closeloopwrite (4) to (/proc/oplus_cl/cl_glthread) success
12-22 18:57:29.266  9500  9560 D ExtensionsLoader: createInstance(64bit) : createExtendedFactory
12-22 18:57:29.266  9500  9500 I mcod3.meditrack: AssetManager2(0xb4000076f5b9ed28) locale list changing from [] to [es-ES]
12-22 18:57:29.266  9500  9560 D ExtensionsLoader: Opened libSchedAssistExtImpl.so
12-22 18:57:29.266  9500  9560 E SchedAssist: open sharedFd failed with error=Permission denied
12-22 18:57:29.266  9500  9500 D ResourcesManagerExtImpl: applyConfigurationToAppResourcesLocked app.getDisplayId() return callback.displayId:0
12-22 18:57:29.266  9500  9560 E SchedAssist: open sharedFd failed with error=Permission denied
12-22 18:57:29.266  9500  9560 E SchedAssist: open sharedFd failed with error=Permission denied
12-22 18:57:29.266  9500  9560 E SchedAssist: open sharedFd failed with error=Permission denied
12-22 18:57:29.266  9500  9560 I DisplayManager: Choreographer implicitly registered for the refresh rate.
12-22 18:57:29.267  9500  9555 D MediTrackApp: Gemini Nano pre-warmed. Available: true
12-22 18:57:29.267  9500  9560 D vulkan  : searching for layers in '/data/app/~~gR3xb-FRoX36kvoOoMaKrQ==/com.samcod3.meditrack-dcYSZckLFiribG8h0IU0kQ==/lib/arm64'
12-22 18:57:29.267  9500  9560 D vulkan  : searching for layers in '/data/app/~~gR3xb-FRoX36kvoOoMaKrQ==/com.samcod3.meditrack-dcYSZckLFiribG8h0IU0kQ==/base.apk!/lib/arm64-v8a'
12-22 18:57:29.269  9500  9560 D colorx  : I can't find colorx layer , let's enumerate colorx layers first.
12-22 18:57:29.270  9500  9500 E ashmem  : Pinning is deprecated since Android Q. Please use trim or other methods.
12-22 18:57:29.271  9500  9500 E OplusPredictiveBackController:  NoSuchMethodException 
12-22 18:57:29.271  9500  9500 D OplusPredictiveBackController: initPredictiveBackConfig for com.samcod3.meditrack.MainActivity@a62fff4 initPredictiveBackConfig mShouldInterceptKeyEvent false
12-22 18:57:29.272  9500  9500 I oplus.android.OplusFrameworkFactoryImpl: Unknow feature:IOplusTextViewRTLUtilForUG
12-22 18:57:29.272  2090  2090 I qspmHal : enter getGpuProf at: 1194690616
12-22 18:57:29.272  2090  2090 I qspmHal : Coudn't match the GFX PID 9500 to AT PID 9504. Checking in local cache.
12-22 18:57:29.272  2090  2090 I qspmHal : Found the GFX PID in cache
12-22 18:57:29.272  2090  2090 I qspmHal : PID 9500 from GFX matched.
12-22 18:57:29.272  2090  2090 I qspmHal : gpuProfName:com.samcod3.meditrack-gpu - gpu prof_info.path:/data/vendor/gaming/com.samcod3.meditrack-gpu
12-22 18:57:29.272  2090  2090 E qspmHal : GPU profile file NOT found !!
12-22 18:57:29.272  9500  9560 I AdrenoVK-0: ===== BEGIN DUMP OF OVERRIDDEN SETTINGS =====
12-22 18:57:29.272  9500  9560 I AdrenoVK-0: ===== END DUMP OF OVERRIDDEN SETTINGS =====
12-22 18:57:29.273  9500  9500 D CompatChangeReporter: Compat change id reported: 309578419; UID 10262; state: ENABLED
12-22 18:57:29.274  9500  9500 D DesktopModeFlags: Toggle override initialized to: OVERRIDE_UNSET
12-22 18:57:29.274  9500  9560 D qdgralloc: Fetching IMapper5 from QtiMapper5
12-22 18:57:29.277  9500  9560 I SnapAlloc: Graphics lib is available
12-22 18:57:29.279  9500  9560 I Adreno-UNKNOWN: Using previously loaded IMapper library.
12-22 18:57:29.281  9500  9560 I AdrenoVK-0: QUALCOMM build          : 6cec7db601, Ie2229927e4
12-22 18:57:29.281  9500  9560 I AdrenoVK-0: Build Date              : 09/10/25
12-22 18:57:29.281  9500  9560 I AdrenoVK-0: Shader Compiler Version : E031.47.18.42
12-22 18:57:29.281  9500  9560 I AdrenoVK-0: Local Branch            : 
12-22 18:57:29.281  9500  9560 I AdrenoVK-0: Remote Branch           : refs/tags/AU_LINUX_ANDROID_LA.VENDOR.15.4.0.11.00.00.1088.743
12-22 18:57:29.281  9500  9560 I AdrenoVK-0: Remote Branch           : NONE
12-22 18:57:29.281  9500  9560 I AdrenoVK-0: Reconstruct Branch      : NOTHING
12-22 18:57:29.281  9500  9560 I AdrenoVK-0: Build Config            : S P 18.0.0 AArch64
12-22 18:57:29.281  9500  9560 I AdrenoVK-0: Driver Path             : /vendor/lib64/hw/vulkan.adreno.so
12-22 18:57:29.281  9500  9560 I AdrenoVK-0: Driver Version          : 0800.56.1
12-22 18:57:29.281  9500  9560 I AdrenoVK-0: PFP                     : 0x01500077
12-22 18:57:29.281  9500  9560 I AdrenoVK-0: ME                      : 0x01500014
12-22 18:57:29.281  9500  9560 I AdrenoVK-0: Application Name    : android framework
12-22 18:57:29.281  9500  9560 I AdrenoVK-0: Process Name        : com.samcod3.meditrack
12-22 18:57:29.281  9500  9560 I AdrenoVK-0: Application Version : 0x00000000
12-22 18:57:29.281  9500  9560 I AdrenoVK-0: Engine Name         : android framework
12-22 18:57:29.281  9500  9560 I AdrenoVK-0: Engine Version      : 0x00000000
12-22 18:57:29.281  9500  9560 I AdrenoVK-0: Api Version         : 0x00401000
12-22 18:57:29.281  9500  9500 I ContentCaptureHelper: Setting logging level to OFF
12-22 18:57:29.282  9500  9500 D ActivityThread: ComponentInfo{com.samcod3.meditrack/com.samcod3.meditrack.MainActivity} checkFinished=false 2
12-22 18:57:29.282  9500  9500 D ResourcesManagerExtImpl: applyConfigurationToAppResourcesLocked app.getDisplayId() return callback.displayId:0
12-22 18:57:29.282  9500  9560 D ExtensionsLoader: createInstance(64bit) : createExtendedFactory
12-22 18:57:29.283  9500  9560 D ExtensionsLoader: Opened libeglextimpl.so
12-22 18:57:29.283  9500  9560 D PreCache: [IPreCacheRus]loadRUSConfigs#102 failed to transact: -22 prc:com.samcod3.meditrack
12-22 18:57:29.284  9500  9500 D CompatChangeReporter: Compat change id reported: 352594277; UID 10262; state: ENABLED
12-22 18:57:29.284  9500  9500 D OplusInputMethodUtil: init sDebug to false, init sDebugIme to false, init sAlwaysOn to false
12-22 18:57:29.284  9500  9500 D OplusInputMethodUtil: updateDebugToClass InputMethodManager.DEBUG = false
12-22 18:57:29.284  9500  9500 D OplusInputMethodUtil: updateDebugToClass ImeFocusController.DEBUG = false
12-22 18:57:29.284  9500  9500 D OplusInputMethodUtil: updateDebugToClass OnBackInvokedDispatcher.DEBUG = false
12-22 18:57:29.284  9500  9500 D OplusInputMethodUtil: updateDebugToClass InsetsController.DEBUG = false
12-22 18:57:29.284  9500  9500 D OplusInputMethodUtil: updateDebugToClass BaseInputConnection.DEBUG = false
12-22 18:57:29.286  9500  9500 D CompatChangeReporter: Compat change id reported: 349153669; UID 10262; state: ENABLED
12-22 18:57:29.286  9500  9565 D ExtensionsLoader: createInstance(64bit) : createExtendedFactory
12-22 18:57:29.286  3543  3682 W UserAwareMgr: process owner is not matched: 10, threadName: HwUiTask, pid: 9500,tid=9565,owner=fg1
12-22 18:57:29.286  3543  3682 W UserAwareMgr: process owner is not matched: 10, threadName: HwUiTask, pid: 9500,tid=9566,owner=fg1
12-22 18:57:29.286  9500  9500 D WindowManager: Add to mViews: com.android.internal.policy.DecorView{7c57b33 I.E...... R.....ID 0,0-0,0 alpha=1.0 viewInfo = }[MainActivity],pkg= com.samcod3.meditrack
12-22 18:57:29.286  9500  9565 D ExtensionsLoader: Opened libSchedAssistExtImpl.so
12-22 18:57:29.287  9500  9560 D ExtensionsLoader: createInstance(64bit) : createExtendedFactory
12-22 18:57:29.287  9500  9560 D ExtensionsLoader: Opened libhwuiextimpl.so
12-22 18:57:29.287  9500  9560 D skia    : setRusSupported enable 1
12-22 18:57:29.287  3543  3682 W UserAwareMgr: process owner is not matched: 10, threadName: RenderThread, pid: 9500,tid=9560,owner=fg1
12-22 18:57:29.289  3543  9178 I WindowManager: addWindow: New client android.os.BinderProxy@d6df2d8 : window=Window{2de6631 u0 com.samcod3.meditrack/com.samcod3.meditrack.MainActivity}
12-22 18:57:29.290  9500  9500 D ViewRootImplExtImpl: onDisplayChanged -1 for VRI android.view.ViewRootImpl@fd2978f
12-22 18:57:29.290  9500  9500 D ResourcesManagerExtImpl: applyConfigurationToAppResourcesLocked app.getDisplayId() return callback.displayId:0
12-22 18:57:29.290  9500  9500 E OplusBracketLog: [OplusViewMirrorManager] updateHostViewRootIfNeeded, not support android.view.ViewRootImpl@fd2978f
12-22 18:57:29.295  3543  3674 I TaskOrganizerController: onTaskInfoChanged taskid 1 config { mBounds=Rect(0, 0 - 1264, 2780) mAppBounds=Rect(0, 0 - 1264, 2780) mMaxBounds=Rect(0, 0 - 1264, 2780) mDisplayRotation=ROTATION_0 mWindowingMode=fullscreen mActivityType=home mAlwaysOnTop=undefined mRotation=ROTATION_0}
12-22 18:57:29.296  3543  3674 D OplusFlexibleDragToSplitAnimController: visibleFlexibleTaskInfos delete:1
12-22 18:57:29.296  3543  3674 E FlexibleWindowManagerService: notifyTaskObserverToAttachController not need to notify!
12-22 18:57:29.296  3543  3674 I FlexibleWindowManagerService: onFlexibleWindowTaskInfoChanged, return for cur task not embedded
12-22 18:57:29.296  3543  3674 I TaskOrganizerController: onTaskInfoChanged taskid 7965 config { mBounds=Rect(0, 0 - 1264, 2780) mAppBounds=Rect(0, 0 - 1264, 2780) mMaxBounds=Rect(0, 0 - 1264, 2780) mDisplayRotation=ROTATION_0 mWindowingMode=fullscreen mActivityType=standard mAlwaysOnTop=undefined mRotation=ROTATION_0}
12-22 18:57:29.296  4767  4895 D ShellTaskOrganizerExt: visibleFlexibleTaskInfos delete:1
12-22 18:57:29.296  3543  3674 D OplusFlexibleDragToSplitAnimController: visibleFlexibleTaskInfos delete:7965
12-22 18:57:29.296  3543  3674 E FlexibleWindowManagerService: notifyTaskObserverToAttachController not need to notify!
12-22 18:57:29.296  3543  3674 I FlexibleWindowManagerService: onFlexibleWindowTaskInfoChanged, return for cur task not embedded
12-22 18:57:29.296  4767  4895 D ShellTaskOrganizerExt: isOnCanvas size:0
12-22 18:57:29.296  4767  4895 D ShellTaskOrganizerExt: isOnThreeFlexibleCanvas size:0
12-22 18:57:29.296  4767  4895 D ShellTaskOrganizerExt: visibleFlexibleTaskInfos delete:7965
12-22 18:57:29.296  4767  4895 D ShellTaskOrganizerExt: isOnCanvas size:0
12-22 18:57:29.296  4767  4895 D ShellTaskOrganizerExt: isOnThreeFlexibleCanvas size:0
12-22 18:57:29.309  1964  5685 D vendor.qti.bluetooth@1.0-wake_lock: Release wakelock is released 
12-22 18:57:29.349  9500  9500 W mcod3.meditrack: Method boolean androidx.compose.runtime.snapshots.SnapshotStateList.conditionalUpdate(boolean, kotlin.jvm.functions.Function1) failed lock verification and will run slower.
12-22 18:57:29.349  9500  9500 W mcod3.meditrack: Common causes for lock verification issues are non-optimized dex code
12-22 18:57:29.349  9500  9500 W mcod3.meditrack: and incorrect proguard optimizations.
12-22 18:57:29.349  9500  9500 W mcod3.meditrack: Method boolean androidx.compose.runtime.snapshots.SnapshotStateList.conditionalUpdate$default(androidx.compose.runtime.snapshots.SnapshotStateList, boolean, kotlin.jvm.functions.Function1, int, java.lang.Object) failed lock verification and will run slower.
12-22 18:57:29.349  9500  9500 W mcod3.meditrack: Method java.lang.Object androidx.compose.runtime.snapshots.SnapshotStateList.mutate(kotlin.jvm.functions.Function1) failed lock verification and will run slower.
12-22 18:57:29.349  9500  9500 W mcod3.meditrack: Method void androidx.compose.runtime.snapshots.SnapshotStateList.update(boolean, kotlin.jvm.functions.Function1) failed lock verification and will run slower.
12-22 18:57:29.349  9500  9500 W mcod3.meditrack: Method void androidx.compose.runtime.snapshots.SnapshotStateList.update$default(androidx.compose.runtime.snapshots.SnapshotStateList, boolean, kotlin.jvm.functions.Function1, int, java.lang.Object) failed lock verification and will run slower.
12-22 18:57:29.355  9500  9500 I [Koin]  : [Warning] - No Koin context defined in Compose, fallback to default Koin context.
12-22 18:57:29.355  9500  9500 I [Koin]  : Use KoinContext(), KoinAndroidContext() or KoinApplication() to setup or create Koin context with Compose and avoid such message.
12-22 18:57:29.371  3543  9178 D CoreBackPreview: Window{2de6631 u0 com.samcod3.meditrack/com.samcod3.meditrack.MainActivity}: Setting back callback OnBackInvokedCallbackInfo{mCallback=android.window.IOnBackInvokedCallback$Stub$Proxy@937b8a2, mPriority=0, mIsAnimationCallback=false, mOverrideBehavior=0}
12-22 18:57:29.381  9500  9500 W libc    : Access denied finding property "ro.debuggable"
12-22 18:57:29.382  3220  3220 I synaLib : tcm: STATUS: Enter DOZE mode
12-22 18:57:29.400  9500  9500 D ViewRootImplExtImpl: wrapConfigInfoIntoFlags rotation=0, smallestScreenWidthDp=0, residentWS=false, scenario=0, bounds=Rect(0, 0 - 1264, 2780), relayoutAsync=false, flags=0, newFlags=1457520640, title=com.samcod3.meditrack/com.samcod3.meditrack.MainActivity
12-22 18:57:29.400  3543  9178 V WindowManager: Relayout Window{2de6631 u0 com.samcod3.meditrack/com.samcod3.meditrack.MainActivity}: viewVisibility=0, oldvis=4, req=1264x2780 , apr = 0, vsysui=, x=0, y=0
12-22 18:57:29.400  3543  9178 I WindowManager: Window{2de6631 u0 com.samcod3.meditrack/com.samcod3.meditrack.MainActivity} state from NO_SURFACE to DRAW_PENDING; reason: resetDrawState
12-22 18:57:29.401  3543  9178 D WindowManager: NFW_findFocusedWindowIfNeeded:Window{2de6631 u0 com.samcod3.meditrack/com.samcod3.meditrack.MainActivity} mCurrentFocus:null
12-22 18:57:29.401  3543  9178 V WindowManager: Changing focus from null to Window{2de6631 u0 com.samcod3.meditrack/com.samcod3.meditrack.MainActivity},diplayid=0
12-22 18:57:29.402  3543  3721 D VRR [OPlusSurfaceFlingerController]:  setComplexSceneEnable : false
12-22 18:57:29.402  3543  9178 D Theia.NoFocusWindow: FocusWindowErrorScene cancelCheckFreezeScreen
12-22 18:57:29.402  3543  9178 W TheiaWindowMonitor: [check] focusedWindow is null or enable is false
12-22 18:57:29.403  9500  9500 D VRI[MainActivity]: relayoutWindow result, sizeChanged:true, surfaceControlChanged:true, transformHintChanged:false, mSurfaceSize:Point(1264, 2780), mLastSurfaceSize:Point(0, 0), mWidth:-1, mHeight:-1, requestedWidth:1264, requestedHeight:2780, transformHint:0, installOrientation:0, displayRotation:0, isSurfaceValid:true, attr.flag:-2122252032, tmpFrames:ClientWindowFrames{frame=[0,0][1264,2780] display=[0,0][1264,2780] parentFrame=[0,0][0,0]}, relayoutAsync:false, mSyncSeqId:0
12-22 18:57:29.403  9500  9500 W VRI[MainActivity]: updateBlastSurfaceIfNeeded, surfaceSize:Point(1264, 2780), lastSurfaceSize:Point(0, 0), format:-1, blastBufferQueue:null
12-22 18:57:29.403  9500  9500 D BufferQueueConsumer: [](id:251c00000000,api:0,p:-1,c:9500) connect: controlledByApp=false
12-22 18:57:29.403  3543  3674 D SurfaceComposerClient: Transaction::apply InputWindowCommands.focusRequests timestamp=41049988946683, windowName=2de6631 com.samcod3.meditrack/com.samcod3.meditrack.MainActivity
12-22 18:57:29.403  9500  9500 D BufferQueueConsumer: [VRI[MainActivity]#0(BLAST Consumer)0](id:251c00000000,api:0,p:-1,c:9500) setMaxAcquiredBufferCount: 2
12-22 18:57:29.404  9500  9560 D BufferQueueProducer: [VRI[MainActivity]#0(BLAST Consumer)0](id:251c00000000,api:1,p:9500,c:9500) connect: api=1 producerControlledByApp=true
12-22 18:57:29.407  9500  9500 I SurfaceControl:  setExtendedRangeBrightness sc=Surface(name=com.samcod3.meditrack/com.samcod3.meditrack.MainActivity)/@0xeca7e9c,currentBufferRatio=1.0,desiredRatio=1.0
12-22 18:57:29.410  9500  9560 I AdrenoUtils: <ReadGpuID:366>: Reading chip ID through GSL
12-22 18:57:29.414  2278  2913 D SurfaceFlinger: updateWinowInfo=1, setFocusedWindow timestamp=41049988946683, windowName=2de6631 com.samcod3.meditrack/com.samcod3.meditrack.MainActivity
12-22 18:57:29.414  3543  4576 I InputDispatcher: NFW_setFocusedWindow, 2de6631 com.samcod3.meditrack/com.samcod3.meditrack.MainActivity on display 0, same as the previous:0
12-22 18:57:29.415  4994  4994 D OplusGcSupressionExtImpl: callGcDesupression : java.lang.NullPointerException: Attempt to invoke virtual method 'java.lang.Object java.lang.reflect.Method.invoke(java.lang.Object, java.lang.Object[])' on a null object reference
12-22 18:57:29.415  3543  3682 E UserAwareMgr: no matched scene event: 2025
12-22 18:57:29.415  4994  4994 E IJankManager: latencySceneEnd unknown scene 6 mScene:-1
12-22 18:57:29.415  4994  4994 E IJankManager: latencySceneEnd unknown scene 6 mScene:-1
12-22 18:57:29.415  4994  4994 D OplusGcSupressionExtImpl: callGcDesupression : java.lang.NullPointerException: Attempt to invoke virtual method 'java.lang.Object java.lang.reflect.Method.invoke(java.lang.Object, java.lang.Object[])' on a null object reference
12-22 18:57:29.415  3543  3682 E UserAwareMgr: no matched scene event: 2025
12-22 18:57:29.416  9500  9560 D BLASTBufferQueue: [VRI[MainActivity]#0](f:0,a:1) acquireNextBufferLocked size=1264x2780 mFrameNumber=1 applyTransaction=true mTimestamp=41050002004443(auto) mPendingTransactions.size=0 graphicBufferId=40802189312003 transform=0
12-22 18:57:29.416  4994  4994 E LetterIndexFastScrollHelper[u0]: setFastScrollSectionColor()
12-22 18:57:29.416  4994  4994 E LetterIndexFastScrollHelper[u0]: updateOtherKeys() isScrollKeyChange=false
12-22 18:57:29.416  9500  9560 D VRI[MainActivity]: Received frameCommittedCallback lastAttemptedDrawFrameNum=1 didProduceBuffer=true syncBuffer=false
12-22 18:57:29.416  2278  2910 I ClientCache: add: Cache owner=0xb40000711ed50720
12-22 18:57:29.416  9500  9560 D ExtensionsLoader: createInstance(64bit) : createExtendedFactory
12-22 18:57:29.416  9500  9560 D ExtensionsLoader: Opened libSchedAssistExtImpl.so
12-22 18:57:29.417  9500  9500 D ViewExtract: [OplusViewExtractManager] OplusViewExtractManager init com.samcod3.meditrack
12-22 18:57:29.417  4994  4994 E OsenseResClient: osenseClrSceneAction: handle is illegal
12-22 18:57:29.417  9500  9500 D VRI[MainActivity]: draw finished. seqId=0
12-22 18:57:29.417  3543  9178 I StatusBarManagerService: disableLocked, what:0, pkg:com.android.launcher userId: 0 token:android.os.BinderProxy@6595364 net1:0 net2:0
12-22 18:57:29.417  3543  4576 I WindowManager: Window{2de6631 u0 com.samcod3.meditrack/com.samcod3.meditrack.MainActivity} state from DRAW_PENDING to COMMIT_DRAW_PENDING; reason: finishDrawingLocked
12-22 18:57:29.417  3543  4576 D OplusTransitionAnimationManager: skipFinishDrawingIfNeed clientRotation=0, currentRotation=0, hasFixedRotationApp=false, requestedOrientation=-1, win=Window{2de6631 u0 com.samcod3.meditrack/com.samcod3.meditrack.MainActivity}, activity=ActivityRecord{239834569 u0 com.samcod3.meditrack/.MainActivity t7965}, currentConfig={1.15 ??mcc??mnc [es_ES] ldltr sw425dp w425dp h934dp 476dpi nrml long hdr widecg port night finger -keyb/v/h -nav/h winConfig={ mBounds=Rect(0, 0 - 1264, 2780) mAppBounds=Rect(0, 0 - 1264, 2780) mMaxBounds=Rect(0, 0 - 1264, 2780) mDisplayRotation=ROTATION_0 mWindowingMode=fullscreen mActivityType=standard mAlwaysOnTop=undefined mRotation=ROTATION_0} s.2 fontWeightAdjustment=0mThemeChanged= 0, mThemeChangedFlags= 0, mFlipFont= 0, mScenario= 0, mAccessibleChanged= -1, mUxIconConfig= 1e178114503921, mMaterialColor= 3, mUserId= 0, mFontUserId= 0, mFontVariationSettings= 1226, mFoldingAngle = -1.0, mIconPackName= com.unvoid.borealis, mDarkModeBackgroundMaxL= 8.0, mDarkModeDialogBgMaxL= 27.0, mDarkModeForegroundMinL= 100.0, mOplusConfigType= 1, mOplusChangedConfigs= 0, OpSans= -1, mBurmeseFontFlag= 2, mFlag= 0, mExtraFlag= 0, mFlexibleActivitySuitable= -1, mPuttDisplayFlag= -1}
12-22 18:57:29.417  4767  4767 I SystemUi--QuickSettings: ShadeInteractorImpl-->isExpandToQsEnabled isShadeEnabled=true isDozing=false disableFlags=DisableFlagsModel(disable1=0, disable2=0, animate=true) isDeviceProvisioned=true isSimpleUserSwitcher=false isQuickSettingsEnabled=true isUserSetup=true isOplusQsEnabled=false
12-22 18:57:29.417  4767  4767 I SystemUi--QuickSettings: OplusSeparateQSPluginImpl-->shouldHideStatusBar isFullyCollapsed true
12-22 18:57:29.417  4767  4767 I SystemUi--Statusbar: CollapsedSbFragment-->New visibilities calculated internally. StatusBarVisibilityModel(showClock: true showNotificationIcons:true showPrimaryOngoingActivityChip:false showSecondaryOngoingActivityChip:false showSystemInfo:true ) 
12-22 18:57:29.417  4767  4767 I SystemUi--Statusbar: CollapsedStatusBarFragmentExImpl-->animate: true, unlockAnimationRunning: false, fadingAway: false, keyguard: false
12-22 18:57:29.417  4994  4994 E SideSlipGesturesGuideHelper[u0]: canShowSwipeUpGuide launcher is null
12-22 18:57:29.417  4994  4994 D b/223498680: LRV onStateTransitionStart setFreezeVisibility=true, toState=Normal; isInterceptUIUpdate=false
12-22 18:57:29.417  4767  4767 I SystemUi--Statusbar: CollapsedStatusBarFragmentExImpl-->StatusBarVisibilityModelEx: StatusBarVisibilityModelEx(showClock: true showPromptView:false showPrimaryOngoingActivityChip:false showSecondaryOngoingActivityChip:false showNotificationContainer:true showOperatorName:true showSeedlingContainer:true ), animate: true
12-22 18:57:29.417  4994  5140 V SystemSensorManagerExtImpl: unRegisterListener by android.view.OrientationEventListener$CompatSensorEventListenerImpl@1f53b0a
12-22 18:57:29.418  3543  4576 W SensorService: SensorEventConnection sensor handle=11, package = android.view.OrientationEventListener disable
12-22 18:57:29.418  4767  4767 I SystemUi--QuickSettings: OplusSeparateQSPluginImpl-->shouldHideStatusBar isFullyCollapsed true
12-22 18:57:29.418  4767  4767 I SystemUi--Statusbar: CollapsedStatusBarFragmentExImpl-->showClockChanged: true lastModifiedVisibility.showClock: true previousModelEx.showClock: false statusBarFragment?.clockHiddenMode(): 8 clockView?.visibility: 8
12-22 18:57:29.418  3543  4576 E OGuardManager:  mMainHandler is null.
12-22 18:57:29.418  3543  3674 I WindowManager: Window{2de6631 u0 com.samcod3.meditrack/com.samcod3.meditrack.MainActivity} state from COMMIT_DRAW_PENDING to READY_TO_SHOW; reason: commitFinishDrawingLocked
12-22 18:57:29.418  3543  3674 D CoreBackPreview:  return markWindowHasDrawn mComposed: false  mWaitTransition: false
12-22 18:57:29.418  3543  3674 D ActivityTaskManager: Finish StartingWindow: ActivityRecord{239834569 u0 com.samcod3.meditrack/.MainActivity t7965}first real window is shown
12-22 18:57:29.418  3543  4576 D SensorService: SensorDevice::activate: ident=0xb400007560841400, handle=0x0000000b, enabled=0, count=2
12-22 18:57:29.418  3543  4576 D SensorService: disable index=1
12-22 18:57:29.418  3543  4576 D SensorService: 	>>> actuating h/w batch 0x0000000b 200000000 2000000000
12-22 18:57:29.418  4994  4994 D b/223498680: LRV onStateTransitionComplete finalState=Normal; isSpringAnimToRecent=false; isRecentAnimateDragging=false; isInterceptSomeUIUpdate=false; isLauncherBehindOrientation=; isInGoRecentsAnim=false; isLastOverView=false; isDeskGoRecentsAnim=false
12-22 18:57:29.418  4994  4994 D b/223498680: LRV onStateTransitionComplete setFreezeVisibility=false, finalState=Normal
12-22 18:57:29.418  3543  3674 D ActivityTaskManager: removeStartingWindowAnimation starting ActivityRecord{239834569 u0 com.samcod3.meditrack/.MainActivity t7965} startingWindow=null ,startingView=com.android.server.wm.StartingSurfaceController$StartingSurface@82cc523,Callers=com.android.server.wm.ActivityRecord.removeStartingWindow:3390 com.android.server.wm.ActivityRecord.onFirstWindowDrawn:8050 com.android.server.wm.WindowState.performShowLocked:4916 com.android.server.wm.WindowStateAnimator.commitFinishDrawingLocked:403 com.android.server.wm.DisplayContent.lambda$new$8:1149 
12-22 18:57:29.418  3543  3674 D OplusStartingWindowManager: interceptRemoveStartingWindow: packageName=com.samcod3.meditrack,  componentName=com.samcod3.meditrack/.MainActivity, isSnapshot=false, startingSurfaceRunnable=null, isDrawCompleted=false, hasSurfaceView=false, inTransition=true
12-22 18:57:29.418  1974  1974 I sensors-hal: batch:163, android.sensor.accelerometer/11, period=200000000, max_latency=2000000000
12-22 18:57:29.418  3543  3674 D OplusSplitScreenDnDUI: notifyRemoveStartingWindow isSpitScreenDrag = false mDropTargetSurface = null StartingWindowpkgName = com.samcod3.meditrack DragPkg = null isLauncherResume = false
12-22 18:57:29.418  1974  1974 I sensors-hal: send_sensor_config_request:500, resampler is used, set resampler config
12-22 18:57:29.418  3543  3674 D OplusStartingWindowManager: interceptRemoveStartingWindow: hasSplashWindowFlag() return false for activity=ActivityRecord{239834569 u0 com.samcod3.meditrack/.MainActivity t7965}
12-22 18:57:29.418  1974  1974 I sensors-hal: send_sync_sensor_request:443, send sync request
12-22 18:57:29.418  4994  4994 I [UAH_CLIENT]: UahRelease, handle:23616
12-22 18:57:29.418  1974  1974 I sensors-hal: send_sync_sensor_request:472, wait for notification of response
12-22 18:57:29.418  4994  5556 D RemoteAnimationRunnerCompat: animationFinishedCallback start, transition id: 1036, multiOpenId: -1, isPredictiveBackBlockablAnim: false, mFinishCallback: android.window.IRemoteTransitionFinishedCallback$Stub$Proxy@9ca5064, mMultiRemoteCallback: null
12-22 18:57:29.418  4994  7968 D RemoteAnimFrameRateManager: setFrameRateTarget velocity: -2 , frame rate result : false , dynamicFrameRateType : 1
12-22 18:57:29.418  4994  5556 D RemoteAnimRunnerExt: setPredictiveBackAnimPair, id: 1036, active: false, previous id: -1
12-22 18:57:29.418  4994  5556 W RemoteAnimRunnerExt: setPredictiveBackBlockablAnimPair, miss matching id for inactive
12-22 18:57:29.418  4994  5556 D RemoteAnimationRunnerCompat: animationFinishedCallback call, transition id: 1036, needMergeT: false, mergeTransition: null
12-22 18:57:29.418  3543  3674 D TaskOrganizerController: TaskOrganizerController.removeStartingWindow: call wmshell to removeStartingWindow Task{4fac42a #7965 type=standard A=10262:com.samcod3.meditrack}
12-22 18:57:29.418  3543  3674 I Quality : LaunchTime2.0: com.samcod3.meditrack/.MainActivity 2 540 com.android.shell 23 62
12-22 18:57:29.419  5270 10786 I iopgp   : Iopgp: TRANSACTION_IOPGP_ON_ACTIVITY_LAUNCH_FINISHED sequence_id = 91 timestamp_nanos = 41050005069808
12-22 18:57:29.419  3543  3674 D QuickBackInputPolicy: setAppLaunchEndTime update timePair=Pair{ActivityRecord{239834569 u0 com.samcod3.meditrack/.MainActivity t7965} 41050005}
12-22 18:57:29.418  4767  6359 D OplusShellTransition: RemoteTransitionHandlerandroid.os.BinderProxy@f04c0dc, onTransitionFinished thread=206, true
12-22 18:57:29.419  4767  4895 D OplusShellTransition: RemoteTransitionHandlerandroid.os.BinderProxy@f04c0dc, onTransitionFinished, finishTransaction.mNativeObject=-5476376642563848448, thread=28
12-22 18:57:29.419  3543  3674 I WindowManager: Window{2de6631 u0 com.samcod3.meditrack/com.samcod3.meditrack.MainActivity} state from READY_TO_SHOW to HAS_DRAWN; reason: performShowLocked
12-22 18:57:29.419  4767  4895 V WindowManagerShell: Transition animation finished (aborted=false), notifying core (#1036) android.os.BinderProxy@f04c0dc@0
12-22 18:57:29.419  4767  4895 D SplitScreen-->AppLockManager: setStartFromSafeControl mStartFromSafeControl=false
12-22 18:57:29.419  1974   383 I sensors-hal: qsh_conn_resp_cb:793, resp_value = 0 for accel 
12-22 18:57:29.419  1974  1974 I sensors-hal: send_sync_sensor_request:478, takes 0 ms to receive the response with 0
12-22 18:57:29.419  1974  1974 I sensors-hal: batch:185, android.sensor.accelerometer/11, period=200000000, max_latency=2000000000 request completed
12-22 18:57:29.419  4767  4895 D ShellTaskOrganizerExt: adjust change for exiting mini task: -1
12-22 18:57:29.419  3543  4576 D SensorService: activateHardware = 0
12-22 18:57:29.419  3543  4576 D SensorService: 15 active sensors
12-22 18:57:29.419  3543  4576 D SensorService: ~SensorEventConnection(0xb400007560841400)
12-22 18:57:29.419  4767  4895 D OplusShellTransition: isRecentsAnimation is: false isRemoteAnimation true
12-22 18:57:29.420  3543  4576 D Transition: finishTransition ar ActivityRecord{45078950 u0 com.android.launcher/.Launcher t5}, isVisibleRequested=false, state=PAUSED, visibleAtTransitionEndTokens={WallpaperWindowToken{80c57ac showWhenLocked=true}, ActivityRecord{239834569 u0 com.samcod3.meditrack/.MainActivity t7965}}, this=TransitionRecord{3ca684c id=1036 track=0 type=OPEN flags=0x0 state=2 c=[
12-22 18:57:29.420  3543  4576 D Transition:    ChangeInfo{a392ad container=Task{7756de #1 type=home} flags=0x10}
12-22 18:57:29.420  3543  4576 D Transition:    ChangeInfo{fbdc095 container=ActivityRecord{45078950 u0 com.android.launcher/.Launcher t5} flags=0x0}
12-22 18:57:29.420  3543  4576 D Transition:    ChangeInfo{9aa53c4 container=Task{4fac42a #7965 type=standard A=10262:com.samcod3.meditrack} flags=0x30}
12-22 18:57:29.420  3543  4576 D Transition:    ChangeInfo{cb695aa container=WallpaperWindowToken{80c57ac showWhenLocked=true} flags=0x0}
12-22 18:57:29.420  3543  4576 D Transition:    ChangeInfo{6d3b59b container=DefaultTaskDisplayArea@158857302 flags=0x0}
12-22 18:57:29.420  3543  4576 D Transition:    ChangeInfo{a5bbd38 container=Task{e4320d7 #5 type=home I=com.android.launcher/.Launcher} flags=0x10}
12-22 18:57:29.420  3543  4576 D Transition:    ChangeInfo{e06d111 container=ActivityRecord{239834569 u0 com.samcod3.meditrack/.MainActivity t7965} flags=0x0}
12-22 18:57:29.420  3543  4576 D Transition:    ChangeInfo{c06276 container=Display{#0 state=ON size=1264x2780 ROTATION_0} flags=0x0}
12-22 18:57:29.420  3543  4576 D Transition: ]
12-22 18:57:29.420  3543  4576 D Transition: }
12-22 18:57:29.420  3543  4576 D ActivityTaskManager: commitVisibility: ActivityRecord{45078950 u0 com.android.launcher/.Launcher t5}: visible=false visibleRequested=false, isInTransition=false 
12-22 18:57:29.420  3543  4576 D WindowManager: NFW_setClientVisible:ActivityRecord{45078950 u0 com.android.launcher/.Launcher t5} clientVisible:false
12-22 18:57:29.420  3543  3670 I ActivityTaskManager: Displayed com.samcod3.meditrack/.MainActivity for user 0: +547ms
12-22 18:57:29.420  3543  4576 I WindowManager: Window{4b64f7 u0 com.android.launcher/com.android.launcher.Launcher} state from HAS_DRAWN to DRAW_PENDING; reason: resetDrawState
12-22 18:57:29.420 16890  1289 D VRI[Launcher]: dispatchAppVisibility visible:false mUpcomingWindowFocus:false
12-22 18:57:29.420 16890 16890 D VRI[Launcher]: visibilityChanged oldVisibility=true newVisibility=false
12-22 18:57:29.420  4994 14800 D VRI[Launcher]: dispatchAppVisibility visible:false mUpcomingWindowFocus:false
12-22 18:57:29.420  3543  4576 D Transition: finishTransition ar ActivityRecord{239834569 u0 com.samcod3.meditrack/.MainActivity t7965}, isVisibleRequested=true, state=RESUMED, visibleAtTransitionEndTokens={WallpaperWindowToken{80c57ac showWhenLocked=true}, ActivityRecord{239834569 u0 com.samcod3.meditrack/.MainActivity t7965}}, this=TransitionRecord{3ca684c id=1036 track=0 type=OPEN flags=0x0 state=2 c=[
12-22 18:57:29.420  3543  4576 D Transition:    ChangeInfo{a392ad container=Task{7756de #1 type=home} flags=0x10}
12-22 18:57:29.420  3543  4576 D Transition:    ChangeInfo{fbdc095 container=ActivityRecord{45078950 u0 com.android.launcher/.Launcher t5} flags=0x0}
12-22 18:57:29.420  3543  4576 D Transition:    ChangeInfo{9aa53c4 container=Task{4fac42a #7965 type=standard A=10262:com.samcod3.meditrack} flags=0x30}
12-22 18:57:29.420  3543  4576 D Transition:    ChangeInfo{cb695aa container=WallpaperWindowToken{80c57ac showWhenLocked=true} flags=0x0}
12-22 18:57:29.420  3543  4576 D Transition:    ChangeInfo{6d3b59b container=DefaultTaskDisplayArea@158857302 flags=0x0}
12-22 18:57:29.420  3543  4576 D Transition:    ChangeInfo{a5bbd38 container=Task{e4320d7 #5 type=home I=com.android.launcher/.Launcher} flags=0x10}
12-22 18:57:29.420  3543  4576 D Transition:    ChangeInfo{e06d111 container=ActivityRecord{239834569 u0 com.samcod3.meditrack/.MainActivity t7965} flags=0x0}
12-22 18:57:29.420  3543  4576 D Transition:    ChangeInfo{c06276 container=Display{#0 state=ON size=1264x2780 ROTATION_0} flags=0x0}
12-22 18:57:29.420  3543  4576 D Transition: ]
12-22 18:57:29.420  3543  4576 D Transition: }
12-22 18:57:29.420  3543  4576 D WindowManager: NFW_setClientVisible:WallpaperWindowToken{80c57ac showWhenLocked=true} clientVisible:false
12-22 18:57:29.420  3543  8184 D Transition: finishTransaction-onCommitted syncId=1036
12-22 18:57:29.420  3543  3681 D WallpaperControllerExtImpl: screenshot + id = 15 userId = 0
12-22 18:57:29.420  3543  4576 I OplusAppSwitchManagerService:  handleAppVisible , r = ActivityRecord{239834569 u0 com.samcod3.meditrack/.MainActivity t7965}
12-22 18:57:29.420  3543  4576 D OplusTransitionController: finishTransition, transition: TransitionRecord{3ca684c id=1036 track=0 type=OPEN flags=0x0 state=4 c=[
12-22 18:57:29.420  3543  4576 D OplusTransitionController:    ChangeInfo{a392ad container=Task{7756de #1 type=home} flags=0x10}
12-22 18:57:29.420  3543  4576 D OplusTransitionController:    ChangeInfo{fbdc095 container=ActivityRecord{45078950 u0 com.android.launcher/.Launcher t5} flags=0x0}
12-22 18:57:29.420  3543  4576 D OplusTransitionController:    ChangeInfo{9aa53c4 container=Task{4fac42a #7965 type=standard A=10262:com.samcod3.meditrack} flags=0x30}
12-22 18:57:29.420  3543  4576 D OplusTransitionController:    ChangeInfo{cb695aa container=WallpaperWindowToken{80c57ac showWhenLocked=true} flags=0x0}
12-22 18:57:29.420  3543  4576 D OplusTransitionController:    ChangeInfo{6d3b59b container=DefaultTaskDisplayArea@158857302 flags=0x0}
12-22 18:57:29.420  3543  4576 D OplusTransitionController:    ChangeInfo{a5bbd38 container=Task{e4320d7 #5 type=home I=com.android.launcher/.Launcher} flags=0x10}
12-22 18:57:29.420  3543  4576 D OplusTransitionController:    ChangeInfo{e06d111 container=ActivityRecord{239834569 u0 com.samcod3.meditrack/.MainActivity t7965} flags=0x0}
12-22 18:57:29.420  3543  4576 D OplusTransitionController:    ChangeInfo{c06276 container=Display{#0 state=ON size=1264x2780 ROTATION_0} flags=0x0}
12-22 18:57:29.420  3543  4576 D OplusTransitionController: ]
12-22 18:57:29.420  3543  4576 D OplusTransitionController: }
12-22 18:57:29.420  3543  4576 D FlexibleTaskTransitionController:  finishTransition pendingRecentToFlexibleTask:null,isRotationTransition:false ,pendingRecentToFlexible:null ,transition:TransitionRecord{3ca684c id=1036 track=0 type=OPEN flags=0x0 state=4 c=[
12-22 18:57:29.420  3543  4576 D FlexibleTaskTransitionController:    ChangeInfo{a392ad container=Task{7756de #1 type=home} flags=0x10}
12-22 18:57:29.420  3543  4576 D FlexibleTaskTransitionController:    ChangeInfo{fbdc095 container=ActivityRecord{45078950 u0 com.android.launcher/.Launcher t5} flags=0x0}
12-22 18:57:29.420  3543  4576 D FlexibleTaskTransitionController:    ChangeInfo{9aa53c4 container=Task{4fac42a #7965 type=standard A=10262:com.samcod3.meditrack} flags=0x30}
12-22 18:57:29.420  3543  4576 D FlexibleTaskTransitionController:    ChangeInfo{cb695aa container=WallpaperWindowToken{80c57ac showWhenLocked=true} flags=0x0}
12-22 18:57:29.420  3543  4576 D FlexibleTaskTransitionController:    ChangeInfo{6d3b59b container=DefaultTaskDisplayArea@158857302 flags=0x0}
12-22 18:57:29.420  3543  4576 D FlexibleTaskTransitionController:    ChangeInfo{a5bbd38 container=Task{e4320d7 #5 type=home I=com.android.launcher/.Launcher} flags=0x10}
12-22 18:57:29.420  3543  4576 D FlexibleTaskTransitionController:    ChangeInfo{e06d111 container=ActivityRecord{239834569 u0 com.samcod3.meditrack/.MainActivity t7965} flags=0x0}
12-22 18:57:29.420  3543  4576 D FlexibleTaskTransitionController:    ChangeInfo{c06276 container=Display{#0 state=ON size=1264x2780 ROTATION_0} flags=0x0}
12-22 18:57:29.420  3543  4576 D FlexibleTaskTransitionController: ]
12-22 18:57:29.420  3543  4576 D FlexibleTaskTransitionController: }
12-22 18:57:29.421  3543  4576 D RefreshRate: ***** request traversal for refresh rate change, reason is highTempRefreshRateChanged: false, windowRefreshRateChanged: true, flexibleWindowStateChanged: false, has float/zoom window *****
12-22 18:57:29.421  3543  4576 D TransitionControllerExtImpl: NFW_send RECOMPUTE_FOCUS in finishTransition
12-22 18:57:29.421  4767  4895 D ShellTaskOrganizer: onTransitionFinish, isRecent:false
12-22 18:57:29.421  3543  3674 I WindowStateExtImpl: onSurfaceShowChange show = false mPackageName = com.google.android.googlequicksearchbox parentPkgName = com.android.launcher
12-22 18:57:29.421  3543  3674 D CoreBackPreview:  return markWindowHasDrawn mComposed: false  mWaitTransition: false
12-22 18:57:29.421  4767  4895 V WindowManagerShell: Track 0 became idle
12-22 18:57:29.421  4767  4895 V WindowManagerShell: All active transition animations finished
12-22 18:57:29.422  3543  3674 I TaskOrganizerController: onTaskInfoChanged taskid 1 config { mBounds=Rect(0, 0 - 1264, 2780) mAppBounds=Rect(0, 0 - 1264, 2780) mMaxBounds=Rect(0, 0 - 1264, 2780) mDisplayRotation=ROTATION_0 mWindowingMode=fullscreen mActivityType=home mAlwaysOnTop=undefined mRotation=ROTATION_0}
12-22 18:57:29.422  3543  3674 D OplusFlexibleDragToSplitAnimController: visibleFlexibleTaskInfos delete:1
