12-22 18:57:27.834 10555 10985 W SmartSidebar.DragReceptionViewHelper: (main)dismissReceptionWindow return case is null
12-22 18:57:27.834  4994  4994 D AnimSeqTimeStamp: getTimeGapToLastStartAppTime: 41048421
12-22 18:57:27.843  4994  4994 D AnimSeqTimeStamp: getTimeGapToLastStartAppTime: 41048429
12-22 18:57:27.844  3543  3671 D SystemGestures: detectSwipe: 2
12-22 18:57:27.844  3543  3671 D WindowManager: request show transient bar, navigationBar already visible
12-22 18:57:27.851  4994  4994 D AnimSeqTimeStamp: getTimeGapToLastStartAppTime: 41048437
12-22 18:57:27.859  4994  4994 D AnimSeqTimeStamp: getTimeGapToLastStartAppTime: 41048446
12-22 18:57:27.868  4994  4994 D AnimSeqTimeStamp: getTimeGapToLastStartAppTime: 41048454
12-22 18:57:27.876  4994  4994 D AnimSeqTimeStamp: getTimeGapToLastStartAppTime: 41048462
12-22 18:57:27.876  3543  3716 D PowerManagerService: userActivityNoUpdateLocked: groupId=0, eventTime=41048461, event=touch, flags=0x0, uid=1000
12-22 18:57:27.884  4994  4994 D AnimSeqTimeStamp: getTimeGapToLastStartAppTime: 41048471
12-22 18:57:27.893  4994  4994 D AnimSeqTimeStamp: getTimeGapToLastStartAppTime: 41048479
12-22 18:57:27.901  4994  4994 D AnimSeqTimeStamp: getTimeGapToLastStartAppTime: 41048487
12-22 18:57:27.909  4994  4994 D AnimSeqTimeStamp: getTimeGapToLastStartAppTime: 41048496
12-22 18:57:27.918  4994  4994 D AnimSeqTimeStamp: getTimeGapToLastStartAppTime: 41048504
12-22 18:57:27.925  1974  9332 I sensors-hal: handle_oplus_wise_rgb_event:161, wise_rgb: (1455)(cct, lux, ir)[5300.00, 13.49, 14.630051] (r, g, b, c)[1090.08, 573.44, 296.48, 1904.28]                 (pwm, hbm, brl, algo)[0.0 0.0 977.0 2.0], flag 0
12-22 18:57:27.926  4994  4994 D AnimSeqTimeStamp: getTimeGapToLastStartAppTime: 41048512
12-22 18:57:27.934  4994  4994 D AnimSeqTimeStamp: getTimeGapToLastStartAppTime: 41048520
12-22 18:57:27.936  1964  6383 I vendor.qti.bluetooth@1.0-ibs_handler: DeviceSleep: TX Awake, Sending SLEEP_IND
12-22 18:57:27.937  1964  6383 D vendor.qti.bluetooth@1.0-ibs_handler: SerialClockVote: vote for UART CLK OFF
12-22 18:57:27.943  4994  4994 D AnimSeqTimeStamp: getTimeGapToLastStartAppTime: 41048529
12-22 18:57:27.951  4994  4994 D AnimSeqTimeStamp: getTimeGapToLastStartAppTime: 41048537
12-22 18:57:27.959  4994  4994 D AnimSeqTimeStamp: getTimeGapToLastStartAppTime: 41048545
12-22 18:57:27.968  4994  4994 D AnimSeqTimeStamp: getTimeGapToLastStartAppTime: 41048554
12-22 18:57:27.976  4994  4994 D AnimSeqTimeStamp: getTimeGapToLastStartAppTime: 41048562
12-22 18:57:27.976  4994  5790 I SystemUiProxy: SystemUiProxy#getRecentTasks isInGoRecentsAnim: false
12-22 18:57:27.977  4994  5140 I ImeTracker: com.android.launcher:b566204a: onRequestHide at ORIGIN_CLIENT reason HIDE_SOFT_INPUT fromUser false
12-22 18:57:27.977  3543  8184 D ActivityTaskManager: Skipping, invisible task: Task{e4320d7 #5 type=home I=com.android.launcher/.Launcher}
12-22 18:57:27.978  3543  8184 D ActivityTaskManager: after skip size:2,pre-Filtered:com.samcod3.meditrack # com.whatsapp # 
12-22 18:57:27.980  4994  5140 V SystemSensorManagerExtImpl: RegisterListener bmi26x Accelerometer Non-wakeup type:1 delay:200000us by android.view.OrientationEventListener$CompatSensorEventListenerImpl@1f53b0a from com.android.launcher
12-22 18:57:27.980  3543  8184 D SensorService: createSensorEventConnection packageName = android.view.OrientationEventListener, opPackageName = com.android.launcher, mCurrentOperatingMode = 0, requestedMode = 0
12-22 18:57:27.980  3543  8184 D SensorService: SensorEventConnection type = 3, client = com.android.launcher, listener = android.view.OrientationEventListener
12-22 18:57:27.980  3543  8184 W SensorService: SensorEventConnection sensor handle=11, package = android.view.OrientationEventListener enable
12-22 18:57:27.980  3543  8184 E SensorService: Required app android.view.OrientationEventListener, uid 10237, pid 4994
12-22 18:57:27.980  3543  8184 E OGuardManager:  mMainHandler is null.
12-22 18:57:27.980  3543  8184 D SensorService: Calling batch handle==11 flags=0rate=200000000 timeout== 0
12-22 18:57:27.980  3543  8184 D SensorService: SensorDevice::batch: ident=0xb400007560841400, handle=0x0000000b, flags=0, period_ns=200000000 timeout=0
12-22 18:57:27.980  3543  8184 D SensorService: 	>>> actuating h/w BATCH 0x0000000b 200000000 0
12-22 18:57:27.981  1974  1974 I sensors-hal: batch:163, android.sensor.accelerometer/11, period=200000000, max_latency=0
12-22 18:57:27.981  1974  1974 I sensors-hal: send_sensor_config_request:500, resampler is used, set resampler config
12-22 18:57:27.981  1974  1974 I sensors-hal: send_sync_sensor_request:443, send sync request
12-22 18:57:27.981  1974  1974 I sensors-hal: send_sync_sensor_request:472, wait for notification of response
12-22 18:57:27.981  3543  3716 D PowerManagerService: userActivityNoUpdateLocked: groupId=0, eventTime=41048566, event=touch, flags=0x0, uid=1000
12-22 18:57:27.982  1974   383 I sensors-hal: qsh_conn_resp_cb:793, resp_value = 0 for accel 
12-22 18:57:27.982  1974  1974 I sensors-hal: send_sync_sensor_request:478, takes 1 ms to receive the response with 0
12-22 18:57:27.982  1974  1974 I sensors-hal: batch:185, android.sensor.accelerometer/11, period=200000000, max_latency=0 request completed
12-22 18:57:27.982  3543  8184 D SensorService: 	>>> actuating h/w flush 11
12-22 18:57:27.982  1974  1974 I sensors-hal: flush:205, android.sensor.accelerometer/11
12-22 18:57:27.982  1974  1974 I sensors-hal: flush:665, dt=accel, sending SNS_STD_MSGID_SNS_STD_FLUSH_REQ, _pending_flush_requests=1, _wakeup_type=0
12-22 18:57:27.982  1974  1974 I sensors-hal: send_sync_sensor_request:443, send sync request
12-22 18:57:27.982  1974  1974 I sensors-hal: send_sync_sensor_request:472, wait for notification of response
12-22 18:57:27.983  1974   383 I sensors-hal: qsh_conn_resp_cb:793, resp_value = 0 for accel 
12-22 18:57:27.983  1974  1974 I sensors-hal: send_sync_sensor_request:478, takes 0 ms to receive the response with 0
12-22 18:57:27.983  1974  1974 I sensors-hal: flush:211, android.sensor.accelerometer/11 completed
12-22 18:57:27.983  3543  8184 D SensorService: Calling activate on 11
12-22 18:57:27.983  3543  8184 D SensorService: SensorDevice::activate: ident=0xb400007560841400, handle=0x0000000b, enabled=1, count=2
12-22 18:57:27.983  3543  8184 D SensorService: enable index=1
12-22 18:57:27.983  3543  8184 D SensorService: info.numActiveClients() = 2, info.isActive = 1
12-22 18:57:27.983  3543  8184 D SensorService: activateHardware = 0
12-22 18:57:27.985  4994  4994 I [UAH_CLIENT]: UahEventAcquire, cmdid:80, pkg:none, identity:GpuBoost
12-22 18:57:27.985  4994  4994 W StackPagedViewEx: transToInner offsetX: 0.0, offsetY: 0.0, not init.
12-22 18:57:27.986  4994  4994 D InsetsController: hide(ime(), fromIme=false)
12-22 18:57:27.986  4994  4994 I ImeTracker: com.android.launcher:b566204a: onCancelled at PHASE_CLIENT_ALREADY_HIDDEN
12-22 18:57:27.986  4994  4994 D AnimSeqTimeStamp: getTimeGapToLastStartAppTime: 41048572
12-22 18:57:27.986  4994  4994 I VelocityTracker: LSQ2 speed rezero
12-22 18:57:27.988  4994  5769 I ndroid.launcher: AssetManager2(0xb4000075aeb9bc28) locale list changing from [] to [es-ES]
12-22 18:57:27.988  4994  5769 V OplusUXIconLoader: loadUxIcon drawable null, packageName = com.samcod3.meditrack,activityName =:com.samcod3.meditrack.MainActivity
12-22 18:57:27.990  4994  4994 D MultiStateCallback: GestureState[91700722] Adding [STATE_PENDING_APPLY_LOAD_PLAN_SUCCESS (2048)] to [STATE_END_TARGET_SET, STATE_END_TARGET_ANIMATION_FINISHED, STATE_RECENTS_ANIMATION_INITIALIZED, STATE_RECENTS_ANIMATION_STARTED, STATE_RECENTS_ANIMATION_FINISHED, STATE_RECENTS_ANIMATION_ENDED, STATE_RECENTS_SCROLLING_FINISHED, STATE_PENDING_APPLY_LOAD_PLAN_INIT, STATE_PENDING_APPLY_LOAD_PLAN_SUCCESS (2799)]
12-22 18:57:27.991  1974   383 I sensors-hal: handle_sns_std_flush_event:694, dt=accel, META_DATA_FLUSH_COMPLETE, _pending_flush_requests=1, _wakeup_type=0
12-22 18:57:27.991  3543  4357 D SensorService: First flush event for sensor==11 
12-22 18:57:27.992  4994  4994 D AnimSeqTimeStamp: getTimeGapToLastStartAppTime: 41048579
12-22 18:57:27.999  2013  4431 I SDM     : ClstcAlgorithmAdapter::UcscToneMap():1632 Checksum for layer 1 is: 0
12-22 18:57:27.999  2013  4431 I SDM     : ClstcAlgorithmAdapter::UcscToneMap():1632 Checksum for layer 4383 is: 0
12-22 18:57:28.001  4994  4994 D AnimSeqTimeStamp: getTimeGapToLastStartAppTime: 41048587
12-22 18:57:28.004  3543  8184 W HWUI    : Image decoding logging dropped!
12-22 18:57:28.009  4994  4994 D AnimSeqTimeStamp: getTimeGapToLastStartAppTime: 41048595
12-22 18:57:28.009  4994  4994 I VelocityTracker: LSQ2 speed rezero
12-22 18:57:28.012  3543 10930 D skia    : GrGpu::writePixels takes 6
12-22 18:57:28.017  4994  4994 D AnimSeqTimeStamp: getTimeGapToLastStartAppTime: 41048604
12-22 18:57:28.018  4994  4994 I VelocityTracker: LSQ2 speed rezero
12-22 18:57:28.026  4994  4994 D AnimSeqTimeStamp: getTimeGapToLastStartAppTime: 41048612
12-22 18:57:28.026  4994  4994 I VelocityTracker: LSQ2 speed rezero
12-22 18:57:28.034  4994  4994 D AnimSeqTimeStamp: getTimeGapToLastStartAppTime: 41048620
12-22 18:57:28.034  4994  4994 I VelocityTracker: LSQ2 speed rezero
12-22 18:57:28.042  4994  4994 D AnimSeqTimeStamp: getTimeGapToLastStartAppTime: 41048629
12-22 18:57:28.042  4994  4994 I VelocityTracker: LSQ2 speed rezero
12-22 18:57:28.051  4994  4994 D AnimSeqTimeStamp: getTimeGapToLastStartAppTime: 41048637
12-22 18:57:28.051  4994  4994 I VelocityTracker: LSQ2 speed rezero
12-22 18:57:28.059  4994  4994 D AnimSeqTimeStamp: getTimeGapToLastStartAppTime: 41048645
12-22 18:57:28.059  4994  4994 I VelocityTracker: LSQ2 speed rezero
12-22 18:57:28.068  4994  4994 D AnimSeqTimeStamp: getTimeGapToLastStartAppTime: 41048654
12-22 18:57:28.068  4994  4994 I VelocityTracker: LSQ2 speed rezero
12-22 18:57:28.074  3543  3682 I QosScheduler[QoSPolicy]: setSceneQoS begin:false sceneId:5
12-22 18:57:28.076  4994  4994 D AnimSeqTimeStamp: getTimeGapToLastStartAppTime: 41048662
12-22 18:57:28.076  4994  4994 I VelocityTracker: LSQ2 speed rezero
12-22 18:57:28.084  4994  4994 D AnimSeqTimeStamp: getTimeGapToLastStartAppTime: 41048670
12-22 18:57:28.084  4994  4994 I VelocityTracker: LSQ2 speed rezero
12-22 18:57:28.086  3543  3716 D PowerManagerService: userActivityNoUpdateLocked: groupId=0, eventTime=41048671, event=touch, flags=0x0, uid=1000
12-22 18:57:28.087  1964  5685 D vendor.qti.bluetooth@1.0-wake_lock: Release wakelock is released 
12-22 18:57:28.092  4994  4994 D AnimSeqTimeStamp: getTimeGapToLastStartAppTime: 41048679
12-22 18:57:28.092  4994  4994 I VelocityTracker: LSQ2 speed rezero
12-22 18:57:28.098  3543  4623 D OplusWifiPowerWakeupStats: IPV4_TCP_Packet wake up count 3
12-22 18:57:28.098  3543  4623 D OplusWifiPower_WakeupIp: android.uid.shell:2000(192.168.50.***) wakeup host
12-22 18:57:28.101  4994  4994 D AnimSeqTimeStamp: getTimeGapToLastStartAppTime: 41048687
12-22 18:57:28.101  4994  4994 I VelocityTracker: LSQ2 speed rezero
12-22 18:57:28.109  4994  4994 D AnimSeqTimeStamp: getTimeGapToLastStartAppTime: 41048695
12-22 18:57:28.117  4994  4994 D AnimSeqTimeStamp: getTimeGapToLastStartAppTime: 41048703
12-22 18:57:28.126  4994  4994 D AnimSeqTimeStamp: getTimeGapToLastStartAppTime: 41048712
12-22 18:57:28.134  4994  4994 D AnimSeqTimeStamp: getTimeGapToLastStartAppTime: 41048720
12-22 18:57:28.142  4994  4994 D AnimSeqTimeStamp: getTimeGapToLastStartAppTime: 41048728
12-22 18:57:28.150  4994  4994 D AnimSeqTimeStamp: getTimeGapToLastStartAppTime: 41048737
12-22 18:57:28.159  4994  4994 D AnimSeqTimeStamp: getTimeGapToLastStartAppTime: 41048745
12-22 18:57:28.167  4994  4994 D AnimSeqTimeStamp: getTimeGapToLastStartAppTime: 41048753
12-22 18:57:28.175  4994  4994 D AnimSeqTimeStamp: getTimeGapToLastStartAppTime: 41048762
12-22 18:57:28.184  4994  4994 D AnimSeqTimeStamp: getTimeGapToLastStartAppTime: 41048770
12-22 18:57:28.191  3543  3716 D PowerManagerService: userActivityNoUpdateLocked: groupId=0, eventTime=41048775, event=touch, flags=0x0, uid=1000
12-22 18:57:28.192  4994  4994 D AnimSeqTimeStamp: getTimeGapToLastStartAppTime: 41048778
12-22 18:57:28.200  4994  4994 D AnimSeqTimeStamp: getTimeGapToLastStartAppTime: 41048787
12-22 18:57:28.209  4994  4994 D AnimSeqTimeStamp: getTimeGapToLastStartAppTime: 41048795
12-22 18:57:28.217  4994  4994 D AnimSeqTimeStamp: getTimeGapToLastStartAppTime: 41048803
12-22 18:57:28.225  4994  4994 D AnimSeqTimeStamp: getTimeGapToLastStartAppTime: 41048812
12-22 18:57:28.234  4994  4994 D AnimSeqTimeStamp: getTimeGapToLastStartAppTime: 41048820
12-22 18:57:28.242  4994  4994 D AnimSeqTimeStamp: getTimeGapToLastStartAppTime: 41048828
12-22 18:57:28.246  1967  1967 D healthd : system healthd: battery l=29 v=3617 t=28.1 h=2 st=3 c=107 fc=6500000 cc=45 chg=
12-22 18:57:28.250  2154  2154 D ChargerInfo: getInfo: type: 0x1, update: 1
12-22 18:57:28.250  2154  2190 D ChargerInfo: chargerInfoUpdateThread: update start
12-22 18:57:28.250  4994  4994 D AnimSeqTimeStamp: getTimeGapToLastStartAppTime: 41048836
12-22 18:57:28.251  2154  2190 D ChargerInfo: enableTx: path(/proc/wireless/enable_tx): not exist
12-22 18:57:28.251  2154  2190 D ChargerInfo: wlsAdapterPower: path(/sys/class/oplus_chg/wireless/max_w_power): not exist
12-22 18:57:28.251  2154  2190 D ChargerInfo: unknown: path(/sys/class/oplus_chg/ac/online) and backupPath(/sys/class/power_supply/ac/online) not exist
12-22 18:57:28.251  2154  2190 D ChargerInfo: unknown: path(/sys/class/oplus_chg/ac/online) and backupPath(/sys/class/power_supply/ac/online) not exist
12-22 18:57:28.251  2154  2190 D ChargerInfo: unknown: path(/sys/class/power_supply/pc_port/online): not exist
12-22 18:57:28.251  2154  2190 D ChargerInfo: get_ui_charge_icon_type: 0 0 0 0
12-22 18:57:28.251  2154  2190 D ChargerInfo: unknown: path(/sys/class/oplus_chg/ac/online) and backupPath(/sys/class/power_supply/ac/online) not exist
12-22 18:57:28.251  2154  2190 D ChargerInfo: unknown: path(/sys/class/power_supply/pc_port/online): not exist
12-22 18:57:28.251  2154  2190 D ChargerInfo: unknown: path(/sys/class/oplus_chg/ac/online) and backupPath(/sys/class/power_supply/ac/online) not exist
12-22 18:57:28.251  2154  2190 D ChargerInfo: unknown: path(/sys/class/power_supply/pc_port/online): not exist
12-22 18:57:28.251  2154  2190 D ChargerInfo: unknown: path(/sys/class/oplus_chg/ac/online) and backupPath(/sys/class/power_supply/ac/online) not exist
12-22 18:57:28.251  2154  2190 D ChargerInfo: unknown: path(/sys/class/power_supply/pc_port/online): not exist
12-22 18:57:28.251  2154  2190 D ChargerInfo: getIsSingleHyperSupport=0, cpaPower=0
12-22 18:57:28.251  2154  2190 D ChargerInfo: chargerInfoUpdateThread: update end
12-22 18:57:28.251  2154  2190 D ChargerInfo: chargerInfoUpdateThread: update wait
12-22 18:57:28.251  2154  2154 D ChargerInfo: enableTx: path(/proc/wireless/enable_tx): not exist
12-22 18:57:28.251  2154  2154 D ChargerInfo: wlsAdapterPower: path(/sys/class/oplus_chg/wireless/max_w_power): not exist
12-22 18:57:28.251  2154  2154 D ChargerInfo: getInfo: {"Update":{"batteryFcc":6067,"batteryRm":1422,"bddLeakCurr":0,"bmsStatus":0,"bypassChgStatus":1,"chargeTimeRemaining":0,"cpaPower":0,"enableTx":"0","fastCharge":0,"isSupportSpeedCharge":0,"notifyCode":0,"otgOnline":0,"ppsChargePower":0,"ppsCharging":0,"shortCHwStatus":0,"shortIcOtpStatus":0,"uiIconType":0,"uiPower":0,"usbStatus":0,"wlsAdapterPower":0}}
12-22 18:57:28.259  4994  4994 D AnimSeqTimeStamp: getTimeGapToLastStartAppTime: 41048845
12-22 18:57:28.267  4994  4994 D AnimSeqTimeStamp: getTimeGapToLastStartAppTime: 41048853
12-22 18:57:28.275  4994  4994 D AnimSeqTimeStamp: getTimeGapToLastStartAppTime: 41048861
12-22 18:57:28.284  4994  4994 D AnimSeqTimeStamp: getTimeGapToLastStartAppTime: 41048870
12-22 18:57:28.292  4994  4994 D AnimSeqTimeStamp: getTimeGapToLastStartAppTime: 41048878
12-22 18:57:28.295  3543  3716 D PowerManagerService: userActivityNoUpdateLocked: groupId=0, eventTime=41048880, event=touch, flags=0x0, uid=1000
12-22 18:57:28.300  4994  4994 D AnimSeqTimeStamp: getTimeGapToLastStartAppTime: 41048886
12-22 18:57:28.303  3220  3220 E OplusTouchDaemon: [touchEvent][ts_report_touch_data][660]:Touchpanel id 0 :Down[12722 39120   29    0    0    0    0]K0 A0 D0
12-22 18:57:28.308  4994  4994 D AnimSeqTimeStamp: getTimeGapToLastStartAppTime: 41048895
12-22 18:57:28.317  4994  4994 D AnimSeqTimeStamp: getTimeGapToLastStartAppTime: 41048903
12-22 18:57:28.325  4994  4994 D AnimSeqTimeStamp: getTimeGapToLastStartAppTime: 41048911
12-22 18:57:28.333  4994  4994 D AnimSeqTimeStamp: getTimeGapToLastStartAppTime: 41048920
12-22 18:57:28.342  4994  4994 D AnimSeqTimeStamp: getTimeGapToLastStartAppTime: 41048928
12-22 18:57:28.342  3543  4357 I CwbClient: setCWBDisplayType set mFeatureID = CWB_RGB_VALUE
12-22 18:57:28.350  4994  4994 D AnimSeqTimeStamp: getTimeGapToLastStartAppTime: 41048936
12-22 18:57:28.358  4994  4994 D AnimSeqTimeStamp: getTimeGapToLastStartAppTime: 41048945
12-22 18:57:28.367  4994  4994 D AnimSeqTimeStamp: getTimeGapToLastStartAppTime: 41048953
12-22 18:57:28.375  4994  4994 D AnimSeqTimeStamp: getTimeGapToLastStartAppTime: 41048961
12-22 18:57:28.383  4994  4994 D AnimSeqTimeStamp: getTimeGapToLastStartAppTime: 41048970
12-22 18:57:28.392  4994  4994 D AnimSeqTimeStamp: getTimeGapToLastStartAppTime: 41048978
12-22 18:57:28.400  3220  3220 E OplusTouchDaemon: [prevent][curved_large_handle_V2][3082]: up id(0) status: 1, 1, 1, 0.
12-22 18:57:28.400  4994  4994 D AnimSeqTimeStamp: getTimeGapToLastStartAppTime: 41048987
12-22 18:57:28.401  4767  5107 I SystemUi--NavBar: SideGestureDetector-->isInvalidEvent:false  ,disableCui:false  ,ev:MotionEvent { action=ACTION_UP, actionButton=0, id[0]=0, x[0]=794.83594, y[0]=2443.9453, toolType[0]=TOOL_TYPE_FINGER, buttonState=0, classification=NONE, metaState=0, flags=0x0, edgeFlags=0x0, pointerCount=1, historySize=0, eventTime=41048985, downTime=41048252, deviceId=6, source=0x1002, displayId=0, eventId=618149516 }
12-22 18:57:28.401  3543  4841 D UAH-UahAdaptHelper: adaptSetNotification identity = OplusUAwareInputHelpersrc = 1000 , type 1 ,p1 = -1 ,p2 = -1 ,p3 = -1 ,p4 =
12-22 18:57:28.401  3543  4841 I [UAH_CLIENT]: uahRuleCtl, ruleId:1000, status:1
12-22 18:57:28.401  3543  3671 I VelocityTracker: LSQ2 speed rezero
12-22 18:57:28.401  3543  3671 I VelocityTracker: LSQ2 speed rezero
12-22 18:57:28.401  3543  3716 D PowerManagerService: userActivityNoUpdateLocked: groupId=0, eventTime=41048985, event=touch, flags=0x0, uid=1000
12-22 18:57:28.401  3543  4841 I VelocityTracker: LSQ2 speed rezero
12-22 18:57:28.401  3543  4841 I VelocityTracker: LSQ2 speed rezero
12-22 18:57:28.401  3543  4841 I [UAH_CLIENT]: UahRelease, handle:23607
12-22 18:57:28.401  4994  4994 D AnimSeqTimeStamp: getTimeGapToLastStartAppTime: 41048988
12-22 18:57:28.402  4994  4994 D OplusGcSupressionExtImpl: callGcSupression : java.lang.NullPointerException: Attempt to invoke virtual method 'java.lang.Object java.lang.reflect.Method.invoke(java.lang.Object, java.lang.Object[])' on a null object reference
12-22 18:57:28.402  4994  4994 E AFS_CONFIG: AFS_CONFIG: afs_config_scene_get
12-22 18:57:28.402  4994  4994 E [OPLUS_AFS_CONFIG]: Failed to open AFS config file: /proc/oplus_afs_config/afs_config
12-22 18:57:28.402  4994  4994 E AFS_CONFIG: Failed to get scene config
12-22 18:57:28.402  4994  4994 E OplusAfsManager: afsConfigSceneConfigGet sceneType is null
12-22 18:57:28.402  4994  4994 I [UAH_CLIENT]: UahEventAcquire, cmdid:84, pkg:none, identity:GpuBoost
12-22 18:57:28.403  3543  8184 I StatusBarManagerService: disableLocked, what:920000, pkg:com.android.launcher userId: 0 token:android.os.BinderProxy@6595364 net1:920000 net2:0
12-22 18:57:28.404  4767  4767 I SystemUi--QuickSettings: ShadeInteractorImpl-->isExpandToQsEnabled isShadeEnabled=true isDozing=false disableFlags=DisableFlagsModel(disable1=9568256, disable2=0, animate=true) isDeviceProvisioned=true isSimpleUserSwitcher=false isQuickSettingsEnabled=true isUserSetup=true isOplusQsEnabled=false
12-22 18:57:28.404  4767  4767 I SystemUi--QuickSettings: OplusSeparateQSPluginImpl-->shouldHideStatusBar isFullyCollapsed true
12-22 18:57:28.404  4767  4767 I SystemUi--Statusbar: CollapsedSbFragment-->New visibilities calculated internally. StatusBarVisibilityModel(showClock: false showNotificationIcons:false showPrimaryOngoingActivityChip:false showSecondaryOngoingActivityChip:false showSystemInfo:false ) 
12-22 18:57:28.404  4767  4767 I SystemUi--Statusbar: CollapsedStatusBarFragmentExImpl-->animate: true, unlockAnimationRunning: false, fadingAway: false, keyguard: false
12-22 18:57:28.404  4767  4767 I SystemUi--Statusbar: CollapsedStatusBarFragmentExImpl-->StatusBarVisibilityModelEx: StatusBarVisibilityModelEx(showClock: false showPromptView:false showPrimaryOngoingActivityChip:false showSecondaryOngoingActivityChip:false showNotificationContainer:false showOperatorName:false showSeedlingContainer:false ), animate: true
12-22 18:57:28.404  4767  4767 I SystemUi--QuickSettings: OplusSeparateQSPluginImpl-->shouldHideStatusBar isFullyCollapsed true
12-22 18:57:28.404  4767  4767 I SystemUi--Statusbar: CollapsedStatusBarFragmentExImpl-->showClockChanged: true lastModifiedVisibility.showClock: false previousModelEx.showClock: true statusBarFragment?.clockHiddenMode(): 8 clockView?.visibility: 0
12-22 18:57:28.404  4767  4767 I SystemUi--QuickSettings: OplusSeparateQSPluginImpl-->shouldHideStatusBar isFullyCollapsed true
12-22 18:57:28.404  4994  4994 I [UAH_CLIENT]: UahRelease, handle:23606
12-22 18:57:28.404  3543  8184 D OplusWallpaperAnimationManager: cancelSurfaceAnimation reason: play_animation, isAnimating: false, by window: Window{4636bbf u0 com.android.launcher/com.android.launcher.Launcher}
12-22 18:57:28.405  3543  8184 D OplusWallpaperAnimationManager: startScaleAnimation frame: Rect(0, 0 - 1265, 2780) parentFrame: Rect(0, 0 - 1264, 2780) from: 1.0 to: 1.2 duration: 650 mTargetZoom: -1.0 targetZoom: -1.0 by window: Window{4636bbf u0 com.android.launcher/com.android.launcher.Launcher}
12-22 18:57:28.405  3543  3675 D OplusWallpaperSurfaceAnimation: setAnimationState curState: INITIALIZED
12-22 18:57:28.406  3543  3675 D OplusWallpaperAnimationManager: onAnimationStart
12-22 18:57:28.406  3543  3675 D OplusWallpaperAnimationManager: setSkipUpdateWallpaperPosition skip: true, wallpaper: Window{c89b069 u0 com.android.systemui.wallpapers.ImageWallpaper}
12-22 18:57:28.406  3543  3675 D OplusWallpaperSurfaceAnimation: setAnimationState curState: STARTED
12-22 18:57:28.501  3543  3682 W QosScheduler: executeSceneQosStrategy failed! qos feature no enable
12-22 18:57:28.551  3543  4357 D FusionLightNextGen: raw_lux -1.0, raw_cct -1.0, r/g/b/c: 1090.1/597.3/319.3/1877.1, R/G/B: 19.0/20.0/28.0, bri 977.0, lux: 32.468971, cct: 5300.0, ir: 0.034163, conf: 2, cnt: 0
12-22 18:57:28.578  4767  5091 D HWUI    : OplusRenderNodeAnimator end!
12-22 18:57:28.578  4767  5091 D HWUI    : OplusRenderNodeAnimator end!
12-22 18:57:28.578  4767  5091 D HWUI    : OplusRenderNodeAnimator end!
12-22 18:57:28.578  4767  5091 D HWUI    : OplusRenderNodeAnimator end!
12-22 18:57:28.578  4767  4767 I SystemUi--Statusbar: CollapsedStatusBarFragmentExImpl-->animateHiddenState onAnimationEnd v:com.oplus.systemui.statusbar.widget.EndSideContentLayout{3edfbf V.E...... ........ 0,0-322,88 #7f0a0d0d app:id/status_bar_end_side_content alpha=0.0 viewInfo = }  v alpha:0.0 v render alpha:0.0 animateAlpha=0.0
12-22 18:57:28.578  4767  4767 I SystemUi--Statusbar: CollapsedStatusBarFragmentExImpl-->animateHiddenState onAnimationEnd v:com.android.systemui.statusbar.AlphaOptimizedFrameLayout{846cdcb V.E...... ........ 0,0-48,88 #7f0a08e0 app:id/notification_icon_area alpha=0.0 viewInfo = }  v alpha:0.0 v render alpha:0.0 animateAlpha=0.0
12-22 18:57:28.578  4767  4767 I SystemUi--Statusbar: CollapsedStatusBarFragmentExImpl-->animateHiddenState onAnimationEnd v:com.oplus.systemui.statusbar.seeding.CapsulePluginContainer{edba9a8 V.E...... ........ 0,0-1264,140 #7f0a0c1d app:id/seeding_card_container alpha=0.0 viewInfo = }  v alpha:0.0 v render alpha:0.0 animateAlpha=0.0
12-22 18:57:28.578  4767  4767 I SystemUi--Statusbar: CollapsedStatusBarFragmentExImpl-->animateHiddenState onAnimationEnd v:com.oplus.systemui.statusbar.widget.StatClock{a859fc3 V.ED..... ........ 0,0-125,88 #7f0a02ec app:id/clock alpha=0.0 viewInfo = }  v alpha:0.0 v render alpha:0.0 animateAlpha=0.0
12-22 18:57:28.711  7976  9465 W adbd    : timed out while waiting for FUNCTIONFS_BIND, trying again
12-22 18:57:28.711  7976  9465 I adbd    : UsbFfs: connection terminated: monitor thread finished
12-22 18:57:28.754  7976  7982 I adbd    : opening control endpoint /dev/usb-ffs/adb/ep0
12-22 18:57:28.770  4767  4767 I SystemUi--Keyguard: OplusKeyguardViewMediator-->checkOrFixIfNeeded(), isKeyguardVisible = false
12-22 18:57:28.802  3220  3220 E OplusTouchDaemon: [prevent][curved_large_handle_V2][3008]: id:0 pos:1 center_down:1 (10873 31393)(0 0 0 0) 
12-22 18:57:28.802  3220  3220 E OplusTouchDaemon: [touchEvent][ts_report_touch_data][649]: first touch point id 0 [10873 31393   17    0    0    0    0]
12-22 18:57:28.803  3543  3716 D PowerManagerService: userActivityNoUpdateLocked: groupId=0, eventTime=41049388, event=touch, flags=0x0, uid=1000
12-22 18:57:28.803  3543  4841 I [UAH_CLIENT]: UahEventAcquire, cmdid:37, pkg:none, identity:OplusUAwareInputHelper
12-22 18:57:28.803 16890 16890 D OplusViewDragTouchViewHelper: dispatchTouchView action = 4
12-22 18:57:28.804  3543  4640 D OMP_Detector: D:done mCurrStatus: 0
12-22 18:57:28.804  3543  4841 D UAH-UahAdaptHelper: adaptSetNotification identity = OplusUAwareInputHelpersrc = 1000 , type 0 ,p1 = -1 ,p2 = -1 ,p3 = -1 ,p4 =
12-22 18:57:28.804  3543  4841 I [UAH_CLIENT]: uahRuleCtl, ruleId:1000, status:0
12-22 18:57:28.867  3220  3220 E OplusTouchDaemon: [prevent][curved_large_handle_V2][3082]: up id(0) status: 1, 1, 1, 0.
12-22 18:57:28.867  3543  4841 D UAH-UahAdaptHelper: adaptSetNotification identity = OplusUAwareInputHelpersrc = 1000 , type 1 ,p1 = -1 ,p2 = -1 ,p3 = -1 ,p4 =
12-22 18:57:28.867  3543  4841 I [UAH_CLIENT]: uahRuleCtl, ruleId:1000, status:1
12-22 18:57:28.868  4994  4994 D OplusViewDragTouchViewHelper: dispatchTouchView action = 1
12-22 18:57:28.868  4994  4994 D ViewRootImplExtImpl: the up motion event handled by client, just return
12-22 18:57:28.869  4994  4994 D AnimSeqTimeStamp: updateLastStartAppTime: 41049455
12-22 18:57:28.869  4994  4994 D AnimSeqTimeStamp: updateLastLaunchTaskTime: 41049455
12-22 18:57:28.870  3543  8184 D OplusFlexibleWindowMinimizedManagerHelper: needExitMinimizedBeforeStartRecent mode:-1
12-22 18:57:28.870  3543  8184 E OplusSplitScreenManagerService: checkCallingFromSystemUI, caller is not SystemUI, callerUid=10237, SystemUI uid=10240
12-22 18:57:28.871  3543  8184 D FlexibleTaskController: onStartActivityFromRecents task:Task{4fac42a #7965 type=standard A=10262:com.samcod3.meditrack}, options:ActivityOptions(252330448), mPackageName=null, mAnimationType=13, mStartX=0, mStartY=0, mWidth=0, mHeight=0, mLaunchDisplayId=0 ,taskForceMaximized:false ,isFlexibleTask:false ,pendingLaunchZoom:false ,zoomLaunchFlags:3
12-22 18:57:28.871  3543  8184 I TaskFragmentExtImpl: reset pause in recents anim for mTaskFragment: Task{4fac42a #7965 type=standard A=10262:com.samcod3.meditrack}
12-22 18:57:28.871  3543  8184 D FlexibleTaskController: shouldKeepFlexibleTask flexibleTask not active.
12-22 18:57:28.871  3543  8184 E OplusAppQuickStart_AppQuickStartController: notifyStartActivityFromRecents task:Task{4fac42a #7965 type=standard A=10262:com.samcod3.meditrack} mStartFromRecents:true mStartFromSlide:false callingUid:10237
12-22 18:57:28.871  3543  8184 D MultiApp-CMAService: shouldSkipRedirect, is startActivityFromRecent
12-22 18:57:28.872  3543  4613 I [UAH_CLIENT]: UahEventAcquire, cmdid:2, pkg:none, identity:com.android.server.wm
12-22 18:57:28.873  3543  8184 D WindowManager: NFW_setClientVisible:ActivityRecord{239834569 u0 com.samcod3.meditrack/.MainActivity clientVisible:true
12-22 18:57:28.873  3543  8184 V GrammaticalInflectionUtils: AttributionSource: android.content.AttributionSource@47ea0323 does not have READ_SYSTEM_GRAMMATICAL_GENDER permission.
12-22 18:57:28.873  3543  8184 D FlexibleTaskController: isSupportFlexibleWindow target = com.samcod3.meditrack/.MainActivity callPkg = FlexibleTaskController support = true ,caller = 3543
12-22 18:57:28.873  3543  8184 D ActivityStarterExtImpl: NOT BACKGROUND_START_ACTIVITY_PERMISSION FEATURE
12-22 18:57:28.874  3543  8184 D FlexibleWindowManagerService: isIgnoreAppearedAcrossTask:false
12-22 18:57:28.874  3543  8184 D ActivityStarterExtImpl: setForceUpdateWindow, targetTask = Task{4fac42a #7965 type=standard A=10262:com.samcod3.meditrack} r = ActivityRecord{239834569 u0 com.samcod3.meditrack/.MainActivity t-1} notFinish =false
12-22 18:57:28.874  3543  8184 D FlexibleWindowManagerService: isIgnoreAppearedAcrossTask:false
12-22 18:57:28.874  3543  8184 D FlexibleTaskController: findSourceTaskForFreeForm: sourceRecord = null ,realCallingPid:4994 ,launchFromZoomMode:false ,prevTopTask:Task{e4320d7 #5 type=home I=com.android.launcher/.Launcher}
12-22 18:57:28.874  3543  8184 D FlexibleTaskController: findSourceTaskForFreeForm: the caller is not a flexible freeform window application and does not have a zoom windowMode startup parameter
12-22 18:57:28.874  3543  8184 D FlexibleTaskController: adjustOptionsForFlexibleTask not allow options follow process task's options, reason:9 ,reusedOptions:null
12-22 18:57:28.874  3543  8184 D FlexibleTaskController: isSupportFlexibleWindow target = com.samcod3.meditrack/.MainActivity callPkg = FlexibleTaskController support = true ,caller = 3543
12-22 18:57:28.874  3543  8184 D FlexibleWindowManagerService: no reused task found for ActivityRecord{239834569 u0 com.samcod3.meditrack/.MainActivity t-1}
12-22 18:57:28.874  3543  8184 D BackgroundActivityStartControllerExtImpl: The realCallingUid is home, start activity from background is allowed.
12-22 18:57:28.874  3543  8184 D ActivityStarterExtImpl: isLaunchingRootActivity = true
12-22 18:57:28.876  3543  8184 D OplusStartingWindowManager: we don't revise window flags for third app
12-22 18:57:28.876  3543  8184 D ActivityTaskManager: validateStartingWindowTheme:  Pkg=com.samcod3.meditrack, Translucent=false, Floating=false, ShowWallpaper=false, Disable=false, LaunchSource=2, Prev=null, LaunchedFromPackage=com.android.shell
12-22 18:57:28.876  3543  8184 D ActivityTaskManager: addStartingWindow for ActivityRecord{239834569 u0 com.samcod3.meditrack/.MainActivity t7965}, mainWin=null, state=INITIALIZING, isKeyguardLocked=false, isKeyguardGoingAway=false
12-22 18:57:28.876  3543  8184 D ActivityTaskManager: getStartingWindowType: , newTask=true, taskSwitch=true, processRunning=false, allowTaskSnapshot=true, activityCreated=false, activityAllDrawn=false, snapshot exist: false
12-22 18:57:28.876  3543  8184 D ActivityRecordExtImpl: handleStartingWindowForCompactWindow origin type:2, adjustType : 2
12-22 18:57:28.877  3543  8184 D TaskOrganizerController: TaskOrganizerController.addStartingWindow: call wmshell to addStartingWindow:ActivityRecord{239834569 u0 com.samcod3.meditrack/.MainActivity t7965}
12-22 18:57:28.877  5144  5511 D DnsDomainBlock: onDnsEvent: latencyMs=0, returnCode=0, uid=10128
12-22 18:57:28.877  3543  8184 D ActivityTrigger: ActivityTrigger activityPauseTrigger 
12-22 18:57:28.877  4767  4927 D PhoneStartingWindowTypeAlgorithm: preferredStartingWindowType newTask=true, taskSwitch=true, processRunning=false, allowTaskSnapshot=true, activityCreated=false, isSolidColorSplashScreen=false, legacySplashScreen=false, activityDrawn=false, windowless=false, topIsHome=false
12-22 18:57:28.877  4767  4927 D OplusShellStartingWindowManager: getReviseStartingWindowType not support, windowInfo is null
12-22 18:57:28.878  4767  4927 D OplusShellStartingWindowManager: adjustSuggestedWindowType originType: 1, wi: StartingWindowInfo{taskId=7965 targetActivityInfo=null displayId=0 topActivityType=1 preferredStartingWindowType=8b mainWindowLayoutParams=null splashScreenThemeResId 7f0e010f, exi: OplusStartingWindowExtendedInfo{mAppToken=android.os.BinderProxy@35e78f3, mSupportSplashScreenPreview=false, mIsSystemApp=false, mIsExceptionListApp=false, mPreviewBitmap=null, mShouldDrawBackground=false, mForceLightMode=false, mForceNightMode=false, mNotSupportNightMode=false, mForcePreview=false, mForceBigIcon=false, mQuickStartingSurface=null, mForceSolidColorSplash=false}
12-22 18:57:28.878  4767  4927 D OplusShellStartingWindowManager: adjustSuggestedWindowType: skip no-system app and no-exception list app
12-22 18:57:28.878  3543  8184 E OGuardManager:  mMainHandler is null.
12-22 18:57:28.878  3543  4613 I [UAH_CLIENT]: UahEventAcquire, cmdid:1, pkg:com.samcod3.meditrack, identity:com.android.server.wm
12-22 18:57:28.878  4767  4928 D ShellStartingWindow: getWindowAttrs SplashScreenWindowAttrs{ mWindowBgResId: 10602ea, mWindowBgColor: 0, mWindowBgImage: false, mSplashScreenIcon: false, mBrandingImage: false, mIconBgColor: 0, uiMode: 0}
12-22 18:57:28.878  4767  4928 I ShellStartingWindow: makeSplashScreenContentView themeBGColor: fffafafa, isDark: true, last config hash: 1228231247
12-22 18:57:28.878  4767  4927 D WindowManager: Add to mViews: android.widget.FrameLayout{8491fae V.E...... ......I. 0,0-0,0 alpha=1.0 viewInfo = },pkg= com.samcod3.meditrack
12-22 18:57:28.878  3543 10759 V GrammaticalInflectionUtils: AttributionSource: android.content.AttributionSource@47ea0323 does not have READ_SYSTEM_GRAMMATICAL_GENDER permission.
12-22 18:57:28.879  3543  3682 W UserAwareMgr: can not find match thread: UiThreadHelper for process android
12-22 18:57:28.879  4767  5091 D skia    : setRusSupported enable 1
12-22 18:57:28.879  4767  4928 D ShellStartingWindow: inconsize = 476
12-22 18:57:28.879  4767  4895 V WindowManagerShell: Transition requested (#1036): android.os.BinderProxy@f04c0dc TransitionRequestInfo { type = OPEN, triggerTask = TaskInfo{userId=0 taskId=7965 effectiveUid=10262 displayId=0 isRunning=true baseIntent=Intent { act=android.intent.action.MAIN cat=[android.intent.category.LAUNCHER] flg=0x10300000 cmp=com.samcod3.meditrack/.MainActivity mCallingUid=2000 } baseActivity=ComponentInfo{com.samcod3.meditrack/com.samcod3.meditrack.MainActivity} topActivity=ComponentInfo{com.samcod3.meditrack/com.samcod3.meditrack.MainActivity} origActivity=null realActivity=ComponentInfo{com.samcod3.meditrack/com.samcod3.meditrack.MainActivity} numActivities=1 lastActiveTime=143152375 supportsSplitScreenMultiWindow=true supportsMultiWindow=true supportsPocketStudioMultiWindow=true isInFlexibleEmbedded = false uid = 10262 pid = 0 resizeMode=1 isResizeable=true minWidth=-1 minHeight=-1 defaultMinSize=220 token=WCT{android.window.IWindowContainerToken$Stub$Proxy@df155e5} topActivityType=1 pictureInPictureParams=null shouldDockBigOverlays=false launchIntoPipHostTaskId=-1 lastParentTaskIdBeforePip=-1 displayCutoutSafeInsets=Rect(0, 140 - 0, 0) topActivityInfo=ActivityInfo{c0b88ba com.samcod3.meditrack.MainActivity} launchCookies=[] positionInParent=Point(0, 0) parentTaskId=-1 isFocused=false isVisible=false isVisibleRequested=false isTopActivityNoDisplay=false isSleeping=false locusId=null displayAreaFeatureId=1 isTopActivityTransparent=false isActivityStackTransparent=false lastNonFullscreenBounds=Rect(330, 828 - 935, 2092) capturedLink=null capturedLinkTimestamp=0 requestedVisibleTypes=-9 topActivityRequestOpenInBrowserEducationTimestamp=0 appCompatTaskInfo=AppCompatTaskInfo { topActivityInSizeCompat=false topActivityInOplusCompatMode=false eligibleForLetterboxEducation= false isLetterboxEducationEnabled= false isLetterboxDoubleTapEnabled= false eligibleForUserAspectRatioButton= false topActivityBoundsLetterboxed= false isFromLetterboxDoubleTap= false topActivityLetterboxVerticalPosition= -1 topActivityLetterboxHorizontalPosition= -1 topActivityLetterboxWidth=-1 topActivityLetterboxHeight=-1 topActivityAppBounds=Rect(0, 0 - 1264, 2780) isUserFullscreenOverrideEnabled=false isSystemFullscreenOverrideEnabled=false hasMinAspectRatioOverride=false topActivityLetterboxBounds=null cameraCompatTaskInfo=CameraCompatTaskInfo { freeformCameraCompatMode=inactive}} topActivityMainWindowFrame=null topActivityLetterboxInsets=Rect(0, 0 - 0, 0) mOplusExtraBundle = Bundle[mParcelledData.dataSize=1500]}, pipChange = null, remoteTransition = RemoteTransition { remoteTransition = android.window.IRemoteTransition$Stub$Proxy@e8b0ec8, appThread = android.app.IApplicationThread$Stub$Proxy@c597686, debugName = QuickstepLaunch }, displayChange = null, flags = 0, debugId = 1036 }
12-22 18:57:28.879  3543  8184 I ActivityTaskManager: START u0 {act=android.intent.action.MAIN cat=[android.intent.category.LAUNCHER] flg=0x10300000 cmp=com.samcod3.meditrack/.MainActivity mCallingUid=1000} with LAUNCH_MULTIPLE from uid 2000 (realCallingUid=10237) (BAL_ALLOW_PERMISSION (START_ACTIVITIES_FROM_BACKGROUND permission granted)) result code=0
12-22 18:57:28.879  4767  4895 D ShellSplitScreen: logExit: no-op, mLoggerSessionId is null
12-22 18:57:28.879  4767  4895 V WindowManagerShell: RemoteTransition directly requested for (#1036) android.os.BinderProxy@f04c0dc: RemoteTransition { remoteTransition = android.window.IRemoteTransition$Stub$Proxy@e8b0ec8, appThread = android.app.IApplicationThread$Stub$Proxy@c597686, debugName = QuickstepLaunch }
12-22 18:57:28.879  4767  4895 V WindowManagerShell: Transition (#1036): request handled by DefaultMixedHandler
12-22 18:57:28.879  4994  4994 I OplusBaseActivityManagerWrapper: startActivityFromRecents result: 0
12-22 18:57:28.880  5270 10786 I iopgp   : Iopgp: TRANSACTION_IOPGP_PRELOAD Sequence_id = 91 pkg_name = com.samcod3.meditrack uid = 10262 size = 1 isProfile = 1
12-22 18:57:28.881  4767  4895 D ZoomController: onTaskMovedToFront, task id:7965
12-22 18:57:28.881  4767  4895 I ZoomUiController: FloatHandle-isFloatHandleShow mPackageName = null
12-22 18:57:28.881  3543  3674 D FlexibleWindowManagerService: onFlexibleWindowTaskAppeared: task = 7965, visible = false
12-22 18:57:28.881  3543  3674 D OplusFlexibleWindowMinimizedManagerHelper: onTaskAppered taskInfo:7965
12-22 18:57:28.881  3543  3674 D OplusFlexibleDragToSplitAnimController: visibleFlexibleTaskInfos delete:7965
12-22 18:57:28.881  3543  3674 E FlexibleWindowManagerService: notifyTaskObserverToAttachController not need to notify!
12-22 18:57:28.881  3543  3674 D FlexibleWindowManagerService: should not dispatch appeared task Task{4fac42a #7965 type=standard A=10262:com.samcod3.meditrack}
12-22 18:57:28.881  4767  4895 D ShellTaskOrganizer: Task appeared taskId=7965, parentTaskId=-1, taskVisibility=false
12-22 18:57:28.881  4767  4895 D ShellTaskOrganizerExt: visibleFlexibleTaskInfos delete:7965
12-22 18:57:28.881  4767  4895 D ShellTaskOrganizerExt: isOnCanvas size:0
12-22 18:57:28.881  4767  4895 D ShellTaskOrganizerExt: isOnThreeFlexibleCanvas size:0
12-22 18:57:28.881  4994  4994 I SplitScreenManager: Attached Launcher#8cb0a29 ON_PAUSE
12-22 18:57:28.881  8394  9348 D BluetoothAdapter: isLeEnabled(): ON
12-22 18:57:28.881  4994  4994 I MSP-LOG-SDK-ActivityLifeCallBack: onActivityPaused Launcher
12-22 18:57:28.882  4994  4994 D AnimSeqTimeStamp: resetLastLaunchTaskTime
12-22 18:57:28.882  4767  4895 D WindowManagerShell: setLauncherKeepClearAreaHeight: visible=false, height=266
12-22 18:57:28.882  3543  8184 I OplusAccessController: enter isIgnoreAppSwitchActivity
12-22 18:57:28.882  3543  8184 I OplusAccessController: enter isIgnoreAppSwitchActivity and intent != null
12-22 18:57:28.882  3543  8184 I OplusAccessController: enter isIgnoreAppSwitchActivity and componentName != null
12-22 18:57:28.882  3543  8184 I OplusAccessController: enter isIgnoreAppSwitchActivity and packageName&activity is not Empty
12-22 18:57:28.882  3543  8184 D RefreshRate: boostRefreshId choose max:currentRefreshRate:120.00001 targetRefreshRate:60.0 mCurrentPickRate:120.00001
12-22 18:57:28.882  3543  8184 D RefreshRate: Trigger app switch boost, ar=ActivityRecord{239834569 u0 com.samcod3.meditrack/.MainActivity t7965},currDisplayRate=120.00001,boostId=3
12-22 18:57:28.882  3543  8184 D RefreshRate: setDisplayConfigSpecs complete: targetMode={id=2, width=1264, height=2780, fps=120.00001, vsync=120.00001, synthetic=false, alternativeRefreshRates=[60.000004], supportedHdrTypes=[1, 2, 3, 4]},srcMode={id=2, width=1264, height=2780, fps=120.00001, vsync=120.00001, synthetic=false, alternativeRefreshRates=[60.000004], supportedHdrTypes=[1, 2, 3, 4]},sfModId=1,rate=120.00001
12-22 18:57:28.882  3543  3721 D RefreshRate: do setDisplayConfigSpecs  
12-22 18:57:28.882  3543  3673 D BatteryStatsImplExtImpl: pausedBatteryLevel:29 activityFocusedTimeInMin:0
12-22 18:57:28.882  2278  2910 D VRR [RefreshRateDirector]: requestRefreshRateBySpecs insert [ 0xb4000071119f2f80, DisplayModeSpecs{defaultMode: 1, allowGroupSwitching: false, primaryRanges: RefreshRateRanges{physical: RefreshRateRange{min: 120.000008, max: 120.000008}, render: RefreshRateRange{min: 120.000008, max: 120.000008}}, appRequestRanges: RefreshRateRanges{physical: RefreshRateRange{min: 120.000008, max: 120.000008}, render: RefreshRateRange{min: 120.000008, max: 120.000008}}, idleScreenRefreshRateConfig: (null)} ]
12-22 18:57:28.882  3543  8184 V SensorManager: call sensorServiceCommonInterface name: setScreenShotDisable
12-22 18:57:28.882  3543  8184 D SensorServiceExtImpl: sensorServiceCommonInterface funcName = setScreenShotDisable, flag = 0, status = 0
12-22 18:57:28.882  2278  2871 D SurfaceFlinger: VRR [SurfaceFlinger] setDesiredDisplayModeSpecs, from process 2278, 1, 0, primaryRanges = [ 120.000008, 120.000008, 120.000008, 120.000008 ], appRequestRanges = [ 120.000008, 120.000008, 120.000008 120.000008 ]
12-22 18:57:28.882  3543  4613 I [UAH_CLIENT]: UahEventAcquire, cmdid:1, pkg:com.samcod3.meditrack, identity:com.android.server.wm
12-22 18:57:28.883  3543  8184 D ActivityTaskManager: setAppVisibility(Token{799aafc ActivityRecord{239834569 u0 com.samcod3.meditrack/.MainActivity t7965}}, visible=true):  visible=false mVisibleRequested=false
12-22 18:57:28.883  3543  8184 D ActivityTaskManager: setVisibility(Token{799aafc ActivityRecord{239834569 u0 com.samcod3.meditrack/.MainActivity t7965}}, visible=true) defer commitVisibility for transition collecting
12-22 18:57:28.883  3543  8184 V SensorManager: call sensorServiceCommonInterface name: setScreenShotDisable
12-22 18:57:28.883  3543  8184 D SensorServiceExtImpl: sensorServiceCommonInterface funcName = setScreenShotDisable, flag = 0, status = 0
12-22 18:57:28.883  3543  4613 I [UAH_CLIENT]: UahEventAcquire, cmdid:1, pkg:com.samcod3.meditrack, identity:com.android.server.wm
12-22 18:57:28.883  3543  8184 D ActivityTaskManager: setAppVisibility(Token{3e0adc4 ActivityRecord{45078950 u0 com.android.launcher/.Launcher t5}}, visible=false):  visible=true mVisibleRequested=true
12-22 18:57:28.883  2278  2278 I RefreshRateSelector: Display 4630947008615494291 policy changed
12-22 18:57:28.883  2278  2278 I RefreshRateSelector: Previous: {defaultModeId=1, allowGroupSwitching=false, primaryRanges={physical=[0.00 Hz, 120.00 Hz], render=[0.00 Hz, 120.00 Hz]}, appRequestRanges={physical=[0.00 Hz, 120.00 Hz], render=[0.00 Hz, 120.00 Hz]} idleScreenConfig=nullptr}
12-22 18:57:28.883  2278  2278 I RefreshRateSelector: Current:  DisplayManagerPolicy{defaultModeId=1, allowGroupSwitching=false, primaryRanges={physical=[120.00 Hz, 120.00 Hz], render=[120.00 Hz, 120.00 Hz]}, appRequestRanges={physical=[120.00 Hz, 120.00 Hz], render=[120.00 Hz, 120.00 Hz]} idleScreenConfig=nullptr}
12-22 18:57:28.883  2278  2278 I RefreshRateSelector: 1 mode changes were performed under the previous policy
12-22 18:57:28.883  2278  2278 D SurfaceFlinger: VRR [SurfaceFlinger] applyRefreshRateSelectorPolicy: 1 (120.00 Hz), policy: {defaultModeId=1, allowGroupSwitching=false, primaryRanges={physical=[120.00 Hz, 120.00 Hz], render=[120.00 Hz, 120.00 Hz]}, appRequestRanges={physical=[120.00 Hz, 120.00 Hz], render=[120.00 Hz, 120.00 Hz]} idleScreenConfig=nullptr}
12-22 18:57:28.883  2278  2278 D SurfaceFlinger: VRR [SurfaceFlinger] setDesiredActiveMode: displayId: 4630947008615494291, renderRate: 120, vsyncRate: 120, event: 1
12-22 18:57:28.883  2278  2278 D DisplayModeController: setDesiredMode 4630947008615494291 {mode={fps=120.00 Hz, modePtr={id=1, vsyncRate=120.00 Hz, peakRefreshRate=120.00 Hz}}, emitEvent=true, force=false}
12-22 18:57:28.883  2278  2884 D VRR [OTI]: handleIdle from 0 to 0
12-22 18:57:28.883  2278  2884 D VRR [OTI-HW]: isStateReady 0
12-22 18:57:28.883  2278  2884 D VRR [OTI-HW]: keep rate.
12-22 18:57:28.883  3543  8184 D ActivityTaskManager: setVisibility(Token{3e0adc4 ActivityRecord{45078950 u0 com.android.launcher/.Launcher t5}}, visible=false) defer commitVisibility for transition collecting
12-22 18:57:28.884  3543  5062 E OGuardManager:  mMainHandler is null.
12-22 18:57:28.884  5381  9257 I AppScanStats: BLE_SCAN_RESULT_RECEIVED[2]reportBleScanResults=0
12-22 18:57:28.884  5381  9257 I AppScanStats: BLE_SCAN_STATE_CHANGED[2]reportBleScanStopped=false
12-22 18:57:28.885  3543  9178 I AppSnapshotController: attachStartingWindow, win = Window{5c519f5 u0 Splash Screen com.samcod3.meditrack}, shouldAppSnapshot = false
12-22 18:57:28.885  3543  9178 D ActivityTaskManager: attachStartingWindow: mStartingData=SplashScreenStartingData{a5b1dfb removeAfterTransaction= 0},mStartingWindow=Window{5c519f5 u0 Splash Screen com.samcod3.meditrack}
12-22 18:57:28.885  3543  5198 I OPM-Process: resume pkg: com.samcod3.meditrack, uid:10262, prev pkg: com.android.launcher, prev uid: 10237
12-22 18:57:28.885  3543  9178 D WindowManager: attachImeScreenshotOnTargetIfNeeded, mImeHiding = false, requestedVisibleTypes = -9
12-22 18:57:28.885  3543  4830 I Osense-BaseDecisionMaker: notifySceneToAthenaPolicy: SCENE_APP_SWITCH, bundle: Bundle[{prevPkgName=com.android.launcher, curUid=10262, isGame=false, curPkgName=com.samcod3.meditrack, prevUid=10237}]
12-22 18:57:28.885  3543  4581 D BackgroundInstallControlService: Package event received: 0
12-22 18:57:28.885  3543  9178 I WindowManager: addWindow: New client android.os.BinderProxy@a1bcb2c : window=Window{5c519f5 u0 Splash Screen com.samcod3.meditrack}
12-22 18:57:28.885  3543  4830 I Osense-BaseDecisionMaker: scene: SCENE_APP_SWITCH, excutingPolicy: freezer
12-22 18:57:28.885  3543  4830 D Osense-BaseDecisionMaker: invoke freezer policy,type: fast
12-22 18:57:28.885  5381  9257 I bt_shim_scanner: [le_scanning_manager.cc:195] Unregister: in shim layer, scannerId=2
12-22 18:57:28.885  5381  5668 D bluetooth: [le_scanning_manager.cc:583] unregister_scanner: Unregister scanner successful, scannerId=2
12-22 18:57:28.885  3543  9178 D WindowManager: rotation(ROTATION_0) no changed  displayId = 0, lastOrientation = -1
12-22 18:57:28.885  8394  9348 D BluetoothAdapter: isLeEnabled(): ON
12-22 18:57:28.885  5381  6485 I bt_shim_scanner: [le_scanning_manager.cc:236] ScanFilterParamSetup: in shim layer, clientIf=2
12-22 18:57:28.885  5381  5381 I OplusCustomScanStrategy: msg.what = 6
12-22 18:57:28.885  3543  3721 D DisplayModeDirector: setAppRequest displayId : 0  modeId: 2  requestedRefreshRate: 120.00001  requestedMinRefreshRateRange: 120.00001  requestedMaxRefreshRateRange: 120.00001
12-22 18:57:28.886  3543  3721 D VRR [OPlusRefreshRateService]:  setDirectorStates [flag: 1, state: 1, directorStateOff: 1]
12-22 18:57:28.885  1964  2068 D vendor.qti.bluetooth@1.0-ibs_handler: SerialClockVote: vote for UART CLK ON
12-22 18:57:28.886  2278  2910 D VRR [RefreshRateDirector]: updateState mState = 0
12-22 18:57:28.886  4767  4927 D ViewRootImplExtImpl: onDisplayChanged -1 for VRI android.view.ViewRootImpl@992eee0
12-22 18:57:28.886  5381  6485 I bt_shim_scanner: [le_scanning_manager.cc:236] ScanFilterParamSetup: in shim layer, clientIf=2
12-22 18:57:28.886  1964  2068 D vendor.qti.bluetooth@1.0-wake_lock: Acquire wakelock is acquired 
12-22 18:57:28.886  1964  2068 I vendor.qti.bluetooth@1.0-ibs_handler: DeviceWakeUp: Writing IBS_WAKE_IND
12-22 18:57:28.886  5381  6467 I bt_shim_scanner: [le_scanning_manager.cc:188] RegisterScanner: in shim layer
12-22 18:57:28.887  4767  4927 E OplusBracketLog: [OplusViewMirrorManager] updateHostViewRootIfNeeded, not support android.view.ViewRootImpl@992eee0
12-22 18:57:28.887  3543  3673 D DisplayManagerServiceExtImpl: scheduleTraversalLocked intraversal=false
12-22 18:57:28.887  3543  3673 D DisplayManagerService: MSG_REQUEST_TRAVERSAL pendingCompleted=false
12-22 18:57:28.887  4767  4927 D ViewRootImplExtImpl: wrapConfigInfoIntoFlags rotation=0, smallestScreenWidthDp=0, residentWS=false, scenario=0, bounds=Rect(0, 0 - 1264, 2780), relayoutAsync=false, flags=0, newFlags=1457520640, title=Splash Screen com.samcod3.meditrack
12-22 18:57:28.887  3543  3674 D DisplayModeDirector: setAppRequest displayId : 0  modeId: 2  requestedRefreshRate: 0.0  requestedMinRefreshRateRange: 0.0  requestedMaxRefreshRateRange: 120.00001
12-22 18:57:28.887  3543  3674 D DisplayManagerService: performTraversalInternal pendingTraversal
12-22 18:57:28.887  3543  3674 D DisplayDevice: setLayerStackLocked id=local:4630947008615494291 token=android.os.BinderProxy@ba6dac6 stack=0->0
12-22 18:57:28.888  3543  3673 D DisplayManagerServiceExtImpl: scheduleTraversalLocked intraversal=false
12-22 18:57:28.888  3543  9178 V WindowManager: Relayout Window{5c519f5 u0 Splash Screen com.samcod3.meditrack}: viewVisibility=0, oldvis=0, req=1264x2780 , apr = 8, vsysui=, x=0, y=0
12-22 18:57:28.888  3543  9178 I WindowManager: Window{5c519f5 u0 Splash Screen com.samcod3.meditrack} state from NO_SURFACE to DRAW_PENDING; reason: resetDrawState
