12-22 18:57:23.062  1313  1379 D DrmLibTime: QSEE Time Listener: Checking if ATS_MODEM is set or not.
12-22 18:57:23.062  1313  1379 D QC-time-services: Lib:time_genoff_operation: pargs->base = 13
12-22 18:57:23.062  1313  1379 D QC-time-services: Lib:time_genoff_operation: pargs->operation = 2
12-22 18:57:23.062  1313  1379 D QC-time-services: Lib:time_genoff_operation: pargs->ts_val = 0
12-22 18:57:23.062  1788  1822 D QC-time-services: Daemon: Connection accepted:time_genoff
12-22 18:57:23.062  1313  1379 D QC-time-services: Lib:time_genoff_operation: Send to server  passed!!
12-22 18:57:23.062  1788  9428 D QC-time-services: Daemon:Received base = 13, unit = 1, operation = 2,value = 0
12-22 18:57:23.062  1788  9428 D QC-time-services: Daemon:genoff_opr: Base = 13, val = 0, operation = 2
12-22 18:57:23.062  1788  9428 D QC-time-services: offset is: 1 for base: 13
12-22 18:57:23.062  1313  1379 E QC-time-services: Receive Passed == base = 13, unit = 1, operation = 2, result = 0
12-22 18:57:23.062  1313  1379 D DrmLibTime: QSEE Time Listener: ATS_MODEM is set. Try to retrieve it.
12-22 18:57:23.062  1788  1822 E QC-time-services: Daemon: Time-services: Waiting to acceptconnection
12-22 18:57:23.062  1788  1822 D QC-time-services: Daemon: Connection accepted:time_genoff
12-22 18:57:23.062  1788  9431 D QC-time-services: Daemon:Received base = 13, unit = 1, operation = 1,value = 0
12-22 18:57:23.062  1788  9431 D QC-time-services: Daemon:genoff_opr: Base = 13, val = 0, operation = 1
12-22 18:57:23.062  1788  9431 D QC-time-services: Daemon: genoff get for 13
12-22 18:57:23.062  1788  9431 D QC-time-services: Daemon:Value read from QTimer mseconds = 143178969
12-22 18:57:23.062  1788  9431 D QC-time-services: Daemon:Value read from RTC mseconds on boot = 14369790000
12-22 18:57:23.062  1788  9431 D QC-time-services: Daemon:Value read from QTimer mseconds = 143178969
12-22 18:57:23.062  1788  9431 D QC-time-services: Daemon:Value read from generic offset = 1751913285067
12-22 18:57:23.062  1788  9431 D QC-time-services: Daemon:Delta read on boot mseconds = 14369778217
12-22 18:57:23.062  1788  9431 D QC-time-services: Daemon:Final Time = 1766426242253
12-22 18:57:23.062  1313  1379 D DrmLibTime: QSEE Time Listener: Time GenOff - seconds: 1766426242
12-22 18:57:23.062  1788  1822 E QC-time-services: Daemon: Time-services: Waiting to acceptconnection
12-22 18:57:23.063  1313  1379 D DrmLibTime: time_getsystime tm_sec 22
12-22 18:57:23.063  1313  1379 D DrmLibTime: time_getsystime tm_min 57
12-22 18:57:23.063  1313  1379 D DrmLibTime: time_getsystime tm_mday 22
12-22 18:57:23.063  1313  1379 D DrmLibTime: time_getsystime tm_mon 11
12-22 18:57:23.063  1313  1379 D DrmLibTime: time_getsystime tm_year 125
12-22 18:57:23.063  1313  1379 D DrmLibTime: time_getsystime tm_wday 1
12-22 18:57:23.063  1313  1379 D DrmLibTime: time_getsystime tm_yday 355
12-22 18:57:23.063  1313  1379 D DrmLibTime: time_getsystime tm_isdst 0
12-22 18:57:23.063  1313  1379 D DrmLibTime: time_getsystime returns 0
12-22 18:57:23.063  1313  1379 D DrmLibTime: time_getsystime finished! 
12-22 18:57:23.063  1313  1379 D DrmLibTime: time_services Dispatch ends and ret = 0! 
12-22 18:57:23.063  9368  8459 I SettingImpl: isSenselessConnectionToggleChecked switchValue: 1, state is true
12-22 18:57:23.064  9368  8459 I SettingImpl: isSenselessConnectionToggleChecked switchValue: 1, state is true
12-22 18:57:23.064  9368  8459 I PTC.APPCORE.ResourceObtaining: expGetModelId get modelId
12-22 18:57:23.064  2278  2278 I [VFXEffect]: SurfaceControlViewHost#169 type[2.000000] id[0.000000] action[1.000000] status[1.000000] params[0.000000]
12-22 18:57:23.064  2278  2278 D OplusLayerSnapshotBuilder: setVFXAnimation, snapshot Type[0x0], Progress[0.000000], Center[0.000000x0.000000], StartRadius[0.000000], EndRadius[0.000000]
12-22 18:57:23.064  2278  2278 D OplusLayerSnapshotBuilder: setVFXAnimation, snapshot Type[0x0], Progress[0.000000], Center[0.000000x0.000000], StartRadius[0.000000], EndRadius[0.000000]
12-22 18:57:23.070  4767  9143 W HWUI    : Image decoding logging dropped!
12-22 18:57:23.072  2278  2278 I [VFXEffect]: SurfaceControlViewHost#169 type[2.000000] id[0.000000] action[1.000000] status[1.000000] params[0.000000]
12-22 18:57:23.072  2278  2278 D OplusLayerSnapshotBuilder: setVFXAnimation, snapshot Type[0x0], Progress[0.000000], Center[0.000000x0.000000], StartRadius[0.000000], EndRadius[0.000000]
12-22 18:57:23.072  2278  2278 D OplusLayerSnapshotBuilder: setVFXAnimation, snapshot Type[0x0], Progress[0.000000], Center[0.000000x0.000000], StartRadius[0.000000], EndRadius[0.000000]
12-22 18:57:23.074  2239  3527 D AudioPolicyEffects: releaseOutputSessionEffects: no output processing was attached to this stream
12-22 18:57:23.074  2239  3527 D AudioPolicyInterfaceImpl: mSessionLatestHandleList removeItem on session 2057, port = 257
12-22 18:57:23.074  2239  3527 D APM_AudioPolicyManager: stopOutput portId 257
12-22 18:57:23.074  2239  3527 D APM_AudioPolicyManager: stopOutput() output 21, stream 1, session 2057
12-22 18:57:23.074  2239  3538 D AudioBoost: removeActiveTrack id 275
12-22 18:57:23.074  2239  3538 D AudioBoost: doStopBoostForWake id 275 +++
12-22 18:57:23.074  2239  3538 D AudioBoost: audioSchedBoost, pid=4767, tid=3044, enable=0, ret=0
12-22 18:57:23.074  2239  3538 D AudioBoost: audioSchedBoost, pid=4767, tid=9280, enable=0, ret=0
12-22 18:57:23.074  2239  3538 D AudioBoost: doStopBoostForWake id 275 ---
12-22 18:57:23.074  3543  8184 I IPCThreadState: oneway function results for code 10007 on binder at 0xb40000759adfcf40 will be dropped but finished with status UNKNOWN_TRANSACTION
12-22 18:57:23.074  2239  3538 D AudioFlingerExtImpl: updateMetaScenes mMetaScenesOwnerMap[4]=[0,-1]
12-22 18:57:23.074  2239  3538 D AudioFlingerExtImpl: updateMetaScenes mMetaScenesOwnerMap[5]=[0,-1]
12-22 18:57:23.074  2239  3538 D AudioFlinger_PlaybackThreadExtImpl: addActiveTrackPid isSpatialzierTrackPlaying:0 isMetaTrackPlaying:0 isMetaTrack:1
12-22 18:57:23.074  2239  3538 D AudioFlingerExtImpl: getSplitScreenSwitch: screenSwitch = 0
12-22 18:57:23.074  3543  5062 D BatteryStatsServiceExtImpl: report audio global stop...
12-22 18:57:23.074  3543  6444 I OStatsManager_Calc: noteAudio: uid = 10240, start = false
12-22 18:57:23.074  3543  3682 W QosScheduler: executeSceneQosStrategy failed! qos feature no enable
12-22 18:57:23.074  2239  3526 D AudioFlingerExtImpl: AudioFlingerExtImpl oplusSetParameters: keyvalue volumeStreamAction=stop;volumeStreamType=1
12-22 18:57:23.074  2239  3526 D DeviceHalAidl: [default] setParameters: parameters: "volumeStreamAction=stop;volumeStreamType=1"
12-22 18:57:23.074  2239  3538 D AudioFlinger_PlaybackThreadExtImpl: notifyAudioTrackRemove event:atlas_event_audio_track_distroy info:pid:4767,sessionId:2057,streamType:1,sampleRate:44100,flags:6,isOffloadThread:0,deviceTypes:2,hasFastMixer:1,isSpatialized:0,stopvl:0.501,stopvr:0.501,metaAudioScene:0,window_rendering:0,mss_mode:0,mss_ratio_vocal:0,mss_ratio_other:0,volumeswitch:0,trackvolumepkg:com.android.systemui
12-22 18:57:23.074  2239  3538 D AtlasEventUploadUtils: setEvent event:atlas_event_audio_track_distroy
12-22 18:57:23.074  1984  1984 D AHAL_HFP_QTI: hfp_set_parameters enter
12-22 18:57:23.074  1984  1984 D AHAL_HFP_QTI: hfp_set_parameters Exit
12-22 18:57:23.074  1984  1984 D AHAL_HFP_QTI: hfp_set_parameters enter
12-22 18:57:23.074  1984  1984 D AHAL_HFP_QTI: hfp_set_parameters Exit
12-22 18:57:23.075  2239  3538 D AFExtImpl: ~TrackInfo() 0xb400007e6ae4b380
12-22 18:57:23.075  2239  3538 D AFExtImpl: clearDumpBuffer() 0xb400007e6ae4b380, mDumpBufferCount 0
12-22 18:57:23.075  2239  3538 D AudioFlinger: updateWakeLockUids_l AudioOut_15 uids:
12-22 18:57:23.075  1984  1984 D AHAL_ModulePrimary_OPLUS: processSetVendorParameters: kvpairs: volumeStreamAction=stop;volumeStreamType=1;
12-22 18:57:23.075  3543  5062 E OGuardManager:  mMainHandler is null.
12-22 18:57:23.075  2239  3526 D DeviceHalAidl: [usb] setParameters: parameters: "volumeStreamAction=stop;volumeStreamType=1"
12-22 18:57:23.075  3543  5062 E OGuardManager:  mMainHandler is null.
12-22 18:57:23.075  2239  3526 E ConversionHelperAidl: Function: parseAndSetVendorParameters Line: 94 Failed 
12-22 18:57:23.075  2239  3526 D DeviceHalAidl: [r_submix] setParameters: parameters: "volumeStreamAction=stop;volumeStreamType=1"
12-22 18:57:23.075  1984  1998 D AHAL_ModuleRemoteSubmix: setVendorParameters: parameter count 2, async: 0
12-22 18:57:23.075  2239  3526 D DeviceHalAidl: [bluetooth] setParameters: parameters: "volumeStreamAction=stop;volumeStreamType=1"
12-22 18:57:23.075  2239  3526 E ConversionHelperAidl: Function: parseAndSetVendorParameters Line: 94 Failed 
12-22 18:57:23.075  2239  3526 D DeviceHalAidl: [binaural_record] setParameters: parameters: "volumeStreamAction=stop;volumeStreamType=1"
12-22 18:57:23.075  2239  3526 D DeviceHalAidl: [virtual] setParameters: parameters: "volumeStreamAction=stop;volumeStreamType=1"
12-22 18:57:23.076  2239  3526 E ConversionHelperAidl: Function: parseAndSetVendorParameters Line: 94 Failed 
12-22 18:57:23.076  2239  3527 D APM_AudioPolicyManager: setOutputDevice() output 21 device AUDIO_DEVICE_NONE force 0 delayMs 122
12-22 18:57:23.076  2239  3527 D EngineExtImpl: addRemoteSubmixDevice, currentUid:0, currentPid:0, captureUid:0, capturePid:0, castDeviceType:-1, needCapture:1, devices2:
12-22 18:57:23.076  2239  3527 D EngineExtImpl: addRemoteSubmixDevice, currentUid:0, currentPid:0, captureUid:0, capturePid:0, castDeviceType:-1, needCapture:1, devices2:
12-22 18:57:23.076  2239  3527 D EngineExtImpl: addRemoteSubmixDevice, currentUid:0, currentPid:0, captureUid:0, capturePid:0, castDeviceType:-1, needCapture:1, devices2:
12-22 18:57:23.076  2239  3527 D EngineExtImpl: addRemoteSubmixDevice, currentUid:0, currentPid:0, captureUid:0, capturePid:0, castDeviceType:-1, needCapture:1, devices2:
12-22 18:57:23.076  2239  3527 D EngineExtImpl: addRemoteSubmixDevice, currentUid:0, currentPid:0, captureUid:0, capturePid:0, castDeviceType:-1, needCapture:1, devices2:
12-22 18:57:23.076  2239  3527 D EngineExtImpl: addRemoteSubmixDevice, currentUid:0, currentPid:0, captureUid:0, capturePid:0, castDeviceType:-1, needCapture:1, devices2:
12-22 18:57:23.076  2239  3527 D EngineExtImpl: addRemoteSubmixDevice, currentUid:0, currentPid:0, captureUid:0, capturePid:0, castDeviceType:-1, needCapture:1, devices2:
12-22 18:57:23.076  2239  3527 D GameAudioEffects: hasAliveFastEffectTracks  return (0)
12-22 18:57:23.076  2239  3527 D AudioPolicyManagerExtImpl: oplusSelectOutputForMusicEffects: pendingOutput  => 13  flags => 0x00000004  outputTageName =>redirect_out_spk_fast outputs.size(6) older music effect ouput(45), hasAliveGameTracks(0)
12-22 18:57:23.076  2239  3527 D AudioPolicyManagerExtImpl: oplusSelectOutputForMusicEffects pending music output is low latency output, but no alive fast effect tracks, block effectchain fallback to primary, set deepbuffer as defaultEffectsOutput instead
12-22 18:57:23.076  2239  3527 D EngineExtImpl: addRemoteSubmixDevice, currentUid:0, currentPid:0, captureUid:0, capturePid:0, castDeviceType:-1, needCapture:1, devices2:
12-22 18:57:23.076  2239  3527 D GameAudioEffects: hasAliveRequestFastTracks  return (0)
12-22 18:57:23.077  3543  5062 D AS.AudioService: uid 1000, callingApp = android.uid.system:1000
12-22 18:57:23.077 10468 10468 D SysBroadcastReceiver: android.media.ACTION_AUDIO_PLAYBACK_STATE_CHANGED
12-22 18:57:23.077 10468 10468 D SysBroadcastReceiver: EventId=1010003	ID_AUDIO_PLAYBACK_STATE_CHANGED	TimeStamp =1766426243077	Intent =Intent { act=android.media.ACTION_AUDIO_PLAYBACK_STATE_CHANGED flg=0x4000010 xflg=0x4 (has extras) }	Content =null	Pid =0	PkgName =null
12-22 18:57:23.077 10468 10575 W AppSenseEventManager: handleMessage dispatcher is null.
12-22 18:57:23.077 10468 10468 D SubsysBroadcastManager: onReceive action:android.media.ACTION_AUDIO_PLAYBACK_STATE_CHANGED
12-22 18:57:23.077 10468 10468 D OSService: audioPlaybackStateChange
12-22 18:57:23.078  3543  3543 D OplusWifiBroadCastDispatcher: mBroadcastReceiver: onReceiver  action=android.media.ACTION_AUDIO_DEVICE_ROUTE_CHANGED
12-22 18:57:23.078  3543  4624 I OplusWifiSarManager: Received action: android.media.ACTION_AUDIO_DEVICE_ROUTE_CHANGED
12-22 18:57:23.078 10468 10468 D SubsysBroadcastManager: onReceive action:android.media.ACTION_AUDIO_DEVICE_ROUTE_CHANGED
12-22 18:57:23.078 10468 10468 D HeadNearEvent: Recevice audioDeviceRoute status:0
12-22 18:57:23.080  2278  2278 I [VFXEffect]: SurfaceControlViewHost#169 type[2.000000] id[0.000000] action[1.000000] status[1.000000] params[0.000000]
12-22 18:57:23.081  2278  2278 D OplusLayerSnapshotBuilder: setVFXAnimation, snapshot Type[0x0], Progress[0.000000], Center[0.000000x0.000000], StartRadius[0.000000], EndRadius[0.000000]
12-22 18:57:23.081  2278  2278 D OplusLayerSnapshotBuilder: setVFXAnimation, snapshot Type[0x0], Progress[0.000000], Center[0.000000x0.000000], StartRadius[0.000000], EndRadius[0.000000]
12-22 18:57:23.089  2278  2278 I [VFXEffect]: SurfaceControlViewHost#169 type[2.000000] id[0.000000] action[1.000000] status[1.000000] params[0.000000]
12-22 18:57:23.089  2278  2278 D OplusLayerSnapshotBuilder: setVFXAnimation, snapshot Type[0x0], Progress[0.000000], Center[0.000000x0.000000], StartRadius[0.000000], EndRadius[0.000000]
12-22 18:57:23.089  2278  2278 D OplusLayerSnapshotBuilder: setVFXAnimation, snapshot Type[0x0], Progress[0.000000], Center[0.000000x0.000000], StartRadius[0.000000], EndRadius[0.000000]
12-22 18:57:23.092  8100  8481 I metis_v2_AppSwitchStateManager: isScreenOn:true isScreenIsLock:false,deviceState:,deviceTypeName [Metis|com.oplus.metis|1.5.5-f48228a]
12-22 18:57:23.097  2278  2278 I [VFXEffect]: SurfaceControlViewHost#169 type[2.000000] id[0.000000] action[1.000000] status[1.000000] params[0.000000]
12-22 18:57:23.097  2278  2278 D OplusLayerSnapshotBuilder: setVFXAnimation, snapshot Type[0x0], Progress[0.000000], Center[0.000000x0.000000], StartRadius[0.000000], EndRadius[0.000000]
12-22 18:57:23.097  2278  2278 D OplusLayerSnapshotBuilder: setVFXAnimation, snapshot Type[0x0], Progress[0.000000], Center[0.000000x0.000000], StartRadius[0.000000], EndRadius[0.000000]
12-22 18:57:23.100  4767  5605 I SystemUi--Keyguard: OnScreenFingerprintUiMech-->Pressed Animation, end
12-22 18:57:23.100  4767  5605 I SystemUi--Keyguard: OnScreenFingerprintUiMech-->onPressedAnimEnd paddingHide=true
12-22 18:57:23.103  4767  5605 I SystemUi--Keyguard: OnScreenFingerprintUiMech-->Pressed Animation, stop
12-22 18:57:23.103  4767  5605 I SystemUi--Keyguard: OnScreenFingerprintUiMech-->onPressedAnimEnd paddingHide=true
12-22 18:57:23.104  4767  5605 I SystemUi--Keyguard: OnScreenFingerprintUiMech-->hideFingerprintIcon
12-22 18:57:23.104  4767  4767 I SystemUi--Keyguard: RmPictorialBottomViewHelper-->isFingeprintShow :false
12-22 18:57:23.104  4767  4767 I SystemUi--Keyguard: OplusBiometricAuthContr-->getFpType udfpsBottomPadding 535.5, isStatic = false
12-22 18:57:23.104  4767  4767 I SystemUi--RmPictorialBottomViewHelper: update PictorialMessageView Lp ; isFingprintShow = false isLowUdfpsFingerprintEnable = false-->null
12-22 18:57:23.105  2278  2910 E HwcComposer: getLuts failed Status(-129, EX_TRANSACTION_FAILED): 'UNKNOWN_TRANSACTION: '
12-22 18:57:23.105  2278  2278 I [VFXEffect]: SurfaceControlViewHost#169 type[2.000000] id[0.000000] action[1.000000] status[1.000000] params[0.000000]
12-22 18:57:23.105  2278  2278 D OplusLayerSnapshotBuilder: setVFXAnimation, snapshot Type[0x0], Progress[0.000000], Center[0.000000x0.000000], StartRadius[0.000000], EndRadius[0.000000]
12-22 18:57:23.106  2278  2278 D OplusLayerSnapshotBuilder: setVFXAnimation, snapshot Type[0x0], Progress[0.000000], Center[0.000000x0.000000], StartRadius[0.000000], EndRadius[0.000000]
12-22 18:57:23.107 10468 10575 D ActivityAdapter: mTaskInfoList is empty
12-22 18:57:23.107 10468 10575 D ActivityAdapter: taskChange: pre: 0, cur: 0, changed:false
12-22 18:57:23.109  4767  4767 I SystemUi--Notification: NotificationPanelNsslScaleAnimationManagerImpl-->isShow=false, animation end. curValue=1.0
12-22 18:57:23.114  2278  2278 I [VFXEffect]: SurfaceControlViewHost#169 type[2.000000] id[0.000000] action[1.000000] status[1.000000] params[0.000000]
12-22 18:57:23.114  2278  2278 D OplusLayerSnapshotBuilder: setVFXAnimation, snapshot Type[0x0], Progress[0.000000], Center[0.000000x0.000000], StartRadius[0.000000], EndRadius[0.000000]
12-22 18:57:23.114  2278  2278 D OplusLayerSnapshotBuilder: setVFXAnimation, snapshot Type[0x0], Progress[0.000000], Center[0.000000x0.000000], StartRadius[0.000000], EndRadius[0.000000]
12-22 18:57:23.122  2278  2278 I [VFXEffect]: SurfaceControlViewHost#169 type[2.000000] id[0.000000] action[1.000000] status[1.000000] params[0.000000]
12-22 18:57:23.122  2278  2278 D OplusLayerSnapshotBuilder: setVFXAnimation, snapshot Type[0x0], Progress[0.000000], Center[0.000000x0.000000], StartRadius[0.000000], EndRadius[0.000000]
12-22 18:57:23.122  2278  2278 D OplusLayerSnapshotBuilder: setVFXAnimation, snapshot Type[0x0], Progress[0.000000], Center[0.000000x0.000000], StartRadius[0.000000], EndRadius[0.000000]
12-22 18:57:23.123  4767  5605 I SystemUi--Keyguard: KeyguardRapidUnlockUtils-->setVisibilityBySurfaceControl isShow: false, view: com.oplus.systemui.biometrics.finger.udfps.OnScreenFingerprintIcon{af756b8 V.ED..... ........ 0,0-1264,1264 alpha=1.0 viewInfo = }
12-22 18:57:23.130  2278  2278 I [VFXEffect]: SurfaceControlViewHost#169 type[2.000000] id[0.000000] action[1.000000] status[1.000000] params[0.000000]
12-22 18:57:23.130  2278  2278 D OplusLayerSnapshotBuilder: setVFXAnimation, snapshot Type[0x0], Progress[0.000000], Center[0.000000x0.000000], StartRadius[0.000000], EndRadius[0.000000]
12-22 18:57:23.131  2278  2278 D OplusLayerSnapshotBuilder: setVFXAnimation, snapshot Type[0x0], Progress[0.000000], Center[0.000000x0.000000], StartRadius[0.000000], EndRadius[0.000000]
12-22 18:57:23.133  2278  2278 I OplusOutputLayer: ~OplusOutputLayer destroy OnScreenFingerprintIcon#14695
12-22 18:57:23.133  2165  6331 I DisplayPanel_Session: setDisplayPanelFeatureValue DP_FeatureId=81, display_id = 0
12-22 18:57:23.133  2165  6331 D DisplayPanelInterface: Display_ID =0, mbLTMOn=1, set 0 to 1
12-22 18:57:23.133  2165  6331 D DisplayPanelInterface: Send_LTM_Cmd = Ltm:On:Primary:Auto
12-22 18:57:23.133  2165  6331 D DisplayPanelInterface: sendDppsCommand: cmd=Ltm:On:Primary:Auto
12-22 18:57:23.134  2013  3873 I Dpps    : DppsServer::AddNewDppsClient():575 New DPPS client accepted, client fd = -1, poll idx 2
12-22 18:57:23.134  2013  3873 I Dpps    : DppsServer::HandleDppsClientEvent():1240 Incoming message on client fd 57: 'Ltm:On:Primary:Auto'
12-22 18:57:23.134  2013  4444 I Dpps    : LtmFeatureImp::GetSwConfig():997 mode_name default
12-22 18:57:23.135  2013  2384 E SDM     : DRMConnector::Perform: Connector Setting HBM_EN 68: hbm_en 0,prop_id=83
12-22 18:57:23.135  2013  4431 I CwbService: Notify CWB status: 1
12-22 18:57:23.139  2278  2278 I [VFXEffect]: SurfaceControlViewHost#169 type[2.000000] id[0.000000] action[1.000000] status[1.000000] params[0.000000]
12-22 18:57:23.139  2278  2278 D OplusLayerSnapshotBuilder: setVFXAnimation, snapshot Type[0x0], Progress[0.000000], Center[0.000000x0.000000], StartRadius[0.000000], EndRadius[0.000000]
12-22 18:57:23.139  2278  2278 D OplusLayerSnapshotBuilder: setVFXAnimation, snapshot Type[0x0], Progress[0.000000], Center[0.000000x0.000000], StartRadius[0.000000], EndRadius[0.000000]
12-22 18:57:23.142  2013  4444 W SDM     : DisplayBuiltIn::DppsProcessOps: failed to disable partial update ret 110
12-22 18:57:23.142  2013  4444 I Dpps    : DppsPartialUpdateSubject::Register():162 disable partial update timeout
12-22 18:57:23.142  3543  5062 W SensorService: SensorEventConnection sensor handle=1001, package = aidl_client_pid_2013 enable
12-22 18:57:23.142  3543  5062 E SensorService: Required app aidl_client_pid_2013, uid 1000, pid 2013
12-22 18:57:23.142  3543  5062 D SensorService: enable sensor send lastEvent 1001
12-22 18:57:23.142  3543  5062 D SensorService: Calling batch handle==1001 flags=0rate=200000000 timeout== 0
12-22 18:57:23.142  3543  5062 D FusionLightSensor: setDelay ns = 200000000
12-22 18:57:23.142  3543  5062 D SensorService: SensorDevice::batch: ident=0xb400007560268c00, handle=0x000003e9, flags=0, period_ns=200000000 timeout=0
12-22 18:57:23.142  3543  5062 D SensorService: SensorDevice::batch: ident=0xb400007560268c00, handle=0x000006a5, flags=0, period_ns=200000000 timeout=0
12-22 18:57:23.142  3543  5062 D SensorService: Calling activate on 1001
12-22 18:57:23.143  3543  5062 D FusionLightNextGen: activate light size = 3, rgb size = 1, ident = 0xb400007560268c00
12-22 18:57:23.143  3543  5062 D SensorService: SensorDevice::activate: ident=0xb400007560268c00, handle=0x000003e9, enabled=1, count=3
12-22 18:57:23.143  3543  5062 D SensorService: enable index=0
12-22 18:57:23.143  3543  5062 D SensorService: info.numActiveClients() = 3, info.isActive = 1
12-22 18:57:23.143  3543  5062 D SensorService: activateHardware = 0
12-22 18:57:23.143  3543  5062 D SensorService: SensorDevice::activate: ident=0xb400007560268c00, handle=0x000006a5, enabled=1, count=4
12-22 18:57:23.143  3543  5062 D SensorService: enable index=1
12-22 18:57:23.143  3543  5062 D SensorService: info.numActiveClients() = 4, info.isActive = 1
12-22 18:57:23.143  3543  5062 D SensorService: activateHardware = 0
12-22 18:57:23.143  2013  3873 I Dpps    : DppsServer::HandleDppsClientEvent():1222 Client connection 57 has closed
12-22 18:57:23.143  2013  3873 I Dpps    : DppsServer::RemoveServerClient():443 closed fd 57 poll_idx 2
12-22 18:57:23.143  2165  6331 D DisplayPanelInterface: Response from sendDPPSCommand: ret=Success
12-22 18:57:23.143  2278  2872 I OplusDEE: handleDEE: 0x00020001
12-22 18:57:23.147  2278  2278 I [VFXEffect]: SurfaceControlViewHost#169 type[2.000000] id[0.000000] action[1.000000] status[1.000000] params[0.000000]
12-22 18:57:23.147  2278  2278 D OplusLayerSnapshotBuilder: setVFXAnimation, snapshot Type[0x0], Progress[0.000000], Center[0.000000x0.000000], StartRadius[0.000000], EndRadius[0.000000]
12-22 18:57:23.147  2278  2278 D OplusLayerSnapshotBuilder: setVFXAnimation, snapshot Type[0x0], Progress[0.000000], Center[0.000000x0.000000], StartRadius[0.000000], EndRadius[0.000000]
12-22 18:57:23.150  3543  4357 D FusionLightNextGen: raw_lux -1.0, raw_cct -1.0, r/g/b/c: 1117.3/597.3/319.3/1931.5, R/G/B: 14.0/11.0/24.0, bri 977.0, lux: 33.410103, cct: 5300.0, ir: 0.026096, conf: 2, cnt: 0
12-22 18:57:23.150  3543  3719 D OplusBrightnessPhoneStateManager: LuxEvent{event:MAIN_LUX lux:35.0} -> LuxEvent{event:MAIN_LUX lux:35.0}
12-22 18:57:23.150  3543  3719 W OplusBrightnessAmbientAdapter[LuxQueueProcess]: screen on past time is too short, not to get trend list! checkTime = 800
12-22 18:57:23.155  2278  2278 I [VFXEffect]: SurfaceControlViewHost#169 type[2.000000] id[0.000000] action[1.000000] status[1.000000] params[0.000000]
12-22 18:57:23.155  2278  2278 D OplusLayerSnapshotBuilder: setVFXAnimation, snapshot Type[0x0], Progress[0.000000], Center[0.000000x0.000000], StartRadius[0.000000], EndRadius[0.000000]
12-22 18:57:23.155  2278  2278 D OplusLayerSnapshotBuilder: setVFXAnimation, snapshot Type[0x0], Progress[0.000000], Center[0.000000x0.000000], StartRadius[0.000000], EndRadius[0.000000]
12-22 18:57:23.159  2278  4672 E HwcComposer: getLuts failed Status(-129, EX_TRANSACTION_FAILED): 'UNKNOWN_TRANSACTION: '
12-22 18:57:23.164  2278  2278 I [VFXEffect]: SurfaceControlViewHost#169 type[2.000000] id[0.000000] action[1.000000] status[1.000000] params[0.000000]
12-22 18:57:23.164  2278  2278 D OplusLayerSnapshotBuilder: setVFXAnimation, snapshot Type[0x0], Progress[0.000000], Center[0.000000x0.000000], StartRadius[0.000000], EndRadius[0.000000]
12-22 18:57:23.164  2278  2278 D OplusLayerSnapshotBuilder: setVFXAnimation, snapshot Type[0x0], Progress[0.000000], Center[0.000000x0.000000], StartRadius[0.000000], EndRadius[0.000000]
12-22 18:57:23.168  1964  6383 I vendor.qti.bluetooth@1.0-ibs_handler: DeviceSleep: TX Awake, Sending SLEEP_IND
12-22 18:57:23.168  1964  6383 D vendor.qti.bluetooth@1.0-ibs_handler: SerialClockVote: vote for UART CLK OFF
12-22 18:57:23.170  4767  5091 D HWUI    : OplusRenderNodeAnimator end!
12-22 18:57:23.170  4767  5091 D HWUI    : OplusRenderNodeAnimator end!
12-22 18:57:23.170  4767  5091 D HWUI    : OplusRenderNodeAnimator end!
12-22 18:57:23.170  4767  4767 I SystemUi--Statusbar: CollapsedStatusBarFragmentExImpl-->animateShow onAnimationEnd v:com.oplus.systemui.statusbar.widget.EndSideContentLayout{3edfbf V.E...... ........ 0,0-322,88 #7f0a0d0d app:id/status_bar_end_side_content alpha=1.0 viewInfo = }  v alpha:1.0  v render alpha:1.0 animateAlpha=1.0
12-22 18:57:23.170  4767  4767 I SystemUi--Statusbar: CollapsedStatusBarFragmentExImpl-->animateShow onAnimationEnd v:com.android.systemui.statusbar.AlphaOptimizedFrameLayout{846cdcb V.E...... ........ 0,0-48,88 #7f0a08e0 app:id/notification_icon_area alpha=1.0 viewInfo = }  v alpha:1.0  v render alpha:1.0 animateAlpha=1.0
12-22 18:57:23.170  4767  4767 I SystemUi--Statusbar: CollapsedStatusBarFragmentExImpl-->animateShow onAnimationEnd v:com.oplus.systemui.statusbar.widget.StatClock{a859fc3 V.ED..... ........ 0,0-125,88 #7f0a02ec app:id/clock alpha=1.0 viewInfo = }  v alpha:1.0  v render alpha:1.0 animateAlpha=1.0
12-22 18:57:23.172  2278  2278 I [VFXEffect]: SurfaceControlViewHost#169 type[2.000000] id[0.000000] action[1.000000] status[1.000000] params[0.000000]
12-22 18:57:23.172  2278  2278 D OplusLayerSnapshotBuilder: setVFXAnimation, snapshot Type[0x0], Progress[0.000000], Center[0.000000x0.000000], StartRadius[0.000000], EndRadius[0.000000]
12-22 18:57:23.172  2278  2278 D OplusLayerSnapshotBuilder: setVFXAnimation, snapshot Type[0x0], Progress[0.000000], Center[0.000000x0.000000], StartRadius[0.000000], EndRadius[0.000000]
12-22 18:57:23.180  2278  2278 I [VFXEffect]: SurfaceControlViewHost#169 type[2.000000] id[0.000000] action[1.000000] status[1.000000] params[0.000000]
12-22 18:57:23.180  2278  2278 D OplusLayerSnapshotBuilder: setVFXAnimation, snapshot Type[0x0], Progress[0.000000], Center[0.000000x0.000000], StartRadius[0.000000], EndRadius[0.000000]
12-22 18:57:23.180  2278  2278 D OplusLayerSnapshotBuilder: setVFXAnimation, snapshot Type[0x0], Progress[0.000000], Center[0.000000x0.000000], StartRadius[0.000000], EndRadius[0.000000]
12-22 18:57:23.189  2278  2278 I [VFXEffect]: SurfaceControlViewHost#169 type[2.000000] id[0.000000] action[1.000000] status[1.000000] params[0.000000]
12-22 18:57:23.189  2278  2278 D OplusLayerSnapshotBuilder: setVFXAnimation, snapshot Type[0x0], Progress[0.000000], Center[0.000000x0.000000], StartRadius[0.000000], EndRadius[0.000000]
12-22 18:57:23.189  2278  2278 D OplusLayerSnapshotBuilder: setVFXAnimation, snapshot Type[0x0], Progress[0.000000], Center[0.000000x0.000000], StartRadius[0.000000], EndRadius[0.000000]
12-22 18:57:23.192  2278  2858 I VRR-[OPlusRefreshRateSelector]: resetScheduleOSync 5CC081F8 success
12-22 18:57:23.193  4767  4767 I KeyguardTransitionRepository: FINISHED transition: TransitionStep(from=LOCKSCREEN, to=GONE, value=1.0, transitionState=FINISHED, ownerName=FromLockscreenTransitionInteractor(keyguard interactor says keyguard is going away))
12-22 18:57:23.193  4767  4941 D ResourceTrimmer: Sending TRIM_MEMORY_UI_HIDDEN.
12-22 18:57:23.193  3543  5062 D FaceProvider/default: Starting watchdog for face
12-22 18:57:23.193  3543  5062 E BiometricScheduler: Current operation is null,no need to start watchdog
12-22 18:57:23.193  4767  4941 D StatusBar##isHomeStatusBarAllowed: newValue: true
12-22 18:57:23.193  4767  4767 I SystemUi--QuickSettings: OplusSeparateQSPluginImpl-->shouldHideStatusBar isFullyCollapsed true
12-22 18:57:23.193  4767  4767 I SystemUi--Statusbar: CollapsedSbFragment-->New visibilities calculated internally. StatusBarVisibilityModel(showClock: true showNotificationIcons:true showPrimaryOngoingActivityChip:false showSecondaryOngoingActivityChip:false showSystemInfo:true ) 
12-22 18:57:23.193  4767  4767 I SystemUi--Statusbar: CollapsedStatusBarFragmentExImpl-->animate: true, unlockAnimationRunning: false, fadingAway: false, keyguard: false
12-22 18:57:23.194  4767  4767 I SystemUi--Statusbar: CollapsedStatusBarFragmentExImpl-->StatusBarVisibilityModelEx: StatusBarVisibilityModelEx(showClock: true showPromptView:false showPrimaryOngoingActivityChip:false showSecondaryOngoingActivityChip:false showNotificationContainer:true showOperatorName:true showSeedlingContainer:true ), animate: true
12-22 18:57:23.194  4767  4767 I SystemUi--QuickSettings: OplusSeparateQSPluginImpl-->shouldHideStatusBar isFullyCollapsed true
12-22 18:57:23.194  4767  4767 I SystemUi--Statusbar: CollapsedStatusBarFragmentExImpl-->showClockChanged: false lastModifiedVisibility.showClock: true previousModelEx.showClock: true statusBarFragment?.clockHiddenMode(): 8 clockView?.visibility: 0
12-22 18:57:23.197  2278  2278 I [VFXEffect]: SurfaceControlViewHost#169 type[2.000000] id[0.000000] action[1.000000] status[1.000000] params[0.000000]
12-22 18:57:23.197  2278  2278 D OplusLayerSnapshotBuilder: setVFXAnimation, snapshot Type[0x0], Progress[0.000000], Center[0.000000x0.000000], StartRadius[0.000000], EndRadius[0.000000]
12-22 18:57:23.197  2278  2278 D OplusLayerSnapshotBuilder: setVFXAnimation, snapshot Type[0x0], Progress[0.000000], Center[0.000000x0.000000], StartRadius[0.000000], EndRadius[0.000000]
12-22 18:57:23.199  2013  4431 I SDM     : DisplayBuiltIn::SetQSyncMode: VRR + update qsync mode 0 minfps 00C081F8
12-22 18:57:23.200  2013  2384 E SDM     : DRMConnector::Perform: Connector 68: Setting Qsync min fps 12616184
12-22 18:57:23.200  4767  4983 I SystemUi--Keyguard: KeyguardThreadUtil-->setKgdAnimUADState type=1 enable=false lastState=1
12-22 18:57:23.200  4767  4983 I SystemUi--Keyguard: KeyguardThreadUtil-->setKgdAnimUADState done UADEnable=false finishState=0
12-22 18:57:23.204  4767  5605 I SystemUi--Keyguard: OnScreenFingerprintIcon-->setVisibility INVISIBLE ,IconAlpha = 1.0==>1.0
12-22 18:57:23.204  4767  5605 I SystemUi--Aod: OplusBlindUnlockController-->onFingerprintVisibilityChange visible:false
12-22 18:57:23.204  4767  5605 D LockPatternUtils: isBiometricAllowedForUser allowed:true isStrongBiometric:true userId:0
12-22 18:57:23.204  4767  5605 D OnScreenFingerprintIcon: hideAodIcon =0
12-22 18:57:23.205  3252  3252 I [FP_HAL][BiometricsFpSessionV3]: enter to [sendFingerprintCmd], cmdId =1018
12-22 18:57:23.205  3252  3252 I [FP_HAL][IFingerprintCore]: icon_hide_status = 0
12-22 18:57:23.205  3252  3252 I [FP_HAL][BiometricsFingerprintAidl]: case sendFingerprintCmd, cmdid:1018, bufLength:1, size 1, _aidl_return:0
12-22 18:57:23.205  2278  2278 I [VFXEffect]: SurfaceControlViewHost#169 type[2.000000] id[0.000000] action[1.000000] status[1.000000] params[0.000000]
12-22 18:57:23.205  2278  2278 I [VFXEffect]: SurfaceControlViewHost#169 type[1.000000] id[0.000000] action[1.000000] status[1.000000] params[0.000000]
12-22 18:57:23.205  2278  2278 I [VFXEffect]: SurfaceControlViewHost#169 type[1.000000] id[0.000000] action[1.000000] status[0.000000] params[0.000000]
12-22 18:57:23.205  2278  2278 I [VFXEffect]: SurfaceControlViewHost#169 type[2.000000] id[0.000000] action[1.000000] status[0.000000] params[0.000000]
12-22 18:57:23.205  2278  2278 D OplusLayerSnapshotBuilder: setVFXAnimation, snapshot Type[0x0], Progress[0.000000], Center[0.000000x0.000000], StartRadius[0.000000], EndRadius[0.000000]
12-22 18:57:23.205  2278  2278 D OplusLayerSnapshotBuilder: setVFXAnimation, snapshot Type[0x0], Progress[0.000000], Center[0.000000x0.000000], StartRadius[0.000000], EndRadius[0.000000]
12-22 18:57:23.208  4767  5605 D HWUI    : RenderProxy::destroy: this=0xb4000076b5a5da00, mContext=0xb40000756bad5b80
12-22 18:57:23.208  4767  5091 D HWUI    : SkiaVulkanPipeline::setSurface: this=0xb40000756c262e80, surface=NULL
12-22 18:57:23.209  2013  4432 I SDM     : ClstcAlgorithmAdapter::UcscToneMap():1632 Checksum for layer 4386 is: 711819
12-22 18:57:23.209  4767  5091 D BufferQueueProducer: [VRI[OnScreenFingerprintIcon]#1602(BLAST Consumer)1602](id:129f00000642,api:1,p:4767,c:4767) disconnect: api 1
12-22 18:57:23.210  3543  5062 V WindowManager: Relayout Window{8379c06 u0 OnScreenFingerprintIcon}: viewVisibility=8, oldvis=0, req=1264x1264 , apr = 0, vsysui=
12-22 18:57:23.212  2278  4672 E HwcComposer: getLuts failed Status(-129, EX_TRANSACTION_FAILED): 'UNKNOWN_TRANSACTION: '
12-22 18:57:23.215  3543  5062 I system_server: AssetManager2(0xb4000075530ef628) locale list changing from [] to [es-ES]
12-22 18:57:23.215  3543  5062 E system_server: No package ID ff found for resource ID 0xffffffff.
12-22 18:57:23.215  3543  5062 I WindowManager: Window{8379c06 u0 OnScreenFingerprintIcon} state from HAS_DRAWN to NO_SURFACE; reason: destroySurface
12-22 18:57:23.217  3543  5062 D QuickBackInputPolicy: hasMultiChildrenInTask: false
12-22 18:57:23.217  3543  5062 D WindowManager: NFW_findFocusedWindowIfNeeded:Window{4636bbf u0 com.android.launcher/com.android.launcher.Launcher} mCurrentFocus:Window{4636bbf u0 com.android.launcher/com.android.launcher.Launcher}
12-22 18:57:23.218  4767  5605 D BLASTBufferQueue: [VRI[OnScreenFingerprintIcon]#1602](f:0,a:1) destructor()
12-22 18:57:23.218  4767  5605 D BufferQueueConsumer: [VRI[OnScreenFingerprintIcon]#1602(BLAST Consumer)1602](id:129f00000642,api:0,p:-1,c:4767) disconnect
12-22 18:57:23.219  4767  5605 D HWUI    : RenderProxy::destroy: this=0xb40000751f024300, mContext=0xb40000756bb2ac80
12-22 18:57:23.219  4767  5091 D HWUI    : SkiaVulkanPipeline::setSurface: this=0xb40000769986df00, surface=NULL
12-22 18:57:23.219  4767  5091 D BufferQueueProducer: [VRI[OnScreenFingerprintPressedIcon]#1603(BLAST Consumer)1603](id:129f00000643,api:1,p:4767,c:4767) disconnect: api 1
12-22 18:57:23.221  3543  5062 V WindowManager: Relayout Window{ec4c1ea u0 OnScreenFingerprintPressedIcon}: viewVisibility=8, oldvis=0, req=195x195 , apr = 0, vsysui=
12-22 18:57:23.221  3543  5062 E system_server: No package ID ff found for resource ID 0xffffffff.
12-22 18:57:23.221  3543  5062 I WindowManager: Window{ec4c1ea u0 OnScreenFingerprintPressedIcon} state from HAS_DRAWN to NO_SURFACE; reason: destroySurface
12-22 18:57:23.222  3543  5062 D VRR [OPlusRefreshRatePolicy]: setRefreshRatePolicy policy=POLICY_FOD, refreshRate=120, statusOn=false
12-22 18:57:23.222  3543  5062 D VRR [OPlusRefreshRatePolicy]: setRefreshRatePolicy policy=POLICY_SYSTEM, refreshRate=120, statusOn=true
12-22 18:57:23.222  3543  5062 W SettingsProvider: notifyForSettingsChange delay for adfr_policy_change, value: 2868, delta: 0, lastNotifyTimestamp: 41043808, minInterval: 10
12-22 18:57:23.222  3543  5062 D QuickBackInputPolicy: hasMultiChildrenInTask: false
12-22 18:57:23.222  3543  5062 D WindowManager: NFW_findFocusedWindowIfNeeded:Window{4636bbf u0 com.android.launcher/com.android.launcher.Launcher} mCurrentFocus:Window{4636bbf u0 com.android.launcher/com.android.launcher.Launcher}
12-22 18:57:23.223  3543  3673 D DisplayManagerServiceExtImpl: scheduleTraversalLocked intraversal=false
12-22 18:57:23.223  9648 12905 I MediaSyncManager_9648_12905: SettingsContentObserver onChange onSync true
12-22 18:57:23.223  3543  3673 D DisplayManagerService: MSG_REQUEST_TRAVERSAL pendingCompleted=false
12-22 18:57:23.223  4767  5605 D BLASTBufferQueue: [VRI[OnScreenFingerprintPressedIcon]#1603](f:0,a:1) destructor()
12-22 18:57:23.223  4767  5605 D BufferQueueConsumer: [VRI[OnScreenFingerprintPressedIcon]#1603(BLAST Consumer)1603](id:129f00000643,api:0,p:-1,c:4767) disconnect
12-22 18:57:23.224  3543  3674 D DisplayManagerService: performTraversalInternal pendingTraversal
12-22 18:57:23.224  3543  3674 D DisplayDevice: setLayerStackLocked id=local:4630947008615494291 token=android.os.BinderProxy@ba6dac6 stack=0->0
12-22 18:57:23.224  3543  3721 D VRR [OPlusRefreshRateService]: handlePolicyChange policy: 1
12-22 18:57:23.224  3543  3721 D LocalDisplayAdapter: setDesiredDisplayModeSpecsAsync: display unique id = local:4630947008615494291, display mode specs = defaultMode=1 allowGroupSwitching=false primaryRanges=physical: (0.0 120.0) render:  (0.0 120.0) appRequestRanges=physical: (0.0 120.0) render:  (0.0 120.0) idleScreenRefreshRate=null
12-22 18:57:23.224  2278  2910 D VRR [RefreshRateDirector]: requestRefreshRateBySpecs insert [ 0xb4000071119f2f80, DisplayModeSpecs{defaultMode: 1, allowGroupSwitching: false, primaryRanges: RefreshRateRanges{physical: RefreshRateRange{min: 0.000000, max: 120.000000}, render: RefreshRateRange{min: 0.000000, max: 120.000000}}, appRequestRanges: RefreshRateRanges{physical: RefreshRateRange{min: 0.000000, max: 120.000000}, render: RefreshRateRange{min: 0.000000, max: 120.000000}}, idleScreenRefreshRateConfig: (null)} ]
12-22 18:57:23.224  3543  3721 D VRR [OPlusExternalRefreshRateManager]:  [OTI] handleTouchIdlePauseState: Force
12-22 18:57:23.224  2278  2871 D SurfaceFlinger: VRR [SurfaceFlinger] setDesiredDisplayModeSpecs, from process 2278, 1, 0, primaryRanges = [ 0.000000, 120.000000, 0.000000, 120.000000 ], appRequestRanges = [ 0.000000, 120.000000, 0.000000 120.000000 ]
12-22 18:57:23.233  9648 12905 I MediaSyncManager_9648_12905: SettingsContentObserver onChange onSync true
12-22 18:57:23.246  1858  1897 E NetlinkEvent: NetlinkEvent::FindParam(): Parameter 'INTERFACE' not found
12-22 18:57:23.246  1858  1897 E NetlinkEvent: NetlinkEvent::FindParam(): Parameter 'STATE' not found
12-22 18:57:23.246  1858  1897 E NetlinkEvent: NetlinkEvent::FindParam(): Parameter 'TIME_NS' not found
12-22 18:57:23.246  1858  1897 E NetlinkEvent: NetlinkEvent::FindParam(): Parameter 'UID' not found
12-22 18:57:23.265  2278  2910 E HwcComposer: getLuts failed Status(-129, EX_TRANSACTION_FAILED): 'UNKNOWN_TRANSACTION: '
12-22 18:57:23.271  1344  9153 I OmapiTransport: Session Timer expired !!
12-22 18:57:23.272  2112  2112 I android.hardware.secure_element-service.qti: closeChannel channel number: 1
12-22 18:57:23.272  2112  2112 D GPQeSE-HAL: getAtrVendorID vendorId is : 33
12-22 18:57:23.272  2112  2112 I DMABUFHEAPS: Using DMA-BUF heap named: qcom,qseecom-ta
12-22 18:57:23.284  4767  4767 D LockPatternUtils: isBiometricAllowedForUser allowed:true isStrongBiometric:true userId:0
12-22 18:57:23.300  3543  5062 E OGuardManager:  mMainHandler is null.
12-22 18:57:23.317  2278  2910 E HwcComposer: getLuts failed Status(-129, EX_TRANSACTION_FAILED): 'UNKNOWN_TRANSACTION: '
12-22 18:57:23.318  1964  5685 D vendor.qti.bluetooth@1.0-wake_lock: Release wakelock is released 
12-22 18:57:23.330  3543  3721 D VRR [OPlusSAManager]: updateAutoMinfps for 4630947008615494291 with nits: 70.325714, mHistOK true, mAmbientOK true, mCctOK true, mIrOK true, mBrightnessOK true, isPkgOK true, SA min fps: 119
12-22 18:57:23.331  2278  4672 I VRR-[OPlusRefreshRateSelector]: updateAutoMode success, display 0, mode 0, fakeframe 1, min fps: 1
12-22 18:57:23.331  2013  4432 I SDM     : DisplayBuiltIn::SetQSyncMode: VRR + update qsync mode 0 minfps 00C08181
12-22 18:57:23.339  2013  2384 E SDM     : DRMConnector::Perform: Connector 68: Setting Qsync min fps 12616065
12-22 18:57:23.344  9324  9324 D UTrace.Sdk.App: getContext empty sdk called, return null
12-22 18:57:23.344  9324  9324 I SG::EventHandleManager: [userPresentReceiver] onReceive action  = android.intent.action.USER_PRESENT [UMS|2.0.34-ac151ab]
12-22 18:57:23.345  3543  5062 E OGuardManager:  mMainHandler is null.
12-22 18:57:23.345  3543  5062 E OGuardManager:  mMainHandler is null.
12-22 18:57:23.345  8394 12093 I NearbyDiscovery: (REDACTED) FastPairHandler: Received action %s
12-22 18:57:23.345  8394 12093 I NearbyDiscovery: FastPairController: onSystemStateChanged: skip due to flag disabled [CONTEXT service_id=265 ]
12-22 18:57:23.359  3543  4357 D FusionLightNextGen: raw_lux -1.0, raw_cct -1.0, r/g/b/c: 1035.6/549.6/296.5/1768.3, R/G/B: 14.0/11.0/24.0, bri 977.0, lux: 30.586712, cct: 5300.0, ir: 0.031579, conf: 2, cnt: 0
12-22 18:57:23.359  3543  3719 D OplusBrightnessPhoneStateManager: LuxEvent{event:MAIN_LUX lux:33.0} -> LuxEvent{event:MAIN_LUX lux:33.0}
12-22 18:57:23.359  3543  6700 I AICCTModule: SensorFilter: findSecondNearestValue, sensorValue: 5300.0 nearestMaxValue:5300.0 secondNearestValue: 5300.0
12-22 18:57:23.359  3543  3719 W OplusBrightnessAmbientAdapter[LuxQueueProcess]: screen on past time is too short, not to get trend list! checkTime = 800
12-22 18:57:23.359  3543  6700 I AICCTModule: SensorFilter: findSecondNearestValue, sensorValue: 19.293158 nearestMaxValue:33.410103 secondNearestValue: 35.29236
12-22 18:57:23.360  3543  6700 I AICCTModule: AICurveModel: findPointByX x:12.68011, rightPoint:Point:(12.69, 6088.0063, 6088.0063)
12-22 18:57:23.360  3543  6700 I AICCTModule: AICurveModel: StablePoints has no dragSplineLine
12-22 18:57:23.360  3543  6700 I AICCTModule: AICurveModel: findPointByY y:5838.0, rightPoint:Point:(12.41, 5838.161, 5838.161)
12-22 18:57:23.360  3543  6700 I AICCTModule: AICurveModel: findPointByY y:5838.0, rightPoint:Point:(12.41, 5838.161, 5838.161)
12-22 18:57:23.360  3543  6700 I AICCTModule: AICurveModel: findPointByY y:5838.0, rightPoint:Point:(12.41, 5838.161, 5838.161)
12-22 18:57:23.360  3543  6700 I AICCTModule: AICurveModel: StablePoints y1Left:5838.0, y2Left:0.0, leftY:5838.0
12-22 18:57:23.360  3543  6700 I AICCTModule: AICurveModel: findPointByY y:5838.0, rightPoint:Point:(12.41, 5838.161, 5838.161)
12-22 18:57:23.360  3543  6700 I AICCTModule: AICurveModel: findPointByY y:5838.0, rightPoint:Point:(12.41, 5838.161, 5838.161)
12-22 18:57:23.360  3543  6700 I AICCTModule: AICurveModel: getNextPoint isLargeChange, 5314.409, 6088.0063
12-22 18:57:23.360  3543  6700 I AICCTModule: AICurveModel: handleUpdateCCT cct change from:(5314,409180,5838,000000)->(5314,409180,5838,000000),curPoint(5314,409180,6088,006348),stablePoint=LeftLarge(4914.01,5838.161)-RightLarge(4914.01,5838.161),LeftSmall(4914.01,5838.161)-RightSmall(4914.01,5838.161),TLSmall(4914.01,5838.161)-TRSmall(4914.01,5838.161)
12-22 18:57:23.360  3543  6700 I AICCTModule: AICurveModel: onTargetCCTChange cct change to 5838.0
12-22 18:57:23.370  2278  4672 E HwcComposer: getLuts failed Status(-129, EX_TRANSACTION_FAILED): 'UNKNOWN_TRANSACTION: '
12-22 18:57:23.374  3543  3721 D VRR [OPlusSAManager]: updateAutoMinfps for 4630947008615494291 with nits: 70.325714, mHistOK true, mAmbientOK true, mCctOK true, mIrOK true, mBrightnessOK true, isPkgOK true, SA min fps: 119
12-22 18:57:23.374  2278  4672 I VRR-[OPlusRefreshRateSelector]: updateAutoMode success, display 0, mode 0, fakeframe 1, min fps: 1
12-22 18:57:23.375  2013  4432 I SDM     : DisplayBuiltIn::SetQSyncMode: VRR + update qsync mode 0 minfps 00C08181
12-22 18:57:23.381  2013  2384 E SDM     : DRMConnector::Perform: Connector 68: Setting Qsync min fps 12616065
12-22 18:57:23.383  8394  9348 I NearbySharing: Network state changed: NetworkState(isRestricted=false, isOnline=true, isCongested=false, isMetered=false, isWifiConnected=true)
12-22 18:57:23.422  2278  2910 E HwcComposer: getLuts failed Status(-129, EX_TRANSACTION_FAILED): 'UNKNOWN_TRANSACTION: '
12-22 18:57:23.430  1974  9202 I sensors-hal: handle_sns_std_sensor_event:130, oplus_ambient_light_rear: ts=143172835846325, lux = 6, raw_adc=0, data_cnt 16232
12-22 18:57:23.459  2013  2478 I SDM     : DisplayBuiltIn::IdlePowerCollapse: IPC received, disabling partial update for one frame
12-22 18:57:23.474  2278  4672 E HwcComposer: getLuts failed Status(-129, EX_TRANSACTION_FAILED): 'UNKNOWN_TRANSACTION: '
12-22 18:57:23.494  3252  3619 E SmcInvoke_MinkDescriptor: mem obj with id :18 not found in list
12-22 18:57:23.494  3252  3703 I [talog] : [I][FP_TA][fp_ta_route_cmd]ta module:2 cmd:2204 time:68243056 cmd_len:392 extra_len:61440 buffer_len:61832
12-22 18:57:23.494  3252  3703 I [FP_HAL][FpCa]: sendCommand take time 438 ms
12-22 18:57:23.494  3252  3703 I [FP_HAL][UltraSonicCore_default]: [doQdbge] loop=0, need_check_touch=0
12-22 18:57:23.494  3252  3703 I [FP_HAL][UltraSonicCore_default]: [doQdbge] loop=0, need_retry_qdbge_for_self_cali=0
12-22 18:57:23.494  3252  3703 I [FP_HAL][FPDevice]: [controlTp] mode = 0.
12-22 18:57:23.495  2112  5435 E SmcInvoke_MinkDescriptor: mem obj with id :15 not found in list
12-22 18:57:23.495  2140  2140 D OplusTouch: path = /proc/touchpanel/fp_enable,len = 256
12-22 18:57:23.495  2140  2140 D OplusTouch: binder transfer START:flag[2]node[31]deviceId[0]str[]info[]dataLength[102400]
12-22 18:57:23.495  3220  3332 W touchDaemon: Reached BBinder::getInterfaceDescriptor (this=0xb400006f89e0d000). Override?
12-22 18:57:23.495  3220  3332 E OplusTouchDaemon: syna_touch_node_handle:Id=0, nodeFlag=31, info=, wrFlag=2, cbsize=2048, readlen=2048
12-22 18:57:23.495  3220  3332 D OplusTouchDaemon: touchBinder:NODE FINISH
12-22 18:57:23.495  2140  2140 D OplusTouch: SUPPORT SUCCESS by Binder, get data[1] len[1]
12-22 18:57:23.496  2140  2140 D OplusTouch: WRITE info len = [1] by Binder
12-22 18:57:23.496  2140  2140 D OplusTouch: path = /proc/touchpanel/fp_enable,len = 256
12-22 18:57:23.496  2140  2140 D OplusTouch: binder transfer START:flag[0]node[31]deviceId[0]str[0]info[0]dataLength[102400]
12-22 18:57:23.496  3220  3332 W touchDaemon: Reached BBinder::getInterfaceDescriptor (this=0xb400006f89e0d000). Override?
12-22 18:57:23.496  3220  3332 E OplusTouchDaemon: syna_touch_node_handle:Id=0, nodeFlag=31, info=0, wrFlag=0, cbsize=2048, readlen=2048
12-22 18:57:23.496  3220  3332 E OplusTouchDaemon: syna_touch_node_handle:FP_ENABLE_NODE set fingerprint_enabled to 0
12-22 18:57:23.496  3220  3332 I OplusTouchDaemon: ts_setWaitingtime: set shortwait 1
12-22 18:57:23.496  3220  3332 I touch-algo: [id:0] fpEnable, value:0 
12-22 18:57:23.496  3220  3220 I synaLib : tcm: STATUS: driver info: pwr_state 1, reqMode 0, lpwnEnabled 1, irqEnabled 1 
12-22 18:57:23.496  3220  3332 E OplusTouchDaemon: ts_set_fingerprint_enable: fingerprint set 0, ret=0
12-22 18:57:23.496  3220  3332 E OplusTouchDaemon: ts_set_fingerprint_enable: dcValue.val = 0
12-22 18:57:23.497  2112  2112 D android.hardware.secure_element-service.qti: TimedRetryForwarder_release:79 delete me:12970367433662725248
12-22 18:57:23.498  1344  9153 I OmapiTransport: (closeChannel) Channel closed
12-22 18:57:23.498  3220  3220 I synaLib : tcm: STATUS: Enter DOZE mode
12-22 18:57:23.499  3220  3332 I synaLib : palSensor: STATUS: palSensorSendCmd CMD = 36
12-22 18:57:23.499  3220  3332 I synaLib : palSensor: STATUS: palSensorExecuteCmd: CMD:0x24, payload length: 3
12-22 18:57:23.499  3220  3332 I synaLib : 
12-22 18:57:23.507  3220  3332 I synaLib : palSensor: STATUS: palSensorExecuteCmd: CMD:0x24, response length: 0  reponse data buffer size: 4096
12-22 18:57:23.507  3220  3332 I synaLib : 
12-22 18:57:23.507  3220  3332 I synaLib : tcm: STATUS: set dynamic config, paramVale(0x00d40000)
12-22 18:57:23.507  3220  3332 E OplusTouchDaemon: ts_set_fingerprint_enable: Successful to set 0
12-22 18:57:23.507  3220  3332 I OplusTouchDaemon: ts_setWaitingtime: set shortwait 0
12-22 18:57:23.507  3220  3220 I synaLib : palSensor: STATUS: palSensorSendCmd CMD = 10
12-22 18:57:23.507  3220  3220 I synaLib : tcm: STATUS: driver info: pwr_state 1, reqMode 0, lpwnEnabled 1, irqEnabled 1 
12-22 18:57:23.507  3220  3332 D OplusTouchDaemon: touchBinder:WRITE FINISH
12-22 18:57:23.507  2140  2140 D OplusTouch: WRITE SUCCESS! by Binder, get data len[2]
12-22 18:57:23.507  3252  3703 I [FP_HAL][FPDevice]: [accessTouchHalAidl] OplusTouch write node 31, value = 0, result:1.
12-22 18:57:23.507  3252  3703 I [FP_HAL][DUMP]: Dump is Disable
12-22 18:57:23.507  3252  3703 I [FP_HAL][FpCa]: ca module:2, cmd:2022 ca time:68243507 cmd_len:568 extra_len:61440 buffer_len:62008
12-22 18:57:23.509  3252  3703 I [talog] : [I][FP_TA][fp_ta_route_cmd]ta module:2 cmd:2022 time:68243507 cmd_len:568 extra_len:61440 buffer_len:62008
12-22 18:57:23.509  3252  3617 E SmcInvoke_MinkDescriptor: Invalid handle 18
12-22 18:57:23.509  3252  3703 I [FP_HAL][DcsReport]: event_type:105, event_reason:0
12-22 18:57:23.509  3252  3703 I [FP_HAL][UffMessageQueue]: [enqueueMessage] enqueue msg total count:1 in position:0 what:6 strwhat:FP_STOP_IMPROVE_PERF when:41044095
12-22 18:57:23.509  3252  3702 I [FP_HAL][UffMessageQueue]: [dequeueMessage] dequeue head msg what:6 strwhat:FP_STOP_IMPROVE_PERF when:41044095
12-22 18:57:23.509  3252  9444 I [FP_HAL][DcsReport]: [sendToDcsService] logTag:20120 eventId:fingerprint_special_event
12-22 18:57:23.509  3252  3702 I [FP_HAL][Perf]: enable:0, pid:3252, tid:3703, time:0
12-22 18:57:23.509  3543  8184 D CommonDcsUploader: notifyMsgToCommonDcs, logTag: 20120fingerprint_special_event
12-22 18:57:23.509  3252  3702 I [UAH_CLIENT_WRAPPER]: [UahReleaseWapper] 23604
12-22 18:57:23.509  3252  3702 I [UAH_CLIENT]: UahRelease, handle:23604
12-22 18:57:23.510  3252  3702 I [FP_HAL][Perf]: stopAction, stop osense 
12-22 18:57:23.526  2278  4672 E HwcComposer: getLuts failed Status(-129, EX_TRANSACTION_FAILED): 'UNKNOWN_TRANSACTION: '
12-22 18:57:23.564  9368  8459 W PTC.DATATRANS.BtServerListener-insecuretrack: current channelKey AcceptListenerThread is null
12-22 18:57:23.564  9368  8459 I PTC.CONN.SenselessNetworkingImpl: acceptSenselessConnection, accept job is active, return
12-22 18:57:23.565  9368  8459 I PTC.DISC.DiscCoreImpl: advertise, options=DeviceAdvOptions={plan=Plan(planType=BLE), client=DiscoveryClient(id=accept-senseless, pkg=com.heytap.accessory, pid=9368), timeoutMillis=10000}
12-22 18:57:23.565  9368  8459 I SettingImpl: export quick device toggle value is 1
